I0828 14:23:31.583711 47568820512576 make_examples_core.py:239] Task 17/20: Overhead for preparing inputs: 1 seconds
I0828 14:23:31.743498 47568820512576 make_examples_core.py:239] Task 17/20: 22 candidates (22 examples) [0.16s elapsed]
I0828 14:23:31.493463 47088547178304 make_examples_core.py:239] Task 2/20: Reading VCF to skip processing some regions without variants in the --proposed_variants VCF.
I0828 14:23:31.506305 47088547178304 genomics_reader.py:222] Reading /shared/home/sorozcoarias/coffea_genomes/Simon/Luis/variant-calling/vcf-1-2-2/intermediate_files/PEPPER_VARIANT_OUTPUT_VARIANT_CALLING_SNPs.vcf.gz with NativeVcfReader
I0828 14:23:31.535860 47088547178304 make_examples_core.py:239] Task 2/20: Filtering regions took 0.042 seconds and reduced the number of regions to process from 15442 to 0 regions containing variants from the supplied VCF of proposed variants.
I0828 14:23:31.546384 47088547178304 make_examples_core.py:239] Task 2/20: Starting from v0.9.0, --use_ref_for_cram is default to true. If you are using CRAM input, note that we will decode CRAM using the reference you passed in with --ref
2023-08-28 14:23:31.546678: I third_party/nucleus/io/sam_reader.cc:736] Setting HTS_OPT_BLOCK_SIZE to 134217728
I0828 14:23:31.580080 47088547178304 genomics_reader.py:222] Reading /shared/home/sorozcoarias/coffea_genomes/Simon/Luis/variant-calling/vcf-1-2-2/intermediate_files/PHASED.PEPPER_MARGIN.haplotagged.bam with NativeSamReader
I0828 14:23:31.698092 47088547178304 make_examples_core.py:239] Task 2/20: Writing examples to /shared/home/sorozcoarias/coffea_genomes/Simon/Luis/variant-calling/vcf-1-2-2/dv_intermediate_outputs/make_examples.tfrecord-00002-of-00020.gz
I0828 14:23:31.698257 47088547178304 make_examples_core.py:239] Task 2/20: Overhead for preparing inputs: 1 seconds
I0828 14:23:31.699643 47088547178304 make_examples_core.py:239] Task 2/20: Found 0 candidate variants
I0828 14:23:31.699705 47088547178304 make_examples_core.py:239] Task 2/20: Created 0 examples
I0828 14:23:31.479546 47180346881856 make_examples_core.py:239] Task 13/20: Reading VCF to skip processing some regions without variants in the --proposed_variants VCF.
I0828 14:23:31.488591 47180346881856 genomics_reader.py:222] Reading /shared/home/sorozcoarias/coffea_genomes/Simon/Luis/variant-calling/vcf-1-2-2/intermediate_files/PEPPER_VARIANT_OUTPUT_VARIANT_CALLING_SNPs.vcf.gz with NativeVcfReader
I0828 14:23:31.505896 47180346881856 make_examples_core.py:239] Task 13/20: Filtering regions took 0.026 seconds and reduced the number of regions to process from 15442 to 0 regions containing variants from the supplied VCF of proposed variants.
I0828 14:23:31.512325 47180346881856 make_examples_core.py:239] Task 13/20: Starting from v0.9.0, --use_ref_for_cram is default to true. If you are using CRAM input, note that we will decode CRAM using the reference you passed in with --ref
2023-08-28 14:23:31.512543: I third_party/nucleus/io/sam_reader.cc:736] Setting HTS_OPT_BLOCK_SIZE to 134217728
I0828 14:23:31.537609 47180346881856 genomics_reader.py:222] Reading /shared/home/sorozcoarias/coffea_genomes/Simon/Luis/variant-calling/vcf-1-2-2/intermediate_files/PHASED.PEPPER_MARGIN.haplotagged.bam with NativeSamReader
I0828 14:23:31.636152 47180346881856 make_examples_core.py:239] Task 13/20: Writing examples to /shared/home/sorozcoarias/coffea_genomes/Simon/Luis/variant-calling/vcf-1-2-2/dv_intermediate_outputs/make_examples.tfrecord-00013-of-00020.gz
I0828 14:23:31.636278 47180346881856 make_examples_core.py:239] Task 13/20: Overhead for preparing inputs: 1 seconds
I0828 14:23:31.638237 47180346881856 make_examples_core.py:239] Task 13/20: Found 0 candidate variants
I0828 14:23:31.638285 47180346881856 make_examples_core.py:239] Task 13/20: Created 0 examples
I0828 14:23:31.430251 47850887923520 make_examples_core.py:239] Task 16/20: Reading VCF to skip processing some regions without variants in the --proposed_variants VCF.
I0828 14:23:31.444233 47850887923520 genomics_reader.py:222] Reading /shared/home/sorozcoarias/coffea_genomes/Simon/Luis/variant-calling/vcf-1-2-2/intermediate_files/PEPPER_VARIANT_OUTPUT_VARIANT_CALLING_SNPs.vcf.gz with NativeVcfReader
I0828 14:23:31.473224 47850887923520 make_examples_core.py:239] Task 16/20: Filtering regions took 0.043 seconds and reduced the number of regions to process from 15442 to 1 regions containing variants from the supplied VCF of proposed variants.
I0828 14:23:31.484572 47850887923520 make_examples_core.py:239] Task 16/20: Starting from v0.9.0, --use_ref_for_cram is default to true. If you are using CRAM input, note that we will decode CRAM using the reference you passed in with --ref
2023-08-28 14:23:31.485295: I third_party/nucleus/io/sam_reader.cc:736] Setting HTS_OPT_BLOCK_SIZE to 134217728
I0828 14:23:31.521020 47850887923520 genomics_reader.py:222] Reading /shared/home/sorozcoarias/coffea_genomes/Simon/Luis/variant-calling/vcf-1-2-2/intermediate_files/PHASED.PEPPER_MARGIN.haplotagged.bam with NativeSamReader
I0828 14:23:31.633530 47850887923520 make_examples_core.py:239] Task 16/20: Writing examples to /shared/home/sorozcoarias/coffea_genomes/Simon/Luis/variant-calling/vcf-1-2-2/dv_intermediate_outputs/make_examples.tfrecord-00016-of-00020.gz
I0828 14:23:31.633721 47850887923520 make_examples_core.py:239] Task 16/20: Overhead for preparing inputs: 1 seconds
I0828 14:23:31.724948 47850887923520 make_examples_core.py:239] Task 16/20: 8 candidates (8 examples) [0.09s elapsed]
I0828 14:23:31.728416 47850887923520 make_examples_core.py:239] Task 16/20: Found 8 candidate variants
I0828 14:23:31.728538 47850887923520 make_examples_core.py:239] Task 16/20: Created 8 examples
I0828 14:23:31.812343 47949124396864 make_examples_core.py:239] Task 9/20: 44 candidates (44 examples) [0.11s elapsed]
I0828 14:23:31.817147 47949124396864 make_examples_core.py:239] Task 9/20: Found 44 candidate variants
I0828 14:23:31.817293 47949124396864 make_examples_core.py:239] Task 9/20: Created 44 examples
I0828 14:23:31.826091 47568820512576 make_examples_core.py:239] Task 17/20: Found 26 candidate variants
I0828 14:23:31.826279 47568820512576 make_examples_core.py:239] Task 17/20: Created 26 examples

real	0m5.538s
user	1m10.115s
sys	0m23.510s

***** Running the command:*****
time /opt/deepvariant/bin/call_variants --outfile "/shared/home/sorozcoarias/coffea_genomes/Simon/Luis/variant-calling/vcf-1-2-2/dv_intermediate_outputs/call_variants_output.tfrecord.gz" --examples "/shared/home/sorozcoarias/coffea_genomes/Simon/Luis/variant-calling/vcf-1-2-2/dv_intermediate_outputs/make_examples.tfrecord@20.gz" --checkpoint "/opt/dv_models/ont_deepvariant_vc/dv_ont_r9_guppy5_sup_vc_model_snp" --openvino_model_dir "/shared/home/sorozcoarias/coffea_genomes/Simon/Luis/variant-calling/vcf-1-2-2/dv_intermediate_outputs/"

/shared/software/modules/4.6.1/init/bash: line 37: /usr/bin/tclsh: No such file or directory
/shared/software/modules/4.6.1/init/bash: line 37: /usr/bin/tclsh: No such file or directory
I0828 14:23:34.003191 46997746722624 call_variants.py:336] Shape of input examples: [100, 221, 7]
2023-08-28 14:23:34.694687: I tensorflow/core/platform/cpu_feature_guard.cc:142] This TensorFlow binary is optimized with oneAPI Deep Neural Network Library (oneDNN) to use the following CPU instructions in performance-critical operations:  AVX2 FMA
To enable them in other operations, rebuild TensorFlow with the appropriate compiler flags.
2023-08-28 14:23:34.724772: I tensorflow/core/common_runtime/process_util.cc:146] Creating new thread pool with default inter op setting: 2. Tune using inter_op_parallelism_threads for best performance.
2023-08-28 14:23:34.750633: I tensorflow/core/platform/profile_utils/cpu_utils.cc:114] CPU Frequency: 3194015000 Hz
WARNING:tensorflow:Using temporary folder as model directory: /tmp/tmppbgiz52p
W0828 14:23:34.799366 46997746722624 estimator.py:1846] Using temporary folder as model directory: /tmp/tmppbgiz52p
INFO:tensorflow:Using config: {'_model_dir': '/tmp/tmppbgiz52p', '_tf_random_seed': None, '_save_summary_steps': 100, '_save_checkpoints_steps': None, '_save_checkpoints_secs': 600, '_session_config': , '_keep_checkpoint_max': 100000, '_keep_checkpoint_every_n_hours': 10000, '_log_step_count_steps': 100, '_train_distribute': None, '_device_fn': None, '_protocol': None, '_eval_distribute': None, '_experimental_distribute': None, '_experimental_max_worker_delay_secs': None, '_session_creation_timeout_secs': 7200, '_checkpoint_save_graph_def': True, '_service': None, '_cluster_spec': ClusterSpec({}), '_task_type': 'worker', '_task_id': 0, '_global_id_in_cluster': 0, '_master': '', '_evaluation_master': '', '_is_chief': True, '_num_ps_replicas': 0, '_num_worker_replicas': 1}
I0828 14:23:34.799601 46997746722624 estimator.py:191] Using config: {'_model_dir': '/tmp/tmppbgiz52p', '_tf_random_seed': None, '_save_summary_steps': 100, '_save_checkpoints_steps': None, '_save_checkpoints_secs': 600, '_session_config': , '_keep_checkpoint_max': 100000, '_keep_checkpoint_every_n_hours': 10000, '_log_step_count_steps': 100, '_train_distribute': None, '_device_fn': None, '_protocol': None, '_eval_distribute': None, '_experimental_distribute': None, '_experimental_max_worker_delay_secs': None, '_session_creation_timeout_secs': 7200, '_checkpoint_save_graph_def': True, '_service': None, '_cluster_spec': ClusterSpec({}), '_task_type': 'worker', '_task_id': 0, '_global_id_in_cluster': 0, '_master': '', '_evaluation_master': '', '_is_chief': True, '_num_ps_replicas': 0, '_num_worker_replicas': 1}
I0828 14:23:34.799751 46997746722624 call_variants.py:426] Writing calls to /shared/home/sorozcoarias/coffea_genomes/Simon/Luis/variant-calling/vcf-1-2-2/dv_intermediate_outputs/call_variants_output.tfrecord.gz
INFO:tensorflow:Calling model_fn.
I0828 14:23:35.004492 46997746722624 estimator.py:1162] Calling model_fn.
/usr/local/lib/python3.8/dist-packages/tensorflow/python/keras/engine/base_layer_v1.py:1692: UserWarning: `layer.apply` is deprecated and will be removed in a future version. Please use `layer.__call__` method instead.
  warnings.warn('`layer.apply` is deprecated and '
INFO:tensorflow:Done calling model_fn.
I0828 14:23:37.279071 46997746722624 estimator.py:1164] Done calling model_fn.
INFO:tensorflow:Graph was finalized.
I0828 14:23:37.743878 46997746722624 monitored_session.py:247] Graph was finalized.
INFO:tensorflow:Restoring parameters from /opt/dv_models/ont_deepvariant_vc/dv_ont_r9_guppy5_sup_vc_model_snp
I0828 14:23:37.744276 46997746722624 saver.py:1298] Restoring parameters from /opt/dv_models/ont_deepvariant_vc/dv_ont_r9_guppy5_sup_vc_model_snp
INFO:tensorflow:Running local_init_op.
I0828 14:23:40.087586 46997746722624 session_manager.py:531] Running local_init_op.
INFO:tensorflow:Done running local_init_op.
I0828 14:23:40.103742 46997746722624 session_manager.py:534] Done running local_init_op.
2023-08-28 14:23:40.290259: I tensorflow/compiler/mlir/mlir_graph_optimization_pass.cc:176] None of the MLIR Optimization Passes are enabled (registered 2)
INFO:tensorflow:Reloading EMA...
I0828 14:23:40.318117 46997746722624 modeling.py:416] Reloading EMA...
INFO:tensorflow:Restoring parameters from /opt/dv_models/ont_deepvariant_vc/dv_ont_r9_guppy5_sup_vc_model_snp
I0828 14:23:40.318349 46997746722624 saver.py:1298] Restoring parameters from /opt/dv_models/ont_deepvariant_vc/dv_ont_r9_guppy5_sup_vc_model_snp
I0828 14:23:42.086117 46997746722624 call_variants.py:442] Processed 1 examples in 1 batches [728.562 sec per 100]
I0828 14:23:42.158445 46997746722624 call_variants.py:448] Processed 212 examples in 1 batches [3.442 sec per 100]
I0828 14:23:42.158571 46997746722624 call_variants.py:451] Done calling variants from a total of 212 examples.

real	0m10.301s
user	0m12.775s
sys	0m2.986s

***** Running the command:*****
time /opt/deepvariant/bin/postprocess_variants --ref "GRCh38.fa" --infile "/shared/home/sorozcoarias/coffea_genomes/Simon/Luis/variant-calling/vcf-1-2-2/dv_intermediate_outputs/call_variants_output.tfrecord.gz" --outfile "/shared/home/sorozcoarias/coffea_genomes/Simon/Luis/variant-calling/vcf-1-2-2/intermediate_files/DEEPVARIANT_OUTPUT_SNP.vcf.gz" --sample_name "Sample" --use_multiallelic_model

/shared/software/modules/4.6.1/init/bash: line 37: /usr/bin/tclsh: No such file or directory
/shared/software/modules/4.6.1/init/bash: line 37: /usr/bin/tclsh: No such file or directory
I0828 14:23:44.162233 47936510416704 postprocess_variants.py:1115] Using sample name from call_variants output. Sample name: Sample
I0828 14:23:44.162446 47936510416704 postprocess_variants.py:1118] --sample_name is set but was not used.
2023-08-28 14:23:44.166380: I deepvariant/postprocess_variants.cc:88] Read from: /shared/home/sorozcoarias/coffea_genomes/Simon/Luis/variant-calling/vcf-1-2-2/dv_intermediate_outputs/call_variants_output.tfrecord.gz
2023-08-28 14:23:44.167284: I deepvariant/postprocess_variants.cc:103] Total #entries in single_site_calls = 212
I0828 14:23:44.168382 47936510416704 postprocess_variants.py:1180] CVO sorting took 8.574326833089193e-05 minutes
I0828 14:23:44.168475 47936510416704 postprocess_variants.py:1183] Transforming call_variants_output to variants.
I0828 14:23:44.169551 47936510416704 postprocess_variants.py:1204] Writing variants to VCF.
I0828 14:23:44.169590 47936510416704 postprocess_variants.py:774] Writing output to VCF file: /shared/home/sorozcoarias/coffea_genomes/Simon/Luis/variant-calling/vcf-1-2-2/intermediate_files/DEEPVARIANT_OUTPUT_SNP.vcf.gz
I0828 14:23:44.175356 47936510416704 genomics_writer.py:175] Writing /shared/home/sorozcoarias/coffea_genomes/Simon/Luis/variant-calling/vcf-1-2-2/intermediate_files/DEEPVARIANT_OUTPUT_SNP.vcf.gz with NativeVcfWriter
WARNING:tensorflow:SavedModel saved prior to TF 2.5 detected when loading Keras model. Please ensure that you are saving the model with model.save() or tf.keras.models.save_model(), *NOT* tf.saved_model.save(). To confirm, there should be a file named "keras_metadata.pb" in the SavedModel directory.
W0828 14:23:44.176924 47936510416704 load.py:133] SavedModel saved prior to TF 2.5 detected when loading Keras model. Please ensure that you are saving the model with model.save() or tf.keras.models.save_model(), *NOT* tf.saved_model.save(). To confirm, there should be a file named "keras_metadata.pb" in the SavedModel directory.
2023-08-28 14:23:44.180010: I tensorflow/core/platform/cpu_feature_guard.cc:142] This TensorFlow binary is optimized with oneAPI Deep Neural Network Library (oneDNN) to use the following CPU instructions in performance-critical operations:  AVX2 FMA
To enable them in other operations, rebuild TensorFlow with the appropriate compiler flags.
2023-08-28 14:23:44.181188: I tensorflow/core/common_runtime/process_util.cc:146] Creating new thread pool with default inter op setting: 2. Tune using inter_op_parallelism_threads for best performance.
I0828 14:23:44.416837 47936510416704 postprocess_variants.py:783] 1 variants written.
I0828 14:23:44.460720 47936510416704 postprocess_variants.py:1211] VCF creation took 0.004852767785390218 minutes
I0828 14:23:44.467011 47936510416704 genomics_reader.py:222] Reading /shared/home/sorozcoarias/coffea_genomes/Simon/Luis/variant-calling/vcf-1-2-2/intermediate_files/DEEPVARIANT_OUTPUT_SNP.vcf.gz with NativeVcfReader

real	0m2.411s
user	0m2.068s
sys	0m1.549s
/shared/software/modules/4.6.1/init/bash: line 37: /usr/bin/tclsh: No such file or directory
I0828 14:23:45.945860 47063588128576 run_deepvariant.py:345] Re-using the directory for intermediate results in /shared/home/sorozcoarias/coffea_genomes/Simon/Luis/variant-calling/vcf-1-2-2/dv_intermediate_outputs/
I0828 14:23:45.946398 47063588128576 run_deepvariant.py:362] You set --customized_model. Instead of using the default model for WGS, `call_variants` step will load /opt/dv_models/ont_deepvariant_vc/dv_ont_r9_guppy5_sup_vc_model_indel* instead.

***** Intermediate results will be written to /shared/home/sorozcoarias/coffea_genomes/Simon/Luis/variant-calling/vcf-1-2-2/dv_intermediate_outputs/ in docker. ****


***** Running the command:*****
time seq 0 19 | parallel -q --halt 2 --line-buffer /opt/deepvariant/bin/make_examples --mode calling --ref "GRCh38.fa" --reads "/shared/home/sorozcoarias/coffea_genomes/Simon/Luis/variant-calling/vcf-1-2-2/intermediate_files/PHASED.PEPPER_MARGIN.haplotagged.bam" --examples "/shared/home/sorozcoarias/coffea_genomes/Simon/Luis/variant-calling/vcf-1-2-2/dv_intermediate_outputs/make_examples.tfrecord@20.gz" --add_hp_channel --alt_aligned_pileup "rows" --min_base_quality "1" --min_mapping_quality "5" --parse_sam_aux_fields --partition_size "10000" --proposed_variants "/shared/home/sorozcoarias/coffea_genomes/Simon/Luis/variant-calling/vcf-1-2-2/intermediate_files/PEPPER_VARIANT_OUTPUT_VARIANT_CALLING_INDEL.vcf.gz" --norealign_reads --sample_name "Sample" --sort_by_haplotypes --variant_caller "vcf_candidate_importer" --task {}

/shared/software/modules/4.6.1/init/bash: line 37: /usr/bin/tclsh: No such file or directory
perl: warning: Setting locale failed.
perl: warning: Please check that your locale settings:
	LANGUAGE = (unset),
	LC_ALL = (unset),
	LC_ADDRESS = "es_CO.UTF-8",
	LC_NAME = "es_CO.UTF-8",
	LC_MONETARY = "es_CO.UTF-8",
	LC_PAPER = "es_CO.UTF-8",
	LC_IDENTIFICATION = "es_CO.UTF-8",
	LC_TELEPHONE = "es_CO.UTF-8",
	LC_MEASUREMENT = "es_CO.UTF-8",
	LC_TIME = "es_CO.UTF-8",
	LC_NUMERIC = "es_CO.UTF-8",
	LANG = "en_US.UTF-8"
    are supported and installed on your system.
perl: warning: Falling back to the standard locale ("C").
perl: warning: Setting locale failed.
perl: warning: Please check that your locale settings:
	LANGUAGE = (unset),
	LC_ALL = (unset),
	LC_TIME = "es_CO.UTF-8",
	LC_MONETARY = "es_CO.UTF-8",
	LC_ADDRESS = "es_CO.UTF-8",
	LC_TELEPHONE = "es_CO.UTF-8",
	LC_NAME = "es_CO.UTF-8",
	LC_MEASUREMENT = "es_CO.UTF-8",
	LC_IDENTIFICATION = "es_CO.UTF-8",
	LC_NUMERIC = "es_CO.UTF-8",
	LC_PAPER = "es_CO.UTF-8",
	LANG = "en_US.UTF-8"
    are supported and installed on your system.
perl: warning: Falling back to the standard locale ("C").
/shared/software/modules/4.6.1/init/bash: line 37: /usr/bin/tclsh: No such file or directory
/shared/software/modules/4.6.1/init/bash: line 37: /usr/bin/tclsh: No such file or directory
/shared/software/modules/4.6.1/init/bash: line 37: /usr/bin/tclsh: No such file or directory
/shared/software/modules/4.6.1/init/bash: line 37: /usr/bin/tclsh: No such file or directory
/shared/software/modules/4.6.1/init/bash: line 37: /usr/bin/tclsh: No such file or directory
/shared/software/modules/4.6.1/init/bash: line 37: /usr/bin/tclsh: No such file or directory
/shared/software/modules/4.6.1/init/bash: line 37: /usr/bin/tclsh: No such file or directory
/shared/software/modules/4.6.1/init/bash: line 37: /usr/bin/tclsh: No such file or directory
/shared/software/modules/4.6.1/init/bash: line 37: /usr/bin/tclsh: No such file or directory
/shared/software/modules/4.6.1/init/bash: line 37: /usr/bin/tclsh: No such file or directory
/shared/software/modules/4.6.1/init/bash: line 37: /usr/bin/tclsh: No such file or directory
/shared/software/modules/4.6.1/init/bash: line 37: /usr/bin/tclsh: No such file or directory
/shared/software/modules/4.6.1/init/bash: line 37: /usr/bin/tclsh: No such file or directory
/shared/software/modules/4.6.1/init/bash: line 37: /usr/bin/tclsh: No such file or directory
/shared/software/modules/4.6.1/init/bash: line 37: /usr/bin/tclsh: No such file or directory
/shared/software/modules/4.6.1/init/bash: line 37: /usr/bin/tclsh: No such file or directory
/shared/software/modules/4.6.1/init/bash: line 37: /usr/bin/tclsh: No such file or directory
/shared/software/modules/4.6.1/init/bash: line 37: /usr/bin/tclsh: No such file or directory
/shared/software/modules/4.6.1/init/bash: line 37: /usr/bin/tclsh: No such file or directory
/shared/software/modules/4.6.1/init/bash: line 37: /usr/bin/tclsh: No such file or directory
/shared/software/modules/4.6.1/init/bash: line 37: /usr/bin/tclsh: No such file or directory
/shared/software/modules/4.6.1/init/bash: line 37: /usr/bin/tclsh: No such file or directory
/shared/software/modules/4.6.1/init/bash: line 37: /usr/bin/tclsh: No such file or directory
/shared/software/modules/4.6.1/init/bash: line 37: /usr/bin/tclsh: No such file or directory
/shared/software/modules/4.6.1/init/bash: line 37: /usr/bin/tclsh: No such file or directory
/shared/software/modules/4.6.1/init/bash: line 37: /usr/bin/tclsh: No such file or directory
/shared/software/modules/4.6.1/init/bash: line 37: /usr/bin/tclsh: No such file or directory
/shared/software/modules/4.6.1/init/bash: line 37: /usr/bin/tclsh: No such file or directory
/shared/software/modules/4.6.1/init/bash: line 37: /usr/bin/tclsh: No such file or directory
/shared/software/modules/4.6.1/init/bash: line 37: /usr/bin/tclsh: No such file or directory
/shared/software/modules/4.6.1/init/bash: line 37: /usr/bin/tclsh: No such file or directory
/shared/software/modules/4.6.1/init/bash: line 37: /usr/bin/tclsh: No such file or directory
/shared/software/modules/4.6.1/init/bash: line 37: /usr/bin/tclsh: No such file or directory
/shared/software/modules/4.6.1/init/bash: line 37: /usr/bin/tclsh: No such file or directory
/shared/software/modules/4.6.1/init/bash: line 37: /usr/bin/tclsh: No such file or directory
/shared/software/modules/4.6.1/init/bash: line 37: /usr/bin/tclsh: No such file or directory
/shared/software/modules/4.6.1/init/bash: line 37: /usr/bin/tclsh: No such file or directory
/shared/software/modules/4.6.1/init/bash: line 37: /usr/bin/tclsh: No such file or directory
/shared/software/modules/4.6.1/init/bash: line 37: /usr/bin/tclsh: No such file or directory
/shared/software/modules/4.6.1/init/bash: line 37: /usr/bin/tclsh: No such file or directory
I0828 14:23:48.543282 47966297683776 make_examples_core.py:239] Task 1/20: Preparing inputs
I0828 14:23:48.579400 47966297683776 genomics_reader.py:222] Reading /shared/home/sorozcoarias/coffea_genomes/Simon/Luis/variant-calling/vcf-1-2-2/intermediate_files/PHASED.PEPPER_MARGIN.haplotagged.bam with NativeSamReader
I0828 14:23:48.714293 47884738881344 make_examples_core.py:239] Task 0/20: Preparing inputs
I0828 14:23:48.745632 47884738881344 genomics_reader.py:222] Reading /shared/home/sorozcoarias/coffea_genomes/Simon/Luis/variant-calling/vcf-1-2-2/intermediate_files/PHASED.PEPPER_MARGIN.haplotagged.bam with NativeSamReader
I0828 14:23:48.983800 47688072984384 make_examples_core.py:239] Task 8/20: Preparing inputs
I0828 14:23:49.000374 47688072984384 genomics_reader.py:222] Reading /shared/home/sorozcoarias/coffea_genomes/Simon/Luis/variant-calling/vcf-1-2-2/intermediate_files/PHASED.PEPPER_MARGIN.haplotagged.bam with NativeSamReader
I0828 14:23:48.918785 47902986929984 make_examples_core.py:239] Task 6/20: Preparing inputs
I0828 14:23:48.935108 47902986929984 genomics_reader.py:222] Reading /shared/home/sorozcoarias/coffea_genomes/Simon/Luis/variant-calling/vcf-1-2-2/intermediate_files/PHASED.PEPPER_MARGIN.haplotagged.bam with NativeSamReader
I0828 14:23:48.960921 47678407702336 make_examples_core.py:239] Task 13/20: Preparing inputs
I0828 14:23:48.978271 47678407702336 genomics_reader.py:222] Reading /shared/home/sorozcoarias/coffea_genomes/Simon/Luis/variant-calling/vcf-1-2-2/intermediate_files/PHASED.PEPPER_MARGIN.haplotagged.bam with NativeSamReader
I0828 14:23:48.847485 47583911913280 make_examples_core.py:239] Task 11/20: Preparing inputs
I0828 14:23:48.865401 47583911913280 genomics_reader.py:222] Reading /shared/home/sorozcoarias/coffea_genomes/Simon/Luis/variant-calling/vcf-1-2-2/intermediate_files/PHASED.PEPPER_MARGIN.haplotagged.bam with NativeSamReader
I0828 14:23:48.912672 47042450437952 make_examples_core.py:239] Task 4/20: Preparing inputs
I0828 14:23:48.929435 47042450437952 genomics_reader.py:222] Reading /shared/home/sorozcoarias/coffea_genomes/Simon/Luis/variant-calling/vcf-1-2-2/intermediate_files/PHASED.PEPPER_MARGIN.haplotagged.bam with NativeSamReader
I0828 14:23:48.848780 47023998760768 make_examples_core.py:239] Task 2/20: Preparing inputs
I0828 14:23:48.861588 47023998760768 genomics_reader.py:222] Reading /shared/home/sorozcoarias/coffea_genomes/Simon/Luis/variant-calling/vcf-1-2-2/intermediate_files/PHASED.PEPPER_MARGIN.haplotagged.bam with NativeSamReader
I0828 14:23:48.917221 47636383831872 make_examples_core.py:239] Task 10/20: Preparing inputs
I0828 14:23:48.927426 47636383831872 genomics_reader.py:222] Reading /shared/home/sorozcoarias/coffea_genomes/Simon/Luis/variant-calling/vcf-1-2-2/intermediate_files/PHASED.PEPPER_MARGIN.haplotagged.bam with NativeSamReader
I0828 14:23:48.987978 47128110360384 make_examples_core.py:239] Task 9/20: Preparing inputs
I0828 14:23:49.004494 47128110360384 genomics_reader.py:222] Reading /shared/home/sorozcoarias/coffea_genomes/Simon/Luis/variant-calling/vcf-1-2-2/intermediate_files/PHASED.PEPPER_MARGIN.haplotagged.bam with NativeSamReader
I0828 14:23:48.934391 47667940529984 make_examples_core.py:239] Task 19/20: Preparing inputs
I0828 14:23:48.949930 47667940529984 genomics_reader.py:222] Reading /shared/home/sorozcoarias/coffea_genomes/Simon/Luis/variant-calling/vcf-1-2-2/intermediate_files/PHASED.PEPPER_MARGIN.haplotagged.bam with NativeSamReader
I0828 14:23:48.996663 47958839461696 make_examples_core.py:239] Task 14/20: Preparing inputs
I0828 14:23:48.873144 47028655863616 make_examples_core.py:239] Task 17/20: Preparing inputs
I0828 14:23:48.885796 47028655863616 genomics_reader.py:222] Reading /shared/home/sorozcoarias/coffea_genomes/Simon/Luis/variant-calling/vcf-1-2-2/intermediate_files/PHASED.PEPPER_MARGIN.haplotagged.bam with NativeSamReader
I0828 14:23:48.908097 47595361941312 make_examples_core.py:239] Task 18/20: Preparing inputs
I0828 14:23:48.924574 47595361941312 genomics_reader.py:222] Reading /shared/home/sorozcoarias/coffea_genomes/Simon/Luis/variant-calling/vcf-1-2-2/intermediate_files/PHASED.PEPPER_MARGIN.haplotagged.bam with NativeSamReader
I0828 14:23:48.929005 47647549679424 make_examples_core.py:239] Task 16/20: Preparing inputs
I0828 14:23:48.945999 47647549679424 genomics_reader.py:222] Reading /shared/home/sorozcoarias/coffea_genomes/Simon/Luis/variant-calling/vcf-1-2-2/intermediate_files/PHASED.PEPPER_MARGIN.haplotagged.bam with NativeSamReader
I0828 14:23:48.876416 47218666489664 make_examples_core.py:239] Task 5/20: Preparing inputs
I0828 14:23:48.885994 47218666489664 genomics_reader.py:222] Reading /shared/home/sorozcoarias/coffea_genomes/Simon/Luis/variant-calling/vcf-1-2-2/intermediate_files/PHASED.PEPPER_MARGIN.haplotagged.bam with NativeSamReader
I0828 14:23:48.940631 47166452762432 make_examples_core.py:239] Task 3/20: Preparing inputs
I0828 14:23:48.963161 47166452762432 genomics_reader.py:222] Reading /shared/home/sorozcoarias/coffea_genomes/Simon/Luis/variant-calling/vcf-1-2-2/intermediate_files/PHASED.PEPPER_MARGIN.haplotagged.bam with NativeSamReader
I0828 14:23:48.938704 47791987042112 make_examples_core.py:239] Task 7/20: Preparing inputs
I0828 14:23:48.956311 47791987042112 genomics_reader.py:222] Reading /shared/home/sorozcoarias/coffea_genomes/Simon/Luis/variant-calling/vcf-1-2-2/intermediate_files/PHASED.PEPPER_MARGIN.haplotagged.bam with NativeSamReader
I0828 14:23:48.900847 47559069607744 make_examples_core.py:239] Task 12/20: Preparing inputs
I0828 14:23:48.921163 47559069607744 genomics_reader.py:222] Reading /shared/home/sorozcoarias/coffea_genomes/Simon/Luis/variant-calling/vcf-1-2-2/intermediate_files/PHASED.PEPPER_MARGIN.haplotagged.bam with NativeSamReader
I0828 14:23:49.235013 47636383831872 make_examples_core.py:239] Task 10/20: Common contigs are ['chr1', 'chr2', 'chr3', 'chr4', 'chr5', 'chr6', 'chr7', 'chr8', 'chr9', 'chr10', 'chr11', 'chr12', 'chr13', 'chr14', 'chr15', 'chr16', 'chr17', 'chr18', 'chr19', 'chr20', 'chr21', 'chr22', 'chrX', 'chrY', 'chrM']
I0828 14:23:49.162922 47966297683776 make_examples_core.py:239] Task 1/20: Common contigs are ['chr1', 'chr2', 'chr3', 'chr4', 'chr5', 'chr6', 'chr7', 'chr8', 'chr9', 'chr10', 'chr11', 'chr12', 'chr13', 'chr14', 'chr15', 'chr16', 'chr17', 'chr18', 'chr19', 'chr20', 'chr21', 'chr22', 'chrX', 'chrY', 'chrM']
I0828 14:23:49.013491 47958839461696 genomics_reader.py:222] Reading /shared/home/sorozcoarias/coffea_genomes/Simon/Luis/variant-calling/vcf-1-2-2/intermediate_files/PHASED.PEPPER_MARGIN.haplotagged.bam with NativeSamReader
I0828 14:23:49.024595 47811140855616 make_examples_core.py:239] Task 15/20: Preparing inputs
I0828 14:23:49.041496 47811140855616 genomics_reader.py:222] Reading /shared/home/sorozcoarias/coffea_genomes/Simon/Luis/variant-calling/vcf-1-2-2/intermediate_files/PHASED.PEPPER_MARGIN.haplotagged.bam with NativeSamReader
I0828 14:23:49.118212 47218666489664 make_examples_core.py:239] Task 5/20: Common contigs are ['chr1', 'chr2', 'chr3', 'chr4', 'chr5', 'chr6', 'chr7', 'chr8', 'chr9', 'chr10', 'chr11', 'chr12', 'chr13', 'chr14', 'chr15', 'chr16', 'chr17', 'chr18', 'chr19', 'chr20', 'chr21', 'chr22', 'chrX', 'chrY', 'chrM']
I0828 14:23:49.455931 47688072984384 make_examples_core.py:239] Task 8/20: Common contigs are ['chr1', 'chr2', 'chr3', 'chr4', 'chr5', 'chr6', 'chr7', 'chr8', 'chr9', 'chr10', 'chr11', 'chr12', 'chr13', 'chr14', 'chr15', 'chr16', 'chr17', 'chr18', 'chr19', 'chr20', 'chr21', 'chr22', 'chrX', 'chrY', 'chrM']
I0828 14:23:49.406586 47902986929984 make_examples_core.py:239] Task 6/20: Common contigs are ['chr1', 'chr2', 'chr3', 'chr4', 'chr5', 'chr6', 'chr7', 'chr8', 'chr9', 'chr10', 'chr11', 'chr12', 'chr13', 'chr14', 'chr15', 'chr16', 'chr17', 'chr18', 'chr19', 'chr20', 'chr21', 'chr22', 'chrX', 'chrY', 'chrM']
I0828 14:23:49.451273 47678407702336 make_examples_core.py:239] Task 13/20: Common contigs are ['chr1', 'chr2', 'chr3', 'chr4', 'chr5', 'chr6', 'chr7', 'chr8', 'chr9', 'chr10', 'chr11', 'chr12', 'chr13', 'chr14', 'chr15', 'chr16', 'chr17', 'chr18', 'chr19', 'chr20', 'chr21', 'chr22', 'chrX', 'chrY', 'chrM']
I0828 14:23:49.366666 47583911913280 make_examples_core.py:239] Task 11/20: Common contigs are ['chr1', 'chr2', 'chr3', 'chr4', 'chr5', 'chr6', 'chr7', 'chr8', 'chr9', 'chr10', 'chr11', 'chr12', 'chr13', 'chr14', 'chr15', 'chr16', 'chr17', 'chr18', 'chr19', 'chr20', 'chr21', 'chr22', 'chrX', 'chrY', 'chrM']
I0828 14:23:49.431911 47042450437952 make_examples_core.py:239] Task 4/20: Common contigs are ['chr1', 'chr2', 'chr3', 'chr4', 'chr5', 'chr6', 'chr7', 'chr8', 'chr9', 'chr10', 'chr11', 'chr12', 'chr13', 'chr14', 'chr15', 'chr16', 'chr17', 'chr18', 'chr19', 'chr20', 'chr21', 'chr22', 'chrX', 'chrY', 'chrM']
I0828 14:23:49.318668 47023998760768 make_examples_core.py:239] Task 2/20: Common contigs are ['chr1', 'chr2', 'chr3', 'chr4', 'chr5', 'chr6', 'chr7', 'chr8', 'chr9', 'chr10', 'chr11', 'chr12', 'chr13', 'chr14', 'chr15', 'chr16', 'chr17', 'chr18', 'chr19', 'chr20', 'chr21', 'chr22', 'chrX', 'chrY', 'chrM']
I0828 14:23:49.462110 47128110360384 make_examples_core.py:239] Task 9/20: Common contigs are ['chr1', 'chr2', 'chr3', 'chr4', 'chr5', 'chr6', 'chr7', 'chr8', 'chr9', 'chr10', 'chr11', 'chr12', 'chr13', 'chr14', 'chr15', 'chr16', 'chr17', 'chr18', 'chr19', 'chr20', 'chr21', 'chr22', 'chrX', 'chrY', 'chrM']
I0828 14:23:49.444323 47667940529984 make_examples_core.py:239] Task 19/20: Common contigs are ['chr1', 'chr2', 'chr3', 'chr4', 'chr5', 'chr6', 'chr7', 'chr8', 'chr9', 'chr10', 'chr11', 'chr12', 'chr13', 'chr14', 'chr15', 'chr16', 'chr17', 'chr18', 'chr19', 'chr20', 'chr21', 'chr22', 'chrX', 'chrY', 'chrM']
I0828 14:23:49.414087 47958839461696 make_examples_core.py:239] Task 14/20: Common contigs are ['chr1', 'chr2', 'chr3', 'chr4', 'chr5', 'chr6', 'chr7', 'chr8', 'chr9', 'chr10', 'chr11', 'chr12', 'chr13', 'chr14', 'chr15', 'chr16', 'chr17', 'chr18', 'chr19', 'chr20', 'chr21', 'chr22', 'chrX', 'chrY', 'chrM']
I0828 14:23:49.314981 47028655863616 make_examples_core.py:239] Task 17/20: Common contigs are ['chr1', 'chr2', 'chr3', 'chr4', 'chr5', 'chr6', 'chr7', 'chr8', 'chr9', 'chr10', 'chr11', 'chr12', 'chr13', 'chr14', 'chr15', 'chr16', 'chr17', 'chr18', 'chr19', 'chr20', 'chr21', 'chr22', 'chrX', 'chrY', 'chrM']
I0828 14:23:49.257409 47884738881344 make_examples_core.py:239] Task 0/20: Common contigs are ['chr1', 'chr2', 'chr3', 'chr4', 'chr5', 'chr6', 'chr7', 'chr8', 'chr9', 'chr10', 'chr11', 'chr12', 'chr13', 'chr14', 'chr15', 'chr16', 'chr17', 'chr18', 'chr19', 'chr20', 'chr21', 'chr22', 'chrX', 'chrY', 'chrM']
I0828 14:23:49.364008 47595361941312 make_examples_core.py:239] Task 18/20: Common contigs are ['chr1', 'chr2', 'chr3', 'chr4', 'chr5', 'chr6', 'chr7', 'chr8', 'chr9', 'chr10', 'chr11', 'chr12', 'chr13', 'chr14', 'chr15', 'chr16', 'chr17', 'chr18', 'chr19', 'chr20', 'chr21', 'chr22', 'chrX', 'chrY', 'chrM']
I0828 14:23:49.429856 47647549679424 make_examples_core.py:239] Task 16/20: Common contigs are ['chr1', 'chr2', 'chr3', 'chr4', 'chr5', 'chr6', 'chr7', 'chr8', 'chr9', 'chr10', 'chr11', 'chr12', 'chr13', 'chr14', 'chr15', 'chr16', 'chr17', 'chr18', 'chr19', 'chr20', 'chr21', 'chr22', 'chrX', 'chrY', 'chrM']
I0828 14:23:49.485647 47166452762432 make_examples_core.py:239] Task 3/20: Common contigs are ['chr1', 'chr2', 'chr3', 'chr4', 'chr5', 'chr6', 'chr7', 'chr8', 'chr9', 'chr10', 'chr11', 'chr12', 'chr13', 'chr14', 'chr15', 'chr16', 'chr17', 'chr18', 'chr19', 'chr20', 'chr21', 'chr22', 'chrX', 'chrY', 'chrM']
I0828 14:23:49.398955 47791987042112 make_examples_core.py:239] Task 7/20: Common contigs are ['chr1', 'chr2', 'chr3', 'chr4', 'chr5', 'chr6', 'chr7', 'chr8', 'chr9', 'chr10', 'chr11', 'chr12', 'chr13', 'chr14', 'chr15', 'chr16', 'chr17', 'chr18', 'chr19', 'chr20', 'chr21', 'chr22', 'chrX', 'chrY', 'chrM']
I0828 14:23:49.433179 47559069607744 make_examples_core.py:239] Task 12/20: Common contigs are ['chr1', 'chr2', 'chr3', 'chr4', 'chr5', 'chr6', 'chr7', 'chr8', 'chr9', 'chr10', 'chr11', 'chr12', 'chr13', 'chr14', 'chr15', 'chr16', 'chr17', 'chr18', 'chr19', 'chr20', 'chr21', 'chr22', 'chrX', 'chrY', 'chrM']
I0828 14:23:49.526013 47811140855616 make_examples_core.py:239] Task 15/20: Common contigs are ['chr1', 'chr2', 'chr3', 'chr4', 'chr5', 'chr6', 'chr7', 'chr8', 'chr9', 'chr10', 'chr11', 'chr12', 'chr13', 'chr14', 'chr15', 'chr16', 'chr17', 'chr18', 'chr19', 'chr20', 'chr21', 'chr22', 'chrX', 'chrY', 'chrM']
I0828 14:23:50.009129 47636383831872 make_examples_core.py:239] Task 10/20: Reading VCF to skip processing some regions without variants in the --proposed_variants VCF.
I0828 14:23:50.023567 47636383831872 genomics_reader.py:222] Reading /shared/home/sorozcoarias/coffea_genomes/Simon/Luis/variant-calling/vcf-1-2-2/intermediate_files/PEPPER_VARIANT_OUTPUT_VARIANT_CALLING_INDEL.vcf.gz with NativeVcfReader
I0828 14:23:50.037081 47636383831872 make_examples_core.py:239] Task 10/20: Filtering regions took 0.028 seconds and reduced the number of regions to process from 15442 to 1 regions containing variants from the supplied VCF of proposed variants.
I0828 14:23:50.043638 47636383831872 make_examples_core.py:239] Task 10/20: Starting from v0.9.0, --use_ref_for_cram is default to true. If you are using CRAM input, note that we will decode CRAM using the reference you passed in with --ref
2023-08-28 14:23:50.043863: I third_party/nucleus/io/sam_reader.cc:736] Setting HTS_OPT_BLOCK_SIZE to 134217728
I0828 14:23:50.071306 47636383831872 genomics_reader.py:222] Reading /shared/home/sorozcoarias/coffea_genomes/Simon/Luis/variant-calling/vcf-1-2-2/intermediate_files/PHASED.PEPPER_MARGIN.haplotagged.bam with NativeSamReader
I0828 14:23:49.883517 47966297683776 make_examples_core.py:239] Task 1/20: Reading VCF to skip processing some regions without variants in the --proposed_variants VCF.
I0828 14:23:49.896338 47966297683776 genomics_reader.py:222] Reading /shared/home/sorozcoarias/coffea_genomes/Simon/Luis/variant-calling/vcf-1-2-2/intermediate_files/PEPPER_VARIANT_OUTPUT_VARIANT_CALLING_INDEL.vcf.gz with NativeVcfReader
I0828 14:23:49.918926 47966297683776 make_examples_core.py:239] Task 1/20: Filtering regions took 0.035 seconds and reduced the number of regions to process from 15442 to 0 regions containing variants from the supplied VCF of proposed variants.
I0828 14:23:49.930662 47966297683776 make_examples_core.py:239] Task 1/20: Starting from v0.9.0, --use_ref_for_cram is default to true. If you are using CRAM input, note that we will decode CRAM using the reference you passed in with --ref
2023-08-28 14:23:49.930863: I third_party/nucleus/io/sam_reader.cc:736] Setting HTS_OPT_BLOCK_SIZE to 134217728
I0828 14:23:49.961282 47966297683776 genomics_reader.py:222] Reading /shared/home/sorozcoarias/coffea_genomes/Simon/Luis/variant-calling/vcf-1-2-2/intermediate_files/PHASED.PEPPER_MARGIN.haplotagged.bam with NativeSamReader
I0828 14:23:50.063750 47966297683776 genomics_reader.py:222] Reading /shared/home/sorozcoarias/coffea_genomes/Simon/Luis/variant-calling/vcf-1-2-2/intermediate_files/PHASED.PEPPER_MARGIN.haplotagged.bam with NativeSamReader
I0828 14:23:50.067428 47966297683776 make_examples_core.py:239] Task 1/20: Writing examples to /shared/home/sorozcoarias/coffea_genomes/Simon/Luis/variant-calling/vcf-1-2-2/dv_intermediate_outputs/make_examples.tfrecord-00001-of-00020.gz
I0828 14:23:50.067495 47966297683776 make_examples_core.py:239] Task 1/20: Overhead for preparing inputs: 1 seconds
I0828 14:23:50.068417 47966297683776 make_examples_core.py:239] Task 1/20: Found 0 candidate variants
I0828 14:23:50.068474 47966297683776 make_examples_core.py:239] Task 1/20: Created 0 examples
I0828 14:23:49.811743 47218666489664 make_examples_core.py:239] Task 5/20: Reading VCF to skip processing some regions without variants in the --proposed_variants VCF.
I0828 14:23:49.824052 47218666489664 genomics_reader.py:222] Reading /shared/home/sorozcoarias/coffea_genomes/Simon/Luis/variant-calling/vcf-1-2-2/intermediate_files/PEPPER_VARIANT_OUTPUT_VARIANT_CALLING_INDEL.vcf.gz with NativeVcfReader
I0828 14:23:49.841893 47218666489664 make_examples_core.py:239] Task 5/20: Filtering regions took 0.03 seconds and reduced the number of regions to process from 15442 to 1 regions containing variants from the supplied VCF of proposed variants.
I0828 14:23:49.852160 47218666489664 make_examples_core.py:239] Task 5/20: Starting from v0.9.0, --use_ref_for_cram is default to true. If you are using CRAM input, note that we will decode CRAM using the reference you passed in with --ref
2023-08-28 14:23:49.852883: I third_party/nucleus/io/sam_reader.cc:736] Setting HTS_OPT_BLOCK_SIZE to 134217728
I0828 14:23:49.881151 47218666489664 genomics_reader.py:222] Reading /shared/home/sorozcoarias/coffea_genomes/Simon/Luis/variant-calling/vcf-1-2-2/intermediate_files/PHASED.PEPPER_MARGIN.haplotagged.bam with NativeSamReader
I0828 14:23:49.976934 47218666489664 genomics_reader.py:222] Reading /shared/home/sorozcoarias/coffea_genomes/Simon/Luis/variant-calling/vcf-1-2-2/intermediate_files/PHASED.PEPPER_MARGIN.haplotagged.bam with NativeSamReader
I0828 14:23:49.979456 47218666489664 make_examples_core.py:239] Task 5/20: Writing examples to /shared/home/sorozcoarias/coffea_genomes/Simon/Luis/variant-calling/vcf-1-2-2/dv_intermediate_outputs/make_examples.tfrecord-00005-of-00020.gz
I0828 14:23:49.979518 47218666489664 make_examples_core.py:239] Task 5/20: Overhead for preparing inputs: 1 seconds
I0828 14:23:50.006280 47218666489664 make_examples_core.py:239] Task 5/20: 1 candidates (1 examples) [0.03s elapsed]
I0828 14:23:50.007226 47218666489664 make_examples_core.py:239] Task 5/20: Found 1 candidate variants
I0828 14:23:50.007272 47218666489664 make_examples_core.py:239] Task 5/20: Created 1 examples
I0828 14:23:50.283232 47688072984384 make_examples_core.py:239] Task 8/20: Reading VCF to skip processing some regions without variants in the --proposed_variants VCF.
I0828 14:23:50.256303 47023998760768 make_examples_core.py:239] Task 2/20: Reading VCF to skip processing some regions without variants in the --proposed_variants VCF.
I0828 14:23:50.272686 47023998760768 genomics_reader.py:222] Reading /shared/home/sorozcoarias/coffea_genomes/Simon/Luis/variant-calling/vcf-1-2-2/intermediate_files/PEPPER_VARIANT_OUTPUT_VARIANT_CALLING_INDEL.vcf.gz with NativeVcfReader
I0828 14:23:50.188987 47636383831872 genomics_reader.py:222] Reading /shared/home/sorozcoarias/coffea_genomes/Simon/Luis/variant-calling/vcf-1-2-2/intermediate_files/PHASED.PEPPER_MARGIN.haplotagged.bam with NativeSamReader
I0828 14:23:50.191979 47636383831872 make_examples_core.py:239] Task 10/20: Writing examples to /shared/home/sorozcoarias/coffea_genomes/Simon/Luis/variant-calling/vcf-1-2-2/dv_intermediate_outputs/make_examples.tfrecord-00010-of-00020.gz
I0828 14:23:50.192067 47636383831872 make_examples_core.py:239] Task 10/20: Overhead for preparing inputs: 1 seconds
I0828 14:23:50.221695 47636383831872 make_examples_core.py:239] Task 10/20: 1 candidates (1 examples) [0.03s elapsed]
I0828 14:23:50.223385 47636383831872 make_examples_core.py:239] Task 10/20: Found 1 candidate variants
I0828 14:23:50.223554 47636383831872 make_examples_core.py:239] Task 10/20: Created 1 examples
I0828 14:23:50.170795 47958839461696 make_examples_core.py:239] Task 14/20: Reading VCF to skip processing some regions without variants in the --proposed_variants VCF.
I0828 14:23:50.184293 47958839461696 genomics_reader.py:222] Reading /shared/home/sorozcoarias/coffea_genomes/Simon/Luis/variant-calling/vcf-1-2-2/intermediate_files/PEPPER_VARIANT_OUTPUT_VARIANT_CALLING_INDEL.vcf.gz with NativeVcfReader
I0828 14:23:50.207654 47958839461696 make_examples_core.py:239] Task 14/20: Filtering regions took 0.037 seconds and reduced the number of regions to process from 15442 to 0 regions containing variants from the supplied VCF of proposed variants.
I0828 14:23:50.219489 47958839461696 make_examples_core.py:239] Task 14/20: Starting from v0.9.0, --use_ref_for_cram is default to true. If you are using CRAM input, note that we will decode CRAM using the reference you passed in with --ref
2023-08-28 14:23:50.219858: I third_party/nucleus/io/sam_reader.cc:736] Setting HTS_OPT_BLOCK_SIZE to 134217728
I0828 14:23:50.247695 47958839461696 genomics_reader.py:222] Reading /shared/home/sorozcoarias/coffea_genomes/Simon/Luis/variant-calling/vcf-1-2-2/intermediate_files/PHASED.PEPPER_MARGIN.haplotagged.bam with NativeSamReader
I0828 14:23:50.178019 47028655863616 make_examples_core.py:239] Task 17/20: Reading VCF to skip processing some regions without variants in the --proposed_variants VCF.
I0828 14:23:50.189272 47028655863616 genomics_reader.py:222] Reading /shared/home/sorozcoarias/coffea_genomes/Simon/Luis/variant-calling/vcf-1-2-2/intermediate_files/PEPPER_VARIANT_OUTPUT_VARIANT_CALLING_INDEL.vcf.gz with NativeVcfReader
I0828 14:23:50.210741 47028655863616 make_examples_core.py:239] Task 17/20: Filtering regions took 0.033 seconds and reduced the number of regions to process from 15442 to 1 regions containing variants from the supplied VCF of proposed variants.
I0828 14:23:50.220148 47028655863616 make_examples_core.py:239] Task 17/20: Starting from v0.9.0, --use_ref_for_cram is default to true. If you are using CRAM input, note that we will decode CRAM using the reference you passed in with --ref
2023-08-28 14:23:50.220382: I third_party/nucleus/io/sam_reader.cc:736] Setting HTS_OPT_BLOCK_SIZE to 134217728
I0828 14:23:50.251232 47028655863616 genomics_reader.py:222] Reading /shared/home/sorozcoarias/coffea_genomes/Simon/Luis/variant-calling/vcf-1-2-2/intermediate_files/PHASED.PEPPER_MARGIN.haplotagged.bam with NativeSamReader
I0828 14:23:50.195386 47884738881344 make_examples_core.py:239] Task 0/20: Reading VCF to skip processing some regions without variants in the --proposed_variants VCF.
I0828 14:23:50.208069 47884738881344 genomics_reader.py:222] Reading /shared/home/sorozcoarias/coffea_genomes/Simon/Luis/variant-calling/vcf-1-2-2/intermediate_files/PEPPER_VARIANT_OUTPUT_VARIANT_CALLING_INDEL.vcf.gz with NativeVcfReader
I0828 14:23:50.230999 47884738881344 make_examples_core.py:239] Task 0/20: Filtering regions took 0.035 seconds and reduced the number of regions to process from 15442 to 0 regions containing variants from the supplied VCF of proposed variants.
I0828 14:23:50.242965 47884738881344 make_examples_core.py:239] Task 0/20: Starting from v0.9.0, --use_ref_for_cram is default to true. If you are using CRAM input, note that we will decode CRAM using the reference you passed in with --ref
2023-08-28 14:23:50.243232: I third_party/nucleus/io/sam_reader.cc:736] Setting HTS_OPT_BLOCK_SIZE to 134217728
I0828 14:23:50.275233 47884738881344 genomics_reader.py:222] Reading /shared/home/sorozcoarias/coffea_genomes/Simon/Luis/variant-calling/vcf-1-2-2/intermediate_files/PHASED.PEPPER_MARGIN.haplotagged.bam with NativeSamReader
I0828 14:23:50.140538 47595361941312 make_examples_core.py:239] Task 18/20: Reading VCF to skip processing some regions without variants in the --proposed_variants VCF.
I0828 14:23:50.151547 47595361941312 genomics_reader.py:222] Reading /shared/home/sorozcoarias/coffea_genomes/Simon/Luis/variant-calling/vcf-1-2-2/intermediate_files/PEPPER_VARIANT_OUTPUT_VARIANT_CALLING_INDEL.vcf.gz with NativeVcfReader
I0828 14:23:50.167880 47595361941312 make_examples_core.py:239] Task 18/20: Filtering regions took 0.027 seconds and reduced the number of regions to process from 15442 to 2 regions containing variants from the supplied VCF of proposed variants.
I0828 14:23:50.174776 47595361941312 make_examples_core.py:239] Task 18/20: Starting from v0.9.0, --use_ref_for_cram is default to true. If you are using CRAM input, note that we will decode CRAM using the reference you passed in with --ref
2023-08-28 14:23:50.175026: I third_party/nucleus/io/sam_reader.cc:736] Setting HTS_OPT_BLOCK_SIZE to 134217728
I0828 14:23:50.202721 47595361941312 genomics_reader.py:222] Reading /shared/home/sorozcoarias/coffea_genomes/Simon/Luis/variant-calling/vcf-1-2-2/intermediate_files/PHASED.PEPPER_MARGIN.haplotagged.bam with NativeSamReader
I0828 14:23:50.297192 47688072984384 genomics_reader.py:222] Reading /shared/home/sorozcoarias/coffea_genomes/Simon/Luis/variant-calling/vcf-1-2-2/intermediate_files/PEPPER_VARIANT_OUTPUT_VARIANT_CALLING_INDEL.vcf.gz with NativeVcfReader
I0828 14:23:50.320076 47688072984384 make_examples_core.py:239] Task 8/20: Filtering regions took 0.037 seconds and reduced the number of regions to process from 15442 to 0 regions containing variants from the supplied VCF of proposed variants.
I0828 14:23:50.328978 47688072984384 make_examples_core.py:239] Task 8/20: Starting from v0.9.0, --use_ref_for_cram is default to true. If you are using CRAM input, note that we will decode CRAM using the reference you passed in with --ref
2023-08-28 14:23:50.329269: I third_party/nucleus/io/sam_reader.cc:736] Setting HTS_OPT_BLOCK_SIZE to 134217728
I0828 14:23:50.331748 47583911913280 make_examples_core.py:239] Task 11/20: Reading VCF to skip processing some regions without variants in the --proposed_variants VCF.
I0828 14:23:50.345778 47583911913280 genomics_reader.py:222] Reading /shared/home/sorozcoarias/coffea_genomes/Simon/Luis/variant-calling/vcf-1-2-2/intermediate_files/PEPPER_VARIANT_OUTPUT_VARIANT_CALLING_INDEL.vcf.gz with NativeVcfReader
I0828 14:23:50.297880 47023998760768 make_examples_core.py:239] Task 2/20: Filtering regions took 0.041 seconds and reduced the number of regions to process from 15442 to 0 regions containing variants from the supplied VCF of proposed variants.
I0828 14:23:50.310024 47023998760768 make_examples_core.py:239] Task 2/20: Starting from v0.9.0, --use_ref_for_cram is default to true. If you are using CRAM input, note that we will decode CRAM using the reference you passed in with --ref
2023-08-28 14:23:50.310300: I third_party/nucleus/io/sam_reader.cc:736] Setting HTS_OPT_BLOCK_SIZE to 134217728
I0828 14:23:50.342293 47023998760768 genomics_reader.py:222] Reading /shared/home/sorozcoarias/coffea_genomes/Simon/Luis/variant-calling/vcf-1-2-2/intermediate_files/PHASED.PEPPER_MARGIN.haplotagged.bam with NativeSamReader
I0828 14:23:50.317965 47595361941312 genomics_reader.py:222] Reading /shared/home/sorozcoarias/coffea_genomes/Simon/Luis/variant-calling/vcf-1-2-2/intermediate_files/PHASED.PEPPER_MARGIN.haplotagged.bam with NativeSamReader
I0828 14:23:50.321019 47595361941312 make_examples_core.py:239] Task 18/20: Writing examples to /shared/home/sorozcoarias/coffea_genomes/Simon/Luis/variant-calling/vcf-1-2-2/dv_intermediate_outputs/make_examples.tfrecord-00018-of-00020.gz
I0828 14:23:50.321080 47595361941312 make_examples_core.py:239] Task 18/20: Overhead for preparing inputs: 1 seconds
I0828 14:23:50.293337 47647549679424 make_examples_core.py:239] Task 16/20: Reading VCF to skip processing some regions without variants in the --proposed_variants VCF.
I0828 14:23:50.306263 47647549679424 genomics_reader.py:222] Reading /shared/home/sorozcoarias/coffea_genomes/Simon/Luis/variant-calling/vcf-1-2-2/intermediate_files/PEPPER_VARIANT_OUTPUT_VARIANT_CALLING_INDEL.vcf.gz with NativeVcfReader
I0828 14:23:50.327978 47647549679424 make_examples_core.py:239] Task 16/20: Filtering regions took 0.034 seconds and reduced the number of regions to process from 15442 to 1 regions containing variants from the supplied VCF of proposed variants.
I0828 14:23:50.341881 47647549679424 make_examples_core.py:239] Task 16/20: Starting from v0.9.0, --use_ref_for_cram is default to true. If you are using CRAM input, note that we will decode CRAM using the reference you passed in with --ref
2023-08-28 14:23:50.342280: I third_party/nucleus/io/sam_reader.cc:736] Setting HTS_OPT_BLOCK_SIZE to 134217728
I0828 14:23:50.324313 47166452762432 make_examples_core.py:239] Task 3/20: Reading VCF to skip processing some regions without variants in the --proposed_variants VCF.
