/usr/local/lib/python3.8/dist-packages/tensorflow/python/keras/engine/base_layer_v1.py:1692: UserWarning: `layer.apply` is deprecated and will be removed in a future version. Please use `layer.__call__` method instead.
  warnings.warn('`layer.apply` is deprecated and '
INFO:tensorflow:Done calling model_fn.
I0828 04:34:17.816271 47767911069504 estimator.py:1164] Done calling model_fn.
INFO:tensorflow:Graph was finalized.
I0828 04:34:18.257297 47767911069504 monitored_session.py:247] Graph was finalized.
INFO:tensorflow:Restoring parameters from /opt/dv_models/ont_deepvariant_vc/dv_ont_r9_guppy5_sup_vc_model_snp
I0828 04:34:18.257658 47767911069504 saver.py:1298] Restoring parameters from /opt/dv_models/ont_deepvariant_vc/dv_ont_r9_guppy5_sup_vc_model_snp
INFO:tensorflow:Running local_init_op.
I0828 04:34:19.548964 47767911069504 session_manager.py:531] Running local_init_op.
INFO:tensorflow:Done running local_init_op.
I0828 04:34:19.560889 47767911069504 session_manager.py:534] Done running local_init_op.
2023-08-28 04:34:19.736934: I tensorflow/compiler/mlir/mlir_graph_optimization_pass.cc:176] None of the MLIR Optimization Passes are enabled (registered 2)
INFO:tensorflow:Reloading EMA...
I0828 04:34:19.761204 47767911069504 modeling.py:416] Reloading EMA...
INFO:tensorflow:Restoring parameters from /opt/dv_models/ont_deepvariant_vc/dv_ont_r9_guppy5_sup_vc_model_snp
I0828 04:34:19.761438 47767911069504 saver.py:1298] Restoring parameters from /opt/dv_models/ont_deepvariant_vc/dv_ont_r9_guppy5_sup_vc_model_snp
I0828 04:34:22.178084 47767911069504 call_variants.py:442] Processed 1 examples in 1 batches [679.731 sec per 100]
I0828 04:35:31.818281 47767911069504 call_variants.py:448] Processed 32093 examples in 63 batches [0.238 sec per 100]
I0828 04:35:31.818439 47767911069504 call_variants.py:451] Done calling variants from a total of 32093 examples.

real	1m18.936s
user	19m47.182s
sys	0m7.551s

***** Running the command:*****
time /opt/deepvariant/bin/postprocess_variants --ref "GRCh38.fa" --infile "/shared/home/sorozcoarias/coffea_genomes/Simon/Luis/variant-calling/vcf-1-1-2/dv_intermediate_outputs/call_variants_output.tfrecord.gz" --outfile "/shared/home/sorozcoarias/coffea_genomes/Simon/Luis/variant-calling/vcf-1-1-2/intermediate_files/DEEPVARIANT_OUTPUT_SNP.vcf.gz" --sample_name "Sample" --use_multiallelic_model

/shared/software/modules/4.6.1/init/bash: line 37: /usr/bin/tclsh: No such file or directory
/shared/software/modules/4.6.1/init/bash: line 37: /usr/bin/tclsh: No such file or directory
I0828 04:35:33.715829 47460786607936 postprocess_variants.py:1115] Using sample name from call_variants output. Sample name: Sample
I0828 04:35:33.716019 47460786607936 postprocess_variants.py:1118] --sample_name is set but was not used.
2023-08-28 04:35:33.720720: I deepvariant/postprocess_variants.cc:88] Read from: /shared/home/sorozcoarias/coffea_genomes/Simon/Luis/variant-calling/vcf-1-1-2/dv_intermediate_outputs/call_variants_output.tfrecord.gz
2023-08-28 04:35:33.815937: I deepvariant/postprocess_variants.cc:103] Total #entries in single_site_calls = 32093
I0828 04:35:33.952788 47460786607936 postprocess_variants.py:1180] CVO sorting took 0.003921786944071452 minutes
I0828 04:35:33.953047 47460786607936 postprocess_variants.py:1183] Transforming call_variants_output to variants.
I0828 04:35:33.954223 47460786607936 postprocess_variants.py:1204] Writing variants to VCF.
I0828 04:35:33.954275 47460786607936 postprocess_variants.py:774] Writing output to VCF file: /shared/home/sorozcoarias/coffea_genomes/Simon/Luis/variant-calling/vcf-1-1-2/intermediate_files/DEEPVARIANT_OUTPUT_SNP.vcf.gz
I0828 04:35:33.962668 47460786607936 genomics_writer.py:175] Writing /shared/home/sorozcoarias/coffea_genomes/Simon/Luis/variant-calling/vcf-1-1-2/intermediate_files/DEEPVARIANT_OUTPUT_SNP.vcf.gz with NativeVcfWriter
WARNING:tensorflow:SavedModel saved prior to TF 2.5 detected when loading Keras model. Please ensure that you are saving the model with model.save() or tf.keras.models.save_model(), *NOT* tf.saved_model.save(). To confirm, there should be a file named "keras_metadata.pb" in the SavedModel directory.
W0828 04:35:33.964351 47460786607936 load.py:133] SavedModel saved prior to TF 2.5 detected when loading Keras model. Please ensure that you are saving the model with model.save() or tf.keras.models.save_model(), *NOT* tf.saved_model.save(). To confirm, there should be a file named "keras_metadata.pb" in the SavedModel directory.
2023-08-28 04:35:33.967999: I tensorflow/core/platform/cpu_feature_guard.cc:142] This TensorFlow binary is optimized with oneAPI Deep Neural Network Library (oneDNN) to use the following CPU instructions in performance-critical operations:  AVX2 FMA
To enable them in other operations, rebuild TensorFlow with the appropriate compiler flags.
2023-08-28 04:35:33.969177: I tensorflow/core/common_runtime/process_util.cc:146] Creating new thread pool with default inter op setting: 2. Tune using inter_op_parallelism_threads for best performance.
I0828 04:35:34.216734 47460786607936 postprocess_variants.py:783] 1 variants written.
I0828 04:35:37.543817 47460786607936 postprocess_variants.py:1211] VCF creation took 0.05982608397801717 minutes
I0828 04:35:37.557154 47460786607936 genomics_reader.py:222] Reading /shared/home/sorozcoarias/coffea_genomes/Simon/Luis/variant-calling/vcf-1-1-2/intermediate_files/DEEPVARIANT_OUTPUT_SNP.vcf.gz with NativeVcfReader

real	0m6.896s
user	0m6.560s
sys	0m1.780s
/shared/software/modules/4.6.1/init/bash: line 37: /usr/bin/tclsh: No such file or directory
I0828 04:35:40.101308 47854342784832 run_deepvariant.py:345] Re-using the directory for intermediate results in /shared/home/sorozcoarias/coffea_genomes/Simon/Luis/variant-calling/vcf-1-1-2/dv_intermediate_outputs/
I0828 04:35:40.101839 47854342784832 run_deepvariant.py:362] You set --customized_model. Instead of using the default model for WGS, `call_variants` step will load /opt/dv_models/ont_deepvariant_vc/dv_ont_r9_guppy5_sup_vc_model_indel* instead.

***** Intermediate results will be written to /shared/home/sorozcoarias/coffea_genomes/Simon/Luis/variant-calling/vcf-1-1-2/dv_intermediate_outputs/ in docker. ****


***** Running the command:*****
time seq 0 19 | parallel -q --halt 2 --line-buffer /opt/deepvariant/bin/make_examples --mode calling --ref "GRCh38.fa" --reads "/shared/home/sorozcoarias/coffea_genomes/Simon/Luis/variant-calling/vcf-1-1-2/intermediate_files/PHASED.PEPPER_MARGIN.haplotagged.bam" --examples "/shared/home/sorozcoarias/coffea_genomes/Simon/Luis/variant-calling/vcf-1-1-2/dv_intermediate_outputs/make_examples.tfrecord@20.gz" --add_hp_channel --alt_aligned_pileup "rows" --min_base_quality "1" --min_mapping_quality "5" --parse_sam_aux_fields --partition_size "10000" --proposed_variants "/shared/home/sorozcoarias/coffea_genomes/Simon/Luis/variant-calling/vcf-1-1-2/intermediate_files/PEPPER_VARIANT_OUTPUT_VARIANT_CALLING_INDEL.vcf.gz" --norealign_reads --sample_name "Sample" --sort_by_haplotypes --variant_caller "vcf_candidate_importer" --task {}

/shared/software/modules/4.6.1/init/bash: line 37: /usr/bin/tclsh: No such file or directory
perl: warning: Setting locale failed.
perl: warning: Please check that your locale settings:
	LANGUAGE = (unset),
	LC_ALL = (unset),
	LC_ADDRESS = "es_CO.UTF-8",
	LC_NAME = "es_CO.UTF-8",
	LC_MONETARY = "es_CO.UTF-8",
	LC_PAPER = "es_CO.UTF-8",
	LC_IDENTIFICATION = "es_CO.UTF-8",
	LC_TELEPHONE = "es_CO.UTF-8",
	LC_MEASUREMENT = "es_CO.UTF-8",
	LC_TIME = "es_CO.UTF-8",
	LC_NUMERIC = "es_CO.UTF-8",
	LANG = "en_US.UTF-8"
    are supported and installed on your system.
perl: warning: Falling back to the standard locale ("C").
perl: warning: Setting locale failed.
perl: warning: Please check that your locale settings:
	LANGUAGE = (unset),
	LC_ALL = (unset),
	LC_TIME = "es_CO.UTF-8",
	LC_MONETARY = "es_CO.UTF-8",
	LC_ADDRESS = "es_CO.UTF-8",
	LC_TELEPHONE = "es_CO.UTF-8",
	LC_NAME = "es_CO.UTF-8",
	LC_MEASUREMENT = "es_CO.UTF-8",
	LC_IDENTIFICATION = "es_CO.UTF-8",
	LC_NUMERIC = "es_CO.UTF-8",
	LC_PAPER = "es_CO.UTF-8",
	LANG = "en_US.UTF-8"
    are supported and installed on your system.
perl: warning: Falling back to the standard locale ("C").
/shared/software/modules/4.6.1/init/bash: line 37: /usr/bin/tclsh: No such file or directory
/shared/software/modules/4.6.1/init/bash: line 37: /usr/bin/tclsh: No such file or directory
/shared/software/modules/4.6.1/init/bash: line 37: /usr/bin/tclsh: No such file or directory
/shared/software/modules/4.6.1/init/bash: line 37: /usr/bin/tclsh: No such file or directory
/shared/software/modules/4.6.1/init/bash: line 37: /usr/bin/tclsh: No such file or directory
/shared/software/modules/4.6.1/init/bash: line 37: /usr/bin/tclsh: No such file or directory
/shared/software/modules/4.6.1/init/bash: line 37: /usr/bin/tclsh: No such file or directory
/shared/software/modules/4.6.1/init/bash: line 37: /usr/bin/tclsh: No such file or directory
/shared/software/modules/4.6.1/init/bash: line 37: /usr/bin/tclsh: No such file or directory
/shared/software/modules/4.6.1/init/bash: line 37: /usr/bin/tclsh: No such file or directory
/shared/software/modules/4.6.1/init/bash: line 37: /usr/bin/tclsh: No such file or directory
/shared/software/modules/4.6.1/init/bash: line 37: /usr/bin/tclsh: No such file or directory
/shared/software/modules/4.6.1/init/bash: line 37: /usr/bin/tclsh: No such file or directory
/shared/software/modules/4.6.1/init/bash: line 37: /usr/bin/tclsh: No such file or directory
/shared/software/modules/4.6.1/init/bash: line 37: /usr/bin/tclsh: No such file or directory
/shared/software/modules/4.6.1/init/bash: line 37: /usr/bin/tclsh: No such file or directory
/shared/software/modules/4.6.1/init/bash: line 37: /usr/bin/tclsh: No such file or directory
/shared/software/modules/4.6.1/init/bash: line 37: /usr/bin/tclsh: No such file or directory
/shared/software/modules/4.6.1/init/bash: line 37: /usr/bin/tclsh: No such file or directory
/shared/software/modules/4.6.1/init/bash: line 37: /usr/bin/tclsh: No such file or directory
/shared/software/modules/4.6.1/init/bash: line 37: /usr/bin/tclsh: No such file or directory
/shared/software/modules/4.6.1/init/bash: line 37: /usr/bin/tclsh: No such file or directory
/shared/software/modules/4.6.1/init/bash: line 37: /usr/bin/tclsh: No such file or directory
/shared/software/modules/4.6.1/init/bash: line 37: /usr/bin/tclsh: No such file or directory
/shared/software/modules/4.6.1/init/bash: line 37: /usr/bin/tclsh: No such file or directory
/shared/software/modules/4.6.1/init/bash: line 37: /usr/bin/tclsh: No such file or directory
/shared/software/modules/4.6.1/init/bash: line 37: /usr/bin/tclsh: No such file or directory
/shared/software/modules/4.6.1/init/bash: line 37: /usr/bin/tclsh: No such file or directory
/shared/software/modules/4.6.1/init/bash: line 37: /usr/bin/tclsh: No such file or directory
/shared/software/modules/4.6.1/init/bash: line 37: /usr/bin/tclsh: No such file or directory
/shared/software/modules/4.6.1/init/bash: line 37: /usr/bin/tclsh: No such file or directory
/shared/software/modules/4.6.1/init/bash: line 37: /usr/bin/tclsh: No such file or directory
/shared/software/modules/4.6.1/init/bash: line 37: /usr/bin/tclsh: No such file or directory
/shared/software/modules/4.6.1/init/bash: line 37: /usr/bin/tclsh: No such file or directory
/shared/software/modules/4.6.1/init/bash: line 37: /usr/bin/tclsh: No such file or directory
/shared/software/modules/4.6.1/init/bash: line 37: /usr/bin/tclsh: No such file or directory
/shared/software/modules/4.6.1/init/bash: line 37: /usr/bin/tclsh: No such file or directory
/shared/software/modules/4.6.1/init/bash: line 37: /usr/bin/tclsh: No such file or directory
/shared/software/modules/4.6.1/init/bash: line 37: /usr/bin/tclsh: No such file or directory
/shared/software/modules/4.6.1/init/bash: line 37: /usr/bin/tclsh: No such file or directory
I0828 04:35:42.849680 47261879490368 make_examples_core.py:239] Task 1/20: Preparing inputs
I0828 04:35:42.895327 47261879490368 genomics_reader.py:222] Reading /shared/home/sorozcoarias/coffea_genomes/Simon/Luis/variant-calling/vcf-1-1-2/intermediate_files/PHASED.PEPPER_MARGIN.haplotagged.bam with NativeSamReader
I0828 04:35:42.880819 47583817037632 make_examples_core.py:239] Task 13/20: Preparing inputs
I0828 04:35:42.797142 47942894270272 make_examples_core.py:239] Task 4/20: Preparing inputs
I0828 04:35:42.822341 47942894270272 genomics_reader.py:222] Reading /shared/home/sorozcoarias/coffea_genomes/Simon/Luis/variant-calling/vcf-1-1-2/intermediate_files/PHASED.PEPPER_MARGIN.haplotagged.bam with NativeSamReader
I0828 04:35:42.978479 47714702436160 make_examples_core.py:239] Task 14/20: Preparing inputs
I0828 04:35:42.989017 47714702436160 genomics_reader.py:222] Reading /shared/home/sorozcoarias/coffea_genomes/Simon/Luis/variant-calling/vcf-1-1-2/intermediate_files/PHASED.PEPPER_MARGIN.haplotagged.bam with NativeSamReader
I0828 04:35:42.976316 47182468732736 make_examples_core.py:239] Task 7/20: Preparing inputs
I0828 04:35:42.993659 47182468732736 genomics_reader.py:222] Reading /shared/home/sorozcoarias/coffea_genomes/Simon/Luis/variant-calling/vcf-1-1-2/intermediate_files/PHASED.PEPPER_MARGIN.haplotagged.bam with NativeSamReader
I0828 04:35:42.908087 47583817037632 genomics_reader.py:222] Reading /shared/home/sorozcoarias/coffea_genomes/Simon/Luis/variant-calling/vcf-1-1-2/intermediate_files/PHASED.PEPPER_MARGIN.haplotagged.bam with NativeSamReader
I0828 04:35:43.000055 47805709256512 make_examples_core.py:239] Task 15/20: Preparing inputs
I0828 04:35:43.018614 47805709256512 genomics_reader.py:222] Reading /shared/home/sorozcoarias/coffea_genomes/Simon/Luis/variant-calling/vcf-1-1-2/intermediate_files/PHASED.PEPPER_MARGIN.haplotagged.bam with NativeSamReader
I0828 04:35:42.970757 47590666217280 make_examples_core.py:239] Task 6/20: Preparing inputs
I0828 04:35:42.988210 47590666217280 genomics_reader.py:222] Reading /shared/home/sorozcoarias/coffea_genomes/Simon/Luis/variant-calling/vcf-1-1-2/intermediate_files/PHASED.PEPPER_MARGIN.haplotagged.bam with NativeSamReader
I0828 04:35:42.915761 47392647014208 make_examples_core.py:239] Task 0/20: Preparing inputs
I0828 04:35:42.933064 47392647014208 genomics_reader.py:222] Reading /shared/home/sorozcoarias/coffea_genomes/Simon/Luis/variant-calling/vcf-1-1-2/intermediate_files/PHASED.PEPPER_MARGIN.haplotagged.bam with NativeSamReader
I0828 04:35:42.960141 47334219188032 make_examples_core.py:239] Task 17/20: Preparing inputs
I0828 04:35:42.977982 47334219188032 genomics_reader.py:222] Reading /shared/home/sorozcoarias/coffea_genomes/Simon/Luis/variant-calling/vcf-1-1-2/intermediate_files/PHASED.PEPPER_MARGIN.haplotagged.bam with NativeSamReader
I0828 04:35:42.902436 47393509779264 make_examples_core.py:239] Task 16/20: Preparing inputs
I0828 04:35:42.921315 47393509779264 genomics_reader.py:222] Reading /shared/home/sorozcoarias/coffea_genomes/Simon/Luis/variant-calling/vcf-1-1-2/intermediate_files/PHASED.PEPPER_MARGIN.haplotagged.bam with NativeSamReader
I0828 04:35:42.910440 47524924180288 make_examples_core.py:239] Task 9/20: Preparing inputs
I0828 04:35:42.935292 47524924180288 genomics_reader.py:222] Reading /shared/home/sorozcoarias/coffea_genomes/Simon/Luis/variant-calling/vcf-1-1-2/intermediate_files/PHASED.PEPPER_MARGIN.haplotagged.bam with NativeSamReader
I0828 04:35:42.956400 47300753901376 make_examples_core.py:239] Task 12/20: Preparing inputs
I0828 04:35:42.974295 47300753901376 genomics_reader.py:222] Reading /shared/home/sorozcoarias/coffea_genomes/Simon/Luis/variant-calling/vcf-1-1-2/intermediate_files/PHASED.PEPPER_MARGIN.haplotagged.bam with NativeSamReader
I0828 04:35:43.006175 47352368359232 make_examples_core.py:239] Task 5/20: Preparing inputs
I0828 04:35:43.023898 47352368359232 genomics_reader.py:222] Reading /shared/home/sorozcoarias/coffea_genomes/Simon/Luis/variant-calling/vcf-1-1-2/intermediate_files/PHASED.PEPPER_MARGIN.haplotagged.bam with NativeSamReader
I0828 04:35:42.906171 47117203543872 make_examples_core.py:239] Task 19/20: Preparing inputs
I0828 04:35:42.925228 47117203543872 genomics_reader.py:222] Reading /shared/home/sorozcoarias/coffea_genomes/Simon/Luis/variant-calling/vcf-1-1-2/intermediate_files/PHASED.PEPPER_MARGIN.haplotagged.bam with NativeSamReader
I0828 04:35:42.923374 47390867232576 make_examples_core.py:239] Task 18/20: Preparing inputs
I0828 04:35:42.965686 47390867232576 genomics_reader.py:222] Reading /shared/home/sorozcoarias/coffea_genomes/Simon/Luis/variant-calling/vcf-1-1-2/intermediate_files/PHASED.PEPPER_MARGIN.haplotagged.bam with NativeSamReader
I0828 04:35:42.969472 47826694768448 make_examples_core.py:239] Task 3/20: Preparing inputs
I0828 04:35:42.987452 47826694768448 genomics_reader.py:222] Reading /shared/home/sorozcoarias/coffea_genomes/Simon/Luis/variant-calling/vcf-1-1-2/intermediate_files/PHASED.PEPPER_MARGIN.haplotagged.bam with NativeSamReader
I0828 04:35:42.942498 47501353801536 make_examples_core.py:239] Task 2/20: Preparing inputs
I0828 04:35:42.960749 47501353801536 genomics_reader.py:222] Reading /shared/home/sorozcoarias/coffea_genomes/Simon/Luis/variant-calling/vcf-1-1-2/intermediate_files/PHASED.PEPPER_MARGIN.haplotagged.bam with NativeSamReader
I0828 04:35:43.048134 47545880409920 make_examples_core.py:239] Task 11/20: Preparing inputs
I0828 04:35:43.066328 47545880409920 genomics_reader.py:222] Reading /shared/home/sorozcoarias/coffea_genomes/Simon/Luis/variant-calling/vcf-1-1-2/intermediate_files/PHASED.PEPPER_MARGIN.haplotagged.bam with NativeSamReader
I0828 04:35:42.929552 47382962067264 make_examples_core.py:239] Task 8/20: Preparing inputs
I0828 04:35:42.945770 47382962067264 genomics_reader.py:222] Reading /shared/home/sorozcoarias/coffea_genomes/Simon/Luis/variant-calling/vcf-1-1-2/intermediate_files/PHASED.PEPPER_MARGIN.haplotagged.bam with NativeSamReader
I0828 04:35:42.914179 46962185361216 make_examples_core.py:239] Task 10/20: Preparing inputs
I0828 04:35:42.947715 46962185361216 genomics_reader.py:222] Reading /shared/home/sorozcoarias/coffea_genomes/Simon/Luis/variant-calling/vcf-1-1-2/intermediate_files/PHASED.PEPPER_MARGIN.haplotagged.bam with NativeSamReader
I0828 04:35:43.315605 47261879490368 make_examples_core.py:239] Task 1/20: Common contigs are ['chr1', 'chr2', 'chr3', 'chr4', 'chr5', 'chr6', 'chr7', 'chr8', 'chr9', 'chr10', 'chr11', 'chr12', 'chr13', 'chr14', 'chr15', 'chr16', 'chr17', 'chr18', 'chr19', 'chr20', 'chr21', 'chr22', 'chrX', 'chrY', 'chrM']
I0828 04:35:43.229308 47583817037632 make_examples_core.py:239] Task 13/20: Common contigs are ['chr1', 'chr2', 'chr3', 'chr4', 'chr5', 'chr6', 'chr7', 'chr8', 'chr9', 'chr10', 'chr11', 'chr12', 'chr13', 'chr14', 'chr15', 'chr16', 'chr17', 'chr18', 'chr19', 'chr20', 'chr21', 'chr22', 'chrX', 'chrY', 'chrM']
I0828 04:35:43.207900 47392647014208 make_examples_core.py:239] Task 0/20: Common contigs are ['chr1', 'chr2', 'chr3', 'chr4', 'chr5', 'chr6', 'chr7', 'chr8', 'chr9', 'chr10', 'chr11', 'chr12', 'chr13', 'chr14', 'chr15', 'chr16', 'chr17', 'chr18', 'chr19', 'chr20', 'chr21', 'chr22', 'chrX', 'chrY', 'chrM']
I0828 04:35:43.325299 47117203543872 make_examples_core.py:239] Task 19/20: Common contigs are ['chr1', 'chr2', 'chr3', 'chr4', 'chr5', 'chr6', 'chr7', 'chr8', 'chr9', 'chr10', 'chr11', 'chr12', 'chr13', 'chr14', 'chr15', 'chr16', 'chr17', 'chr18', 'chr19', 'chr20', 'chr21', 'chr22', 'chrX', 'chrY', 'chrM']
I0828 04:35:43.299322 47942894270272 make_examples_core.py:239] Task 4/20: Common contigs are ['chr1', 'chr2', 'chr3', 'chr4', 'chr5', 'chr6', 'chr7', 'chr8', 'chr9', 'chr10', 'chr11', 'chr12', 'chr13', 'chr14', 'chr15', 'chr16', 'chr17', 'chr18', 'chr19', 'chr20', 'chr21', 'chr22', 'chrX', 'chrY', 'chrM']
I0828 04:35:43.360325 47714702436160 make_examples_core.py:239] Task 14/20: Common contigs are ['chr1', 'chr2', 'chr3', 'chr4', 'chr5', 'chr6', 'chr7', 'chr8', 'chr9', 'chr10', 'chr11', 'chr12', 'chr13', 'chr14', 'chr15', 'chr16', 'chr17', 'chr18', 'chr19', 'chr20', 'chr21', 'chr22', 'chrX', 'chrY', 'chrM']
I0828 04:35:43.439198 47182468732736 make_examples_core.py:239] Task 7/20: Common contigs are ['chr1', 'chr2', 'chr3', 'chr4', 'chr5', 'chr6', 'chr7', 'chr8', 'chr9', 'chr10', 'chr11', 'chr12', 'chr13', 'chr14', 'chr15', 'chr16', 'chr17', 'chr18', 'chr19', 'chr20', 'chr21', 'chr22', 'chrX', 'chrY', 'chrM']
I0828 04:35:43.521697 47805709256512 make_examples_core.py:239] Task 15/20: Common contigs are ['chr1', 'chr2', 'chr3', 'chr4', 'chr5', 'chr6', 'chr7', 'chr8', 'chr9', 'chr10', 'chr11', 'chr12', 'chr13', 'chr14', 'chr15', 'chr16', 'chr17', 'chr18', 'chr19', 'chr20', 'chr21', 'chr22', 'chrX', 'chrY', 'chrM']
I0828 04:35:43.484863 47590666217280 make_examples_core.py:239] Task 6/20: Common contigs are ['chr1', 'chr2', 'chr3', 'chr4', 'chr5', 'chr6', 'chr7', 'chr8', 'chr9', 'chr10', 'chr11', 'chr12', 'chr13', 'chr14', 'chr15', 'chr16', 'chr17', 'chr18', 'chr19', 'chr20', 'chr21', 'chr22', 'chrX', 'chrY', 'chrM']
I0828 04:35:43.487218 47334219188032 make_examples_core.py:239] Task 17/20: Common contigs are ['chr1', 'chr2', 'chr3', 'chr4', 'chr5', 'chr6', 'chr7', 'chr8', 'chr9', 'chr10', 'chr11', 'chr12', 'chr13', 'chr14', 'chr15', 'chr16', 'chr17', 'chr18', 'chr19', 'chr20', 'chr21', 'chr22', 'chrX', 'chrY', 'chrM']
I0828 04:35:43.425429 47393509779264 make_examples_core.py:239] Task 16/20: Common contigs are ['chr1', 'chr2', 'chr3', 'chr4', 'chr5', 'chr6', 'chr7', 'chr8', 'chr9', 'chr10', 'chr11', 'chr12', 'chr13', 'chr14', 'chr15', 'chr16', 'chr17', 'chr18', 'chr19', 'chr20', 'chr21', 'chr22', 'chrX', 'chrY', 'chrM']
I0828 04:35:43.432570 47524924180288 make_examples_core.py:239] Task 9/20: Common contigs are ['chr1', 'chr2', 'chr3', 'chr4', 'chr5', 'chr6', 'chr7', 'chr8', 'chr9', 'chr10', 'chr11', 'chr12', 'chr13', 'chr14', 'chr15', 'chr16', 'chr17', 'chr18', 'chr19', 'chr20', 'chr21', 'chr22', 'chrX', 'chrY', 'chrM']
I0828 04:35:43.450286 47300753901376 make_examples_core.py:239] Task 12/20: Common contigs are ['chr1', 'chr2', 'chr3', 'chr4', 'chr5', 'chr6', 'chr7', 'chr8', 'chr9', 'chr10', 'chr11', 'chr12', 'chr13', 'chr14', 'chr15', 'chr16', 'chr17', 'chr18', 'chr19', 'chr20', 'chr21', 'chr22', 'chrX', 'chrY', 'chrM']
I0828 04:35:43.510833 47352368359232 make_examples_core.py:239] Task 5/20: Common contigs are ['chr1', 'chr2', 'chr3', 'chr4', 'chr5', 'chr6', 'chr7', 'chr8', 'chr9', 'chr10', 'chr11', 'chr12', 'chr13', 'chr14', 'chr15', 'chr16', 'chr17', 'chr18', 'chr19', 'chr20', 'chr21', 'chr22', 'chrX', 'chrY', 'chrM']
I0828 04:35:43.467665 47390867232576 make_examples_core.py:239] Task 18/20: Common contigs are ['chr1', 'chr2', 'chr3', 'chr4', 'chr5', 'chr6', 'chr7', 'chr8', 'chr9', 'chr10', 'chr11', 'chr12', 'chr13', 'chr14', 'chr15', 'chr16', 'chr17', 'chr18', 'chr19', 'chr20', 'chr21', 'chr22', 'chrX', 'chrY', 'chrM']
I0828 04:35:43.430136 47826694768448 make_examples_core.py:239] Task 3/20: Common contigs are ['chr1', 'chr2', 'chr3', 'chr4', 'chr5', 'chr6', 'chr7', 'chr8', 'chr9', 'chr10', 'chr11', 'chr12', 'chr13', 'chr14', 'chr15', 'chr16', 'chr17', 'chr18', 'chr19', 'chr20', 'chr21', 'chr22', 'chrX', 'chrY', 'chrM']
I0828 04:35:43.453182 47501353801536 make_examples_core.py:239] Task 2/20: Common contigs are ['chr1', 'chr2', 'chr3', 'chr4', 'chr5', 'chr6', 'chr7', 'chr8', 'chr9', 'chr10', 'chr11', 'chr12', 'chr13', 'chr14', 'chr15', 'chr16', 'chr17', 'chr18', 'chr19', 'chr20', 'chr21', 'chr22', 'chrX', 'chrY', 'chrM']
I0828 04:35:43.555735 47545880409920 make_examples_core.py:239] Task 11/20: Common contigs are ['chr1', 'chr2', 'chr3', 'chr4', 'chr5', 'chr6', 'chr7', 'chr8', 'chr9', 'chr10', 'chr11', 'chr12', 'chr13', 'chr14', 'chr15', 'chr16', 'chr17', 'chr18', 'chr19', 'chr20', 'chr21', 'chr22', 'chrX', 'chrY', 'chrM']
I0828 04:35:43.371914 47382962067264 make_examples_core.py:239] Task 8/20: Common contigs are ['chr1', 'chr2', 'chr3', 'chr4', 'chr5', 'chr6', 'chr7', 'chr8', 'chr9', 'chr10', 'chr11', 'chr12', 'chr13', 'chr14', 'chr15', 'chr16', 'chr17', 'chr18', 'chr19', 'chr20', 'chr21', 'chr22', 'chrX', 'chrY', 'chrM']
I0828 04:35:43.451182 46962185361216 make_examples_core.py:239] Task 10/20: Common contigs are ['chr1', 'chr2', 'chr3', 'chr4', 'chr5', 'chr6', 'chr7', 'chr8', 'chr9', 'chr10', 'chr11', 'chr12', 'chr13', 'chr14', 'chr15', 'chr16', 'chr17', 'chr18', 'chr19', 'chr20', 'chr21', 'chr22', 'chrX', 'chrY', 'chrM']
I0828 04:35:44.064040 47261879490368 make_examples_core.py:239] Task 1/20: Reading VCF to skip processing some regions without variants in the --proposed_variants VCF.
I0828 04:35:44.078287 47261879490368 genomics_reader.py:222] Reading /shared/home/sorozcoarias/coffea_genomes/Simon/Luis/variant-calling/vcf-1-1-2/intermediate_files/PEPPER_VARIANT_OUTPUT_VARIANT_CALLING_INDEL.vcf.gz with NativeVcfReader
I0828 04:35:44.142623 47261879490368 make_examples_core.py:239] Task 1/20: Filtering regions took 0.078 seconds and reduced the number of regions to process from 15442 to 34 regions containing variants from the supplied VCF of proposed variants.
I0828 04:35:44.155664 47261879490368 make_examples_core.py:239] Task 1/20: Starting from v0.9.0, --use_ref_for_cram is default to true. If you are using CRAM input, note that we will decode CRAM using the reference you passed in with --ref
2023-08-28 04:35:44.157779: I third_party/nucleus/io/sam_reader.cc:736] Setting HTS_OPT_BLOCK_SIZE to 134217728
I0828 04:35:44.186609 47261879490368 genomics_reader.py:222] Reading /shared/home/sorozcoarias/coffea_genomes/Simon/Luis/variant-calling/vcf-1-1-2/intermediate_files/PHASED.PEPPER_MARGIN.haplotagged.bam with NativeSamReader
I0828 04:35:44.158072 47714702436160 make_examples_core.py:239] Task 14/20: Reading VCF to skip processing some regions without variants in the --proposed_variants VCF.
I0828 04:35:44.176145 47714702436160 genomics_reader.py:222] Reading /shared/home/sorozcoarias/coffea_genomes/Simon/Luis/variant-calling/vcf-1-1-2/intermediate_files/PEPPER_VARIANT_OUTPUT_VARIANT_CALLING_INDEL.vcf.gz with NativeVcfReader
I0828 04:35:44.128592 47583817037632 make_examples_core.py:239] Task 13/20: Reading VCF to skip processing some regions without variants in the --proposed_variants VCF.
I0828 04:35:44.140678 47583817037632 genomics_reader.py:222] Reading /shared/home/sorozcoarias/coffea_genomes/Simon/Luis/variant-calling/vcf-1-1-2/intermediate_files/PEPPER_VARIANT_OUTPUT_VARIANT_CALLING_INDEL.vcf.gz with NativeVcfReader
I0828 04:35:44.065341 47392647014208 make_examples_core.py:239] Task 0/20: Reading VCF to skip processing some regions without variants in the --proposed_variants VCF.
I0828 04:35:44.080999 47392647014208 genomics_reader.py:222] Reading /shared/home/sorozcoarias/coffea_genomes/Simon/Luis/variant-calling/vcf-1-1-2/intermediate_files/PEPPER_VARIANT_OUTPUT_VARIANT_CALLING_INDEL.vcf.gz with NativeVcfReader
I0828 04:35:44.137054 47392647014208 make_examples_core.py:239] Task 0/20: Filtering regions took 0.072 seconds and reduced the number of regions to process from 15442 to 33 regions containing variants from the supplied VCF of proposed variants.
I0828 04:35:44.155369 47392647014208 make_examples_core.py:239] Task 0/20: Starting from v0.9.0, --use_ref_for_cram is default to true. If you are using CRAM input, note that we will decode CRAM using the reference you passed in with --ref
2023-08-28 04:35:44.156054: I third_party/nucleus/io/sam_reader.cc:736] Setting HTS_OPT_BLOCK_SIZE to 134217728
I0828 04:35:44.185661 47392647014208 genomics_reader.py:222] Reading /shared/home/sorozcoarias/coffea_genomes/Simon/Luis/variant-calling/vcf-1-1-2/intermediate_files/PHASED.PEPPER_MARGIN.haplotagged.bam with NativeSamReader
I0828 04:35:44.099334 47117203543872 make_examples_core.py:239] Task 19/20: Reading VCF to skip processing some regions without variants in the --proposed_variants VCF.
I0828 04:35:44.117448 47117203543872 genomics_reader.py:222] Reading /shared/home/sorozcoarias/coffea_genomes/Simon/Luis/variant-calling/vcf-1-1-2/intermediate_files/PEPPER_VARIANT_OUTPUT_VARIANT_CALLING_INDEL.vcf.gz with NativeVcfReader
I0828 04:35:44.137185 47942894270272 make_examples_core.py:239] Task 4/20: Reading VCF to skip processing some regions without variants in the --proposed_variants VCF.
I0828 04:35:44.161466 47942894270272 genomics_reader.py:222] Reading /shared/home/sorozcoarias/coffea_genomes/Simon/Luis/variant-calling/vcf-1-1-2/intermediate_files/PEPPER_VARIANT_OUTPUT_VARIANT_CALLING_INDEL.vcf.gz with NativeVcfReader
I0828 04:35:44.413089 47261879490368 genomics_reader.py:222] Reading /shared/home/sorozcoarias/coffea_genomes/Simon/Luis/variant-calling/vcf-1-1-2/intermediate_files/PHASED.PEPPER_MARGIN.haplotagged.bam with NativeSamReader
I0828 04:35:44.427789 47261879490368 make_examples_core.py:239] Task 1/20: Writing examples to /shared/home/sorozcoarias/coffea_genomes/Simon/Luis/variant-calling/vcf-1-1-2/dv_intermediate_outputs/make_examples.tfrecord-00001-of-00020.gz
I0828 04:35:44.427995 47261879490368 make_examples_core.py:239] Task 1/20: Overhead for preparing inputs: 1 seconds
I0828 04:35:44.257464 47714702436160 make_examples_core.py:239] Task 14/20: Filtering regions took 0.099 seconds and reduced the number of regions to process from 15442 to 37 regions containing variants from the supplied VCF of proposed variants.
I0828 04:35:44.270193 47714702436160 make_examples_core.py:239] Task 14/20: Starting from v0.9.0, --use_ref_for_cram is default to true. If you are using CRAM input, note that we will decode CRAM using the reference you passed in with --ref
2023-08-28 04:35:44.270675: I third_party/nucleus/io/sam_reader.cc:736] Setting HTS_OPT_BLOCK_SIZE to 134217728
I0828 04:35:44.298210 47714702436160 genomics_reader.py:222] Reading /shared/home/sorozcoarias/coffea_genomes/Simon/Luis/variant-calling/vcf-1-1-2/intermediate_files/PHASED.PEPPER_MARGIN.haplotagged.bam with NativeSamReader
I0828 04:35:44.228925 47182468732736 make_examples_core.py:239] Task 7/20: Reading VCF to skip processing some regions without variants in the --proposed_variants VCF.
I0828 04:35:44.240485 47182468732736 genomics_reader.py:222] Reading /shared/home/sorozcoarias/coffea_genomes/Simon/Luis/variant-calling/vcf-1-1-2/intermediate_files/PEPPER_VARIANT_OUTPUT_VARIANT_CALLING_INDEL.vcf.gz with NativeVcfReader
I0828 04:35:44.286707 47182468732736 make_examples_core.py:239] Task 7/20: Filtering regions took 0.058 seconds and reduced the number of regions to process from 15442 to 44 regions containing variants from the supplied VCF of proposed variants.
I0828 04:35:44.292603 47182468732736 make_examples_core.py:239] Task 7/20: Starting from v0.9.0, --use_ref_for_cram is default to true. If you are using CRAM input, note that we will decode CRAM using the reference you passed in with --ref
2023-08-28 04:35:44.292773: I third_party/nucleus/io/sam_reader.cc:736] Setting HTS_OPT_BLOCK_SIZE to 134217728
I0828 04:35:44.317365 47182468732736 genomics_reader.py:222] Reading /shared/home/sorozcoarias/coffea_genomes/Simon/Luis/variant-calling/vcf-1-1-2/intermediate_files/PHASED.PEPPER_MARGIN.haplotagged.bam with NativeSamReader
I0828 04:35:44.497309 47182468732736 genomics_reader.py:222] Reading /shared/home/sorozcoarias/coffea_genomes/Simon/Luis/variant-calling/vcf-1-1-2/intermediate_files/PHASED.PEPPER_MARGIN.haplotagged.bam with NativeSamReader
I0828 04:35:44.503100 47182468732736 make_examples_core.py:239] Task 7/20: Writing examples to /shared/home/sorozcoarias/coffea_genomes/Simon/Luis/variant-calling/vcf-1-1-2/dv_intermediate_outputs/make_examples.tfrecord-00007-of-00020.gz
I0828 04:35:44.503197 47182468732736 make_examples_core.py:239] Task 7/20: Overhead for preparing inputs: 1 seconds
I0828 04:35:44.202294 47583817037632 make_examples_core.py:239] Task 13/20: Filtering regions took 0.074 seconds and reduced the number of regions to process from 15442 to 40 regions containing variants from the supplied VCF of proposed variants.
I0828 04:35:44.213737 47583817037632 make_examples_core.py:239] Task 13/20: Starting from v0.9.0, --use_ref_for_cram is default to true. If you are using CRAM input, note that we will decode CRAM using the reference you passed in with --ref
2023-08-28 04:35:44.214236: I third_party/nucleus/io/sam_reader.cc:736] Setting HTS_OPT_BLOCK_SIZE to 134217728
I0828 04:35:44.244460 47583817037632 genomics_reader.py:222] Reading /shared/home/sorozcoarias/coffea_genomes/Simon/Luis/variant-calling/vcf-1-1-2/intermediate_files/PHASED.PEPPER_MARGIN.haplotagged.bam with NativeSamReader
I0828 04:35:44.491422 47583817037632 genomics_reader.py:222] Reading /shared/home/sorozcoarias/coffea_genomes/Simon/Luis/variant-calling/vcf-1-1-2/intermediate_files/PHASED.PEPPER_MARGIN.haplotagged.bam with NativeSamReader
I0828 04:35:44.496732 47583817037632 make_examples_core.py:239] Task 13/20: Writing examples to /shared/home/sorozcoarias/coffea_genomes/Simon/Luis/variant-calling/vcf-1-1-2/dv_intermediate_outputs/make_examples.tfrecord-00013-of-00020.gz
I0828 04:35:44.496831 47583817037632 make_examples_core.py:239] Task 13/20: Overhead for preparing inputs: 1 seconds
I0828 04:35:44.481941 47805709256512 make_examples_core.py:239] Task 15/20: Reading VCF to skip processing some regions without variants in the --proposed_variants VCF.
I0828 04:35:44.500013 47805709256512 genomics_reader.py:222] Reading /shared/home/sorozcoarias/coffea_genomes/Simon/Luis/variant-calling/vcf-1-1-2/intermediate_files/PEPPER_VARIANT_OUTPUT_VARIANT_CALLING_INDEL.vcf.gz with NativeVcfReader
I0828 04:35:44.444387 47590666217280 make_examples_core.py:239] Task 6/20: Reading VCF to skip processing some regions without variants in the --proposed_variants VCF.
I0828 04:35:44.462479 47590666217280 genomics_reader.py:222] Reading /shared/home/sorozcoarias/coffea_genomes/Simon/Luis/variant-calling/vcf-1-1-2/intermediate_files/PEPPER_VARIANT_OUTPUT_VARIANT_CALLING_INDEL.vcf.gz with NativeVcfReader
I0828 04:35:44.443683 47392647014208 genomics_reader.py:222] Reading /shared/home/sorozcoarias/coffea_genomes/Simon/Luis/variant-calling/vcf-1-1-2/intermediate_files/PHASED.PEPPER_MARGIN.haplotagged.bam with NativeSamReader
I0828 04:35:44.449436 47392647014208 make_examples_core.py:239] Task 0/20: Writing examples to /shared/home/sorozcoarias/coffea_genomes/Simon/Luis/variant-calling/vcf-1-1-2/dv_intermediate_outputs/make_examples.tfrecord-00000-of-00020.gz
I0828 04:35:44.449558 47392647014208 make_examples_core.py:239] Task 0/20: Overhead for preparing inputs: 1 seconds
I0828 04:35:44.494032 47392647014208 make_examples_core.py:239] Task 0/20: 2 candidates (2 examples) [0.04s elapsed]
I0828 04:35:44.444110 47334219188032 make_examples_core.py:239] Task 17/20: Reading VCF to skip processing some regions without variants in the --proposed_variants VCF.
I0828 04:35:44.461841 47334219188032 genomics_reader.py:222] Reading /shared/home/sorozcoarias/coffea_genomes/Simon/Luis/variant-calling/vcf-1-1-2/intermediate_files/PEPPER_VARIANT_OUTPUT_VARIANT_CALLING_INDEL.vcf.gz with NativeVcfReader
I0828 04:35:44.395826 47393509779264 make_examples_core.py:239] Task 16/20: Reading VCF to skip processing some regions without variants in the --proposed_variants VCF.
I0828 04:35:44.413957 47393509779264 genomics_reader.py:222] Reading /shared/home/sorozcoarias/coffea_genomes/Simon/Luis/variant-calling/vcf-1-1-2/intermediate_files/PEPPER_VARIANT_OUTPUT_VARIANT_CALLING_INDEL.vcf.gz with NativeVcfReader
I0828 04:35:44.485817 47393509779264 make_examples_core.py:239] Task 16/20: Filtering regions took 0.09 seconds and reduced the number of regions to process from 15442 to 45 regions containing variants from the supplied VCF of proposed variants.
I0828 04:35:44.496944 47393509779264 make_examples_core.py:239] Task 16/20: Starting from v0.9.0, --use_ref_for_cram is default to true. If you are using CRAM input, note that we will decode CRAM using the reference you passed in with --ref
2023-08-28 04:35:44.497223: I third_party/nucleus/io/sam_reader.cc:736] Setting HTS_OPT_BLOCK_SIZE to 134217728
I0828 04:35:44.527454 47393509779264 genomics_reader.py:222] Reading /shared/home/sorozcoarias/coffea_genomes/Simon/Luis/variant-calling/vcf-1-1-2/intermediate_files/PHASED.PEPPER_MARGIN.haplotagged.bam with NativeSamReader
I0828 04:35:44.408792 47524924180288 make_examples_core.py:239] Task 9/20: Reading VCF to skip processing some regions without variants in the --proposed_variants VCF.
I0828 04:35:44.426123 47524924180288 genomics_reader.py:222] Reading /shared/home/sorozcoarias/coffea_genomes/Simon/Luis/variant-calling/vcf-1-1-2/intermediate_files/PEPPER_VARIANT_OUTPUT_VARIANT_CALLING_INDEL.vcf.gz with NativeVcfReader
I0828 04:35:44.499156 47524924180288 make_examples_core.py:239] Task 9/20: Filtering regions took 0.09 seconds and reduced the number of regions to process from 15442 to 38 regions containing variants from the supplied VCF of proposed variants.
I0828 04:35:44.511083 47524924180288 make_examples_core.py:239] Task 9/20: Starting from v0.9.0, --use_ref_for_cram is default to true. If you are using CRAM input, note that we will decode CRAM using the reference you passed in with --ref
2023-08-28 04:35:44.511534: I third_party/nucleus/io/sam_reader.cc:736] Setting HTS_OPT_BLOCK_SIZE to 134217728
I0828 04:35:44.278350 47300753901376 make_examples_core.py:239] Task 12/20: Reading VCF to skip processing some regions without variants in the --proposed_variants VCF.
I0828 04:35:44.289847 47300753901376 genomics_reader.py:222] Reading /shared/home/sorozcoarias/coffea_genomes/Simon/Luis/variant-calling/vcf-1-1-2/intermediate_files/PEPPER_VARIANT_OUTPUT_VARIANT_CALLING_INDEL.vcf.gz with NativeVcfReader
I0828 04:35:44.356029 47300753901376 make_examples_core.py:239] Task 12/20: Filtering regions took 0.077 seconds and reduced the number of regions to process from 15442 to 36 regions containing variants from the supplied VCF of proposed variants.
I0828 04:35:44.368841 47300753901376 make_examples_core.py:239] Task 12/20: Starting from v0.9.0, --use_ref_for_cram is default to true. If you are using CRAM input, note that we will decode CRAM using the reference you passed in with --ref
2023-08-28 04:35:44.369324: I third_party/nucleus/io/sam_reader.cc:736] Setting HTS_OPT_BLOCK_SIZE to 134217728
I0828 04:35:44.402185 47300753901376 genomics_reader.py:222] Reading /shared/home/sorozcoarias/coffea_genomes/Simon/Luis/variant-calling/vcf-1-1-2/intermediate_files/PHASED.PEPPER_MARGIN.haplotagged.bam with NativeSamReader
I0828 04:35:44.344320 47352368359232 make_examples_core.py:239] Task 5/20: Reading VCF to skip processing some regions without variants in the --proposed_variants VCF.
I0828 04:35:44.357612 47352368359232 genomics_reader.py:222] Reading /shared/home/sorozcoarias/coffea_genomes/Simon/Luis/variant-calling/vcf-1-1-2/intermediate_files/PEPPER_VARIANT_OUTPUT_VARIANT_CALLING_INDEL.vcf.gz with NativeVcfReader
I0828 04:35:44.412580 47352368359232 make_examples_core.py:239] Task 5/20: Filtering regions took 0.068 seconds and reduced the number of regions to process from 15442 to 44 regions containing variants from the supplied VCF of proposed variants.
I0828 04:35:44.419766 47352368359232 make_examples_core.py:239] Task 5/20: Starting from v0.9.0, --use_ref_for_cram is default to true. If you are using CRAM input, note that we will decode CRAM using the reference you passed in with --ref
2023-08-28 04:35:44.420072: I third_party/nucleus/io/sam_reader.cc:736] Setting HTS_OPT_BLOCK_SIZE to 134217728
I0828 04:35:44.448071 47352368359232 genomics_reader.py:222] Reading /shared/home/sorozcoarias/coffea_genomes/Simon/Luis/variant-calling/vcf-1-1-2/intermediate_files/PHASED.PEPPER_MARGIN.haplotagged.bam with NativeSamReader
I0828 04:35:44.193433 47117203543872 make_examples_core.py:239] Task 19/20: Filtering regions took 0.094 seconds and reduced the number of regions to process from 15441 to 34 regions containing variants from the supplied VCF of proposed variants.
I0828 04:35:44.204869 47117203543872 make_examples_core.py:239] Task 19/20: Starting from v0.9.0, --use_ref_for_cram is default to true. If you are using CRAM input, note that we will decode CRAM using the reference you passed in with --ref
2023-08-28 04:35:44.205091: I third_party/nucleus/io/sam_reader.cc:736] Setting HTS_OPT_BLOCK_SIZE to 134217728
I0828 04:35:44.236285 47117203543872 genomics_reader.py:222] Reading /shared/home/sorozcoarias/coffea_genomes/Simon/Luis/variant-calling/vcf-1-1-2/intermediate_files/PHASED.PEPPER_MARGIN.haplotagged.bam with NativeSamReader
I0828 04:35:44.493112 47117203543872 genomics_reader.py:222] Reading /shared/home/sorozcoarias/coffea_genomes/Simon/Luis/variant-calling/vcf-1-1-2/intermediate_files/PHASED.PEPPER_MARGIN.haplotagged.bam with NativeSamReader
I0828 04:35:44.498479 47117203543872 make_examples_core.py:239] Task 19/20: Writing examples to /shared/home/sorozcoarias/coffea_genomes/Simon/Luis/variant-calling/vcf-1-1-2/dv_intermediate_outputs/make_examples.tfrecord-00019-of-00020.gz
I0828 04:35:44.498584 47117203543872 make_examples_core.py:239] Task 19/20: Overhead for preparing inputs: 1 seconds
I0828 04:35:44.455425 47390867232576 make_examples_core.py:239] Task 18/20: Reading VCF to skip processing some regions without variants in the --proposed_variants VCF.
I0828 04:35:44.472498 47390867232576 genomics_reader.py:222] Reading /shared/home/sorozcoarias/coffea_genomes/Simon/Luis/variant-calling/vcf-1-1-2/intermediate_files/PEPPER_VARIANT_OUTPUT_VARIANT_CALLING_INDEL.vcf.gz with NativeVcfReader
I0828 04:35:44.265506 47826694768448 make_examples_core.py:239] Task 3/20: Reading VCF to skip processing some regions without variants in the --proposed_variants VCF.
I0828 04:35:44.277801 47826694768448 genomics_reader.py:222] Reading /shared/home/sorozcoarias/coffea_genomes/Simon/Luis/variant-calling/vcf-1-1-2/intermediate_files/PEPPER_VARIANT_OUTPUT_VARIANT_CALLING_INDEL.vcf.gz with NativeVcfReader
I0828 04:35:44.342766 47826694768448 make_examples_core.py:239] Task 3/20: Filtering regions took 0.077 seconds and reduced the number of regions to process from 15442 to 42 regions containing variants from the supplied VCF of proposed variants.
I0828 04:35:44.351936 47826694768448 make_examples_core.py:239] Task 3/20: Starting from v0.9.0, --use_ref_for_cram is default to true. If you are using CRAM input, note that we will decode CRAM using the reference you passed in with --ref
2023-08-28 04:35:44.352374: I third_party/nucleus/io/sam_reader.cc:736] Setting HTS_OPT_BLOCK_SIZE to 134217728
I0828 04:35:44.379100 47826694768448 genomics_reader.py:222] Reading /shared/home/sorozcoarias/coffea_genomes/Simon/Luis/variant-calling/vcf-1-1-2/intermediate_files/PHASED.PEPPER_MARGIN.haplotagged.bam with NativeSamReader
I0828 04:35:44.342869 47501353801536 make_examples_core.py:239] Task 2/20: Reading VCF to skip processing some regions without variants in the --proposed_variants VCF.
I0828 04:35:44.361507 47501353801536 genomics_reader.py:222] Reading /shared/home/sorozcoarias/coffea_genomes/Simon/Luis/variant-calling/vcf-1-1-2/intermediate_files/PEPPER_VARIANT_OUTPUT_VARIANT_CALLING_INDEL.vcf.gz with NativeVcfReader
I0828 04:35:44.415633 47501353801536 make_examples_core.py:239] Task 2/20: Filtering regions took 0.072 seconds and reduced the number of regions to process from 15442 to 40 regions containing variants from the supplied VCF of proposed variants.
I0828 04:35:44.422192 47501353801536 make_examples_core.py:239] Task 2/20: Starting from v0.9.0, --use_ref_for_cram is default to true. If you are using CRAM input, note that we will decode CRAM using the reference you passed in with --ref
2023-08-28 04:35:44.422543: I third_party/nucleus/io/sam_reader.cc:736] Setting HTS_OPT_BLOCK_SIZE to 134217728
I0828 04:35:44.449094 47501353801536 genomics_reader.py:222] Reading /shared/home/sorozcoarias/coffea_genomes/Simon/Luis/variant-calling/vcf-1-1-2/intermediate_files/PHASED.PEPPER_MARGIN.haplotagged.bam with NativeSamReader
I0828 04:35:44.509146 47545880409920 make_examples_core.py:239] Task 11/20: Reading VCF to skip processing some regions without variants in the --proposed_variants VCF.
I0828 04:35:44.526763 47545880409920 genomics_reader.py:222] Reading /shared/home/sorozcoarias/coffea_genomes/Simon/Luis/variant-calling/vcf-1-1-2/intermediate_files/PEPPER_VARIANT_OUTPUT_VARIANT_CALLING_INDEL.vcf.gz with NativeVcfReader
I0828 04:35:44.239814 47942894270272 make_examples_core.py:239] Task 4/20: Filtering regions took 0.102 seconds and reduced the number of regions to process from 15442 to 42 regions containing variants from the supplied VCF of proposed variants.
I0828 04:35:44.252069 47942894270272 make_examples_core.py:239] Task 4/20: Starting from v0.9.0, --use_ref_for_cram is default to true. If you are using CRAM input, note that we will decode CRAM using the reference you passed in with --ref
2023-08-28 04:35:44.252329: I third_party/nucleus/io/sam_reader.cc:736] Setting HTS_OPT_BLOCK_SIZE to 134217728
I0828 04:35:44.281006 47942894270272 genomics_reader.py:222] Reading /shared/home/sorozcoarias/coffea_genomes/Simon/Luis/variant-calling/vcf-1-1-2/intermediate_files/PHASED.PEPPER_MARGIN.haplotagged.bam with NativeSamReader
I0828 04:35:44.508820 47942894270272 genomics_reader.py:222] Reading /shared/home/sorozcoarias/coffea_genomes/Simon/Luis/variant-calling/vcf-1-1-2/intermediate_files/PHASED.PEPPER_MARGIN.haplotagged.bam with NativeSamReader
I0828 04:35:44.513885 47942894270272 make_examples_core.py:239] Task 4/20: Writing examples to /shared/home/sorozcoarias/coffea_genomes/Simon/Luis/variant-calling/vcf-1-1-2/dv_intermediate_outputs/make_examples.tfrecord-00004-of-00020.gz
I0828 04:35:44.514010 47942894270272 make_examples_core.py:239] Task 4/20: Overhead for preparing inputs: 1 seconds
I0828 04:35:44.243254 47382962067264 make_examples_core.py:239] Task 8/20: Reading VCF to skip processing some regions without variants in the --proposed_variants VCF.
I0828 04:35:44.257018 47382962067264 genomics_reader.py:222] Reading /shared/home/sorozcoarias/coffea_genomes/Simon/Luis/variant-calling/vcf-1-1-2/intermediate_files/PEPPER_VARIANT_OUTPUT_VARIANT_CALLING_INDEL.vcf.gz with NativeVcfReader
I0828 04:35:44.319818 47382962067264 make_examples_core.py:239] Task 8/20: Filtering regions took 0.076 seconds and reduced the number of regions to process from 15442 to 36 regions containing variants from the supplied VCF of proposed variants.
I0828 04:35:44.329980 47382962067264 make_examples_core.py:239] Task 8/20: Starting from v0.9.0, --use_ref_for_cram is default to true. If you are using CRAM input, note that we will decode CRAM using the reference you passed in with --ref
2023-08-28 04:35:44.330251: I third_party/nucleus/io/sam_reader.cc:736] Setting HTS_OPT_BLOCK_SIZE to 134217728
I0828 04:35:44.357357 47382962067264 genomics_reader.py:222] Reading /shared/home/sorozcoarias/coffea_genomes/Simon/Luis/variant-calling/vcf-1-1-2/intermediate_files/PHASED.PEPPER_MARGIN.haplotagged.bam with NativeSamReader
I0828 04:35:44.439039 46962185361216 make_examples_core.py:239] Task 10/20: Reading VCF to skip processing some regions without variants in the --proposed_variants VCF.
I0828 04:35:44.455699 46962185361216 genomics_reader.py:222] Reading /shared/home/sorozcoarias/coffea_genomes/Simon/Luis/variant-calling/vcf-1-1-2/intermediate_files/PEPPER_VARIANT_OUTPUT_VARIANT_CALLING_INDEL.vcf.gz with NativeVcfReader
I0828 04:35:44.526924 46962185361216 make_examples_core.py:239] Task 10/20: Filtering regions took 0.088 seconds and reduced the number of regions to process from 15442 to 50 regions containing variants from the supplied VCF of proposed variants.
I0828 04:35:44.720204 47261879490368 make_examples_core.py:239] Task 1/20: 2 candidates (2 examples) [0.29s elapsed]
I0828 04:35:44.536304 47714702436160 genomics_reader.py:222] Reading /shared/home/sorozcoarias/coffea_genomes/Simon/Luis/variant-calling/vcf-1-1-2/intermediate_files/PHASED.PEPPER_MARGIN.haplotagged.bam with NativeSamReader
I0828 04:35:44.540985 47714702436160 make_examples_core.py:239] Task 14/20: Writing examples to /shared/home/sorozcoarias/coffea_genomes/Simon/Luis/variant-calling/vcf-1-1-2/dv_intermediate_outputs/make_examples.tfrecord-00014-of-00020.gz
I0828 04:35:44.541100 47714702436160 make_examples_core.py:239] Task 14/20: Overhead for preparing inputs: 1 seconds
I0828 04:35:44.585185 47714702436160 make_examples_core.py:239] Task 14/20: 1 candidates (1 examples) [0.04s elapsed]
I0828 04:35:44.563983 47182468732736 make_examples_core.py:239] Task 7/20: 2 candidates (2 examples) [0.06s elapsed]
I0828 04:35:44.538326 47583817037632 make_examples_core.py:239] Task 13/20: 1 candidates (1 examples) [0.04s elapsed]
I0828 04:35:44.573433 47805709256512 make_examples_core.py:239] Task 15/20: Filtering regions took 0.091 seconds and reduced the number of regions to process from 15442 to 41 regions containing variants from the supplied VCF of proposed variants.
I0828 04:35:44.585181 47805709256512 make_examples_core.py:239] Task 15/20: Starting from v0.9.0, --use_ref_for_cram is default to true. If you are using CRAM input, note that we will decode CRAM using the reference you passed in with --ref
2023-08-28 04:35:44.585565: I third_party/nucleus/io/sam_reader.cc:736] Setting HTS_OPT_BLOCK_SIZE to 134217728
I0828 04:35:44.614089 47805709256512 genomics_reader.py:222] Reading /shared/home/sorozcoarias/coffea_genomes/Simon/Luis/variant-calling/vcf-1-1-2/intermediate_files/PHASED.PEPPER_MARGIN.haplotagged.bam with NativeSamReader
I0828 04:35:44.859952 47805709256512 genomics_reader.py:222] Reading /shared/home/sorozcoarias/coffea_genomes/Simon/Luis/variant-calling/vcf-1-1-2/intermediate_files/PHASED.PEPPER_MARGIN.haplotagged.bam with NativeSamReader
