I0828 14:23:50.332629 47166452762432 genomics_reader.py:222] Reading /shared/home/sorozcoarias/coffea_genomes/Simon/Luis/variant-calling/vcf-1-2-2/intermediate_files/PEPPER_VARIANT_OUTPUT_VARIANT_CALLING_INDEL.vcf.gz with NativeVcfReader
I0828 14:23:50.348012 47166452762432 make_examples_core.py:239] Task 3/20: Filtering regions took 0.023 seconds and reduced the number of regions to process from 15442 to 0 regions containing variants from the supplied VCF of proposed variants.
I0828 14:23:50.291900 47791987042112 make_examples_core.py:239] Task 7/20: Reading VCF to skip processing some regions without variants in the --proposed_variants VCF.
I0828 14:23:50.304497 47791987042112 genomics_reader.py:222] Reading /shared/home/sorozcoarias/coffea_genomes/Simon/Luis/variant-calling/vcf-1-2-2/intermediate_files/PEPPER_VARIANT_OUTPUT_VARIANT_CALLING_INDEL.vcf.gz with NativeVcfReader
I0828 14:23:50.327656 47791987042112 make_examples_core.py:239] Task 7/20: Filtering regions took 0.036 seconds and reduced the number of regions to process from 15442 to 0 regions containing variants from the supplied VCF of proposed variants.
I0828 14:23:50.339657 47791987042112 make_examples_core.py:239] Task 7/20: Starting from v0.9.0, --use_ref_for_cram is default to true. If you are using CRAM input, note that we will decode CRAM using the reference you passed in with --ref
2023-08-28 14:23:50.341742: I third_party/nucleus/io/sam_reader.cc:736] Setting HTS_OPT_BLOCK_SIZE to 134217728
I0828 14:23:50.359862 47688072984384 genomics_reader.py:222] Reading /shared/home/sorozcoarias/coffea_genomes/Simon/Luis/variant-calling/vcf-1-2-2/intermediate_files/PHASED.PEPPER_MARGIN.haplotagged.bam with NativeSamReader
I0828 14:23:50.356233 47902986929984 make_examples_core.py:239] Task 6/20: Reading VCF to skip processing some regions without variants in the --proposed_variants VCF.
I0828 14:23:50.370729 47902986929984 genomics_reader.py:222] Reading /shared/home/sorozcoarias/coffea_genomes/Simon/Luis/variant-calling/vcf-1-2-2/intermediate_files/PEPPER_VARIANT_OUTPUT_VARIANT_CALLING_INDEL.vcf.gz with NativeVcfReader
I0828 14:23:50.395218 47902986929984 make_examples_core.py:239] Task 6/20: Filtering regions took 0.039 seconds and reduced the number of regions to process from 15442 to 0 regions containing variants from the supplied VCF of proposed variants.
I0828 14:23:50.407243 47902986929984 make_examples_core.py:239] Task 6/20: Starting from v0.9.0, --use_ref_for_cram is default to true. If you are using CRAM input, note that we will decode CRAM using the reference you passed in with --ref
2023-08-28 14:23:50.407492: I third_party/nucleus/io/sam_reader.cc:736] Setting HTS_OPT_BLOCK_SIZE to 134217728
I0828 14:23:50.437901 47902986929984 genomics_reader.py:222] Reading /shared/home/sorozcoarias/coffea_genomes/Simon/Luis/variant-calling/vcf-1-2-2/intermediate_files/PHASED.PEPPER_MARGIN.haplotagged.bam with NativeSamReader
I0828 14:23:50.429479 47678407702336 make_examples_core.py:239] Task 13/20: Reading VCF to skip processing some regions without variants in the --proposed_variants VCF.
I0828 14:23:50.441255 47678407702336 genomics_reader.py:222] Reading /shared/home/sorozcoarias/coffea_genomes/Simon/Luis/variant-calling/vcf-1-2-2/intermediate_files/PEPPER_VARIANT_OUTPUT_VARIANT_CALLING_INDEL.vcf.gz with NativeVcfReader
I0828 14:23:50.368477 47583911913280 make_examples_core.py:239] Task 11/20: Filtering regions took 0.037 seconds and reduced the number of regions to process from 15442 to 0 regions containing variants from the supplied VCF of proposed variants.
I0828 14:23:50.380231 47583911913280 make_examples_core.py:239] Task 11/20: Starting from v0.9.0, --use_ref_for_cram is default to true. If you are using CRAM input, note that we will decode CRAM using the reference you passed in with --ref
2023-08-28 14:23:50.380451: I third_party/nucleus/io/sam_reader.cc:736] Setting HTS_OPT_BLOCK_SIZE to 134217728
I0828 14:23:50.412219 47583911913280 genomics_reader.py:222] Reading /shared/home/sorozcoarias/coffea_genomes/Simon/Luis/variant-calling/vcf-1-2-2/intermediate_files/PHASED.PEPPER_MARGIN.haplotagged.bam with NativeSamReader
I0828 14:23:50.401205 47042450437952 make_examples_core.py:239] Task 4/20: Reading VCF to skip processing some regions without variants in the --proposed_variants VCF.
I0828 14:23:50.415825 47042450437952 genomics_reader.py:222] Reading /shared/home/sorozcoarias/coffea_genomes/Simon/Luis/variant-calling/vcf-1-2-2/intermediate_files/PEPPER_VARIANT_OUTPUT_VARIANT_CALLING_INDEL.vcf.gz with NativeVcfReader
I0828 14:23:50.440848 47042450437952 make_examples_core.py:239] Task 4/20: Filtering regions took 0.039 seconds and reduced the number of regions to process from 15442 to 0 regions containing variants from the supplied VCF of proposed variants.
I0828 14:23:50.452937 47042450437952 make_examples_core.py:239] Task 4/20: Starting from v0.9.0, --use_ref_for_cram is default to true. If you are using CRAM input, note that we will decode CRAM using the reference you passed in with --ref
2023-08-28 14:23:50.453280: I third_party/nucleus/io/sam_reader.cc:736] Setting HTS_OPT_BLOCK_SIZE to 134217728
I0828 14:23:50.413422 47128110360384 make_examples_core.py:239] Task 9/20: Reading VCF to skip processing some regions without variants in the --proposed_variants VCF.
I0828 14:23:50.422377 47128110360384 genomics_reader.py:222] Reading /shared/home/sorozcoarias/coffea_genomes/Simon/Luis/variant-calling/vcf-1-2-2/intermediate_files/PEPPER_VARIANT_OUTPUT_VARIANT_CALLING_INDEL.vcf.gz with NativeVcfReader
I0828 14:23:50.441778 47128110360384 make_examples_core.py:239] Task 9/20: Filtering regions took 0.028 seconds and reduced the number of regions to process from 15442 to 2 regions containing variants from the supplied VCF of proposed variants.
I0828 14:23:50.453797 47128110360384 make_examples_core.py:239] Task 9/20: Starting from v0.9.0, --use_ref_for_cram is default to true. If you are using CRAM input, note that we will decode CRAM using the reference you passed in with --ref
2023-08-28 14:23:50.454129: I third_party/nucleus/io/sam_reader.cc:736] Setting HTS_OPT_BLOCK_SIZE to 134217728
I0828 14:23:50.413226 47667940529984 make_examples_core.py:239] Task 19/20: Reading VCF to skip processing some regions without variants in the --proposed_variants VCF.
I0828 14:23:50.427927 47667940529984 genomics_reader.py:222] Reading /shared/home/sorozcoarias/coffea_genomes/Simon/Luis/variant-calling/vcf-1-2-2/intermediate_files/PEPPER_VARIANT_OUTPUT_VARIANT_CALLING_INDEL.vcf.gz with NativeVcfReader
I0828 14:23:50.452969 47667940529984 make_examples_core.py:239] Task 19/20: Filtering regions took 0.039 seconds and reduced the number of regions to process from 15441 to 1 regions containing variants from the supplied VCF of proposed variants.
I0828 14:23:50.366477 47958839461696 genomics_reader.py:222] Reading /shared/home/sorozcoarias/coffea_genomes/Simon/Luis/variant-calling/vcf-1-2-2/intermediate_files/PHASED.PEPPER_MARGIN.haplotagged.bam with NativeSamReader
I0828 14:23:50.369435 47958839461696 make_examples_core.py:239] Task 14/20: Writing examples to /shared/home/sorozcoarias/coffea_genomes/Simon/Luis/variant-calling/vcf-1-2-2/dv_intermediate_outputs/make_examples.tfrecord-00014-of-00020.gz
I0828 14:23:50.369583 47958839461696 make_examples_core.py:239] Task 14/20: Overhead for preparing inputs: 1 seconds
I0828 14:23:50.370527 47958839461696 make_examples_core.py:239] Task 14/20: Found 0 candidate variants
I0828 14:23:50.370606 47958839461696 make_examples_core.py:239] Task 14/20: Created 0 examples
I0828 14:23:50.381453 47028655863616 genomics_reader.py:222] Reading /shared/home/sorozcoarias/coffea_genomes/Simon/Luis/variant-calling/vcf-1-2-2/intermediate_files/PHASED.PEPPER_MARGIN.haplotagged.bam with NativeSamReader
I0828 14:23:50.384563 47028655863616 make_examples_core.py:239] Task 17/20: Writing examples to /shared/home/sorozcoarias/coffea_genomes/Simon/Luis/variant-calling/vcf-1-2-2/dv_intermediate_outputs/make_examples.tfrecord-00017-of-00020.gz
I0828 14:23:50.384753 47028655863616 make_examples_core.py:239] Task 17/20: Overhead for preparing inputs: 1 seconds
I0828 14:23:50.405606 47884738881344 genomics_reader.py:222] Reading /shared/home/sorozcoarias/coffea_genomes/Simon/Luis/variant-calling/vcf-1-2-2/intermediate_files/PHASED.PEPPER_MARGIN.haplotagged.bam with NativeSamReader
I0828 14:23:50.408137 47884738881344 make_examples_core.py:239] Task 0/20: Writing examples to /shared/home/sorozcoarias/coffea_genomes/Simon/Luis/variant-calling/vcf-1-2-2/dv_intermediate_outputs/make_examples.tfrecord-00000-of-00020.gz
I0828 14:23:50.408228 47884738881344 make_examples_core.py:239] Task 0/20: Overhead for preparing inputs: 1 seconds
I0828 14:23:50.408882 47884738881344 make_examples_core.py:239] Task 0/20: Found 0 candidate variants
I0828 14:23:50.408942 47884738881344 make_examples_core.py:239] Task 0/20: Created 0 examples
I0828 14:23:50.430033 47595361941312 make_examples_core.py:239] Task 18/20: 1 candidates (1 examples) [0.11s elapsed]
I0828 14:23:50.372716 47647549679424 genomics_reader.py:222] Reading /shared/home/sorozcoarias/coffea_genomes/Simon/Luis/variant-calling/vcf-1-2-2/intermediate_files/PHASED.PEPPER_MARGIN.haplotagged.bam with NativeSamReader
I0828 14:23:50.360876 47166452762432 make_examples_core.py:239] Task 3/20: Starting from v0.9.0, --use_ref_for_cram is default to true. If you are using CRAM input, note that we will decode CRAM using the reference you passed in with --ref
2023-08-28 14:23:50.361228: I third_party/nucleus/io/sam_reader.cc:736] Setting HTS_OPT_BLOCK_SIZE to 134217728
I0828 14:23:50.392188 47166452762432 genomics_reader.py:222] Reading /shared/home/sorozcoarias/coffea_genomes/Simon/Luis/variant-calling/vcf-1-2-2/intermediate_files/PHASED.PEPPER_MARGIN.haplotagged.bam with NativeSamReader
I0828 14:23:50.373210 47791987042112 genomics_reader.py:222] Reading /shared/home/sorozcoarias/coffea_genomes/Simon/Luis/variant-calling/vcf-1-2-2/intermediate_files/PHASED.PEPPER_MARGIN.haplotagged.bam with NativeSamReader
I0828 14:23:50.455389 47559069607744 make_examples_core.py:239] Task 12/20: Reading VCF to skip processing some regions without variants in the --proposed_variants VCF.
I0828 14:23:50.467546 47688072984384 genomics_reader.py:222] Reading /shared/home/sorozcoarias/coffea_genomes/Simon/Luis/variant-calling/vcf-1-2-2/intermediate_files/PHASED.PEPPER_MARGIN.haplotagged.bam with NativeSamReader
I0828 14:23:50.470993 47688072984384 make_examples_core.py:239] Task 8/20: Writing examples to /shared/home/sorozcoarias/coffea_genomes/Simon/Luis/variant-calling/vcf-1-2-2/dv_intermediate_outputs/make_examples.tfrecord-00008-of-00020.gz
I0828 14:23:50.471129 47688072984384 make_examples_core.py:239] Task 8/20: Overhead for preparing inputs: 1 seconds
I0828 14:23:50.471855 47688072984384 make_examples_core.py:239] Task 8/20: Found 0 candidate variants
I0828 14:23:50.471915 47688072984384 make_examples_core.py:239] Task 8/20: Created 0 examples
I0828 14:23:50.462105 47678407702336 make_examples_core.py:239] Task 13/20: Filtering regions took 0.032 seconds and reduced the number of regions to process from 15442 to 0 regions containing variants from the supplied VCF of proposed variants.
I0828 14:23:50.473881 47678407702336 make_examples_core.py:239] Task 13/20: Starting from v0.9.0, --use_ref_for_cram is default to true. If you are using CRAM input, note that we will decode CRAM using the reference you passed in with --ref
2023-08-28 14:23:50.474494: I third_party/nucleus/io/sam_reader.cc:736] Setting HTS_OPT_BLOCK_SIZE to 134217728
I0828 14:23:50.490727 47042450437952 genomics_reader.py:222] Reading /shared/home/sorozcoarias/coffea_genomes/Simon/Luis/variant-calling/vcf-1-2-2/intermediate_files/PHASED.PEPPER_MARGIN.haplotagged.bam with NativeSamReader
I0828 14:23:50.466740 47023998760768 genomics_reader.py:222] Reading /shared/home/sorozcoarias/coffea_genomes/Simon/Luis/variant-calling/vcf-1-2-2/intermediate_files/PHASED.PEPPER_MARGIN.haplotagged.bam with NativeSamReader
I0828 14:23:50.470577 47023998760768 make_examples_core.py:239] Task 2/20: Writing examples to /shared/home/sorozcoarias/coffea_genomes/Simon/Luis/variant-calling/vcf-1-2-2/dv_intermediate_outputs/make_examples.tfrecord-00002-of-00020.gz
I0828 14:23:50.470717 47023998760768 make_examples_core.py:239] Task 2/20: Overhead for preparing inputs: 1 seconds
I0828 14:23:50.471617 47023998760768 make_examples_core.py:239] Task 2/20: Found 0 candidate variants
I0828 14:23:50.471677 47023998760768 make_examples_core.py:239] Task 2/20: Created 0 examples
I0828 14:23:50.483599 47128110360384 genomics_reader.py:222] Reading /shared/home/sorozcoarias/coffea_genomes/Simon/Luis/variant-calling/vcf-1-2-2/intermediate_files/PHASED.PEPPER_MARGIN.haplotagged.bam with NativeSamReader
I0828 14:23:50.466107 47667940529984 make_examples_core.py:239] Task 19/20: Starting from v0.9.0, --use_ref_for_cram is default to true. If you are using CRAM input, note that we will decode CRAM using the reference you passed in with --ref
2023-08-28 14:23:50.466550: I third_party/nucleus/io/sam_reader.cc:736] Setting HTS_OPT_BLOCK_SIZE to 134217728
W0828 14:23:50.492611 47028655863616 make_examples_core.py:1348] Could not create PileupImage for candidate at chrM:62
I0828 14:23:50.481214 47811140855616 make_examples_core.py:239] Task 15/20: Reading VCF to skip processing some regions without variants in the --proposed_variants VCF.
I0828 14:23:50.497559 47811140855616 genomics_reader.py:222] Reading /shared/home/sorozcoarias/coffea_genomes/Simon/Luis/variant-calling/vcf-1-2-2/intermediate_files/PEPPER_VARIANT_OUTPUT_VARIANT_CALLING_INDEL.vcf.gz with NativeVcfReader
I0828 14:23:50.482606 47647549679424 genomics_reader.py:222] Reading /shared/home/sorozcoarias/coffea_genomes/Simon/Luis/variant-calling/vcf-1-2-2/intermediate_files/PHASED.PEPPER_MARGIN.haplotagged.bam with NativeSamReader
I0828 14:23:50.485415 47647549679424 make_examples_core.py:239] Task 16/20: Writing examples to /shared/home/sorozcoarias/coffea_genomes/Simon/Luis/variant-calling/vcf-1-2-2/dv_intermediate_outputs/make_examples.tfrecord-00016-of-00020.gz
I0828 14:23:50.485503 47647549679424 make_examples_core.py:239] Task 16/20: Overhead for preparing inputs: 1 seconds
I0828 14:23:50.469581 47791987042112 genomics_reader.py:222] Reading /shared/home/sorozcoarias/coffea_genomes/Simon/Luis/variant-calling/vcf-1-2-2/intermediate_files/PHASED.PEPPER_MARGIN.haplotagged.bam with NativeSamReader
I0828 14:23:50.471879 47791987042112 make_examples_core.py:239] Task 7/20: Writing examples to /shared/home/sorozcoarias/coffea_genomes/Simon/Luis/variant-calling/vcf-1-2-2/dv_intermediate_outputs/make_examples.tfrecord-00007-of-00020.gz
I0828 14:23:50.472010 47791987042112 make_examples_core.py:239] Task 7/20: Overhead for preparing inputs: 1 seconds
I0828 14:23:50.472608 47791987042112 make_examples_core.py:239] Task 7/20: Found 0 candidate variants
I0828 14:23:50.472664 47791987042112 make_examples_core.py:239] Task 7/20: Created 0 examples
I0828 14:23:50.463185 47559069607744 genomics_reader.py:222] Reading /shared/home/sorozcoarias/coffea_genomes/Simon/Luis/variant-calling/vcf-1-2-2/intermediate_files/PEPPER_VARIANT_OUTPUT_VARIANT_CALLING_INDEL.vcf.gz with NativeVcfReader
I0828 14:23:50.478592 47559069607744 make_examples_core.py:239] Task 12/20: Filtering regions took 0.023 seconds and reduced the number of regions to process from 15442 to 0 regions containing variants from the supplied VCF of proposed variants.
I0828 14:23:50.486307 47559069607744 make_examples_core.py:239] Task 12/20: Starting from v0.9.0, --use_ref_for_cram is default to true. If you are using CRAM input, note that we will decode CRAM using the reference you passed in with --ref
2023-08-28 14:23:50.486715: I third_party/nucleus/io/sam_reader.cc:736] Setting HTS_OPT_BLOCK_SIZE to 134217728
I0828 14:23:50.551256 47902986929984 genomics_reader.py:222] Reading /shared/home/sorozcoarias/coffea_genomes/Simon/Luis/variant-calling/vcf-1-2-2/intermediate_files/PHASED.PEPPER_MARGIN.haplotagged.bam with NativeSamReader
I0828 14:23:50.553662 47902986929984 make_examples_core.py:239] Task 6/20: Writing examples to /shared/home/sorozcoarias/coffea_genomes/Simon/Luis/variant-calling/vcf-1-2-2/dv_intermediate_outputs/make_examples.tfrecord-00006-of-00020.gz
I0828 14:23:50.553749 47902986929984 make_examples_core.py:239] Task 6/20: Overhead for preparing inputs: 1 seconds
I0828 14:23:50.555351 47902986929984 make_examples_core.py:239] Task 6/20: Found 0 candidate variants
I0828 14:23:50.555418 47902986929984 make_examples_core.py:239] Task 6/20: Created 0 examples
I0828 14:23:50.512557 47678407702336 genomics_reader.py:222] Reading /shared/home/sorozcoarias/coffea_genomes/Simon/Luis/variant-calling/vcf-1-2-2/intermediate_files/PHASED.PEPPER_MARGIN.haplotagged.bam with NativeSamReader
I0828 14:23:50.537571 47583911913280 genomics_reader.py:222] Reading /shared/home/sorozcoarias/coffea_genomes/Simon/Luis/variant-calling/vcf-1-2-2/intermediate_files/PHASED.PEPPER_MARGIN.haplotagged.bam with NativeSamReader
I0828 14:23:50.540387 47583911913280 make_examples_core.py:239] Task 11/20: Writing examples to /shared/home/sorozcoarias/coffea_genomes/Simon/Luis/variant-calling/vcf-1-2-2/dv_intermediate_outputs/make_examples.tfrecord-00011-of-00020.gz
I0828 14:23:50.540534 47583911913280 make_examples_core.py:239] Task 11/20: Overhead for preparing inputs: 1 seconds
I0828 14:23:50.542048 47583911913280 make_examples_core.py:239] Task 11/20: Found 0 candidate variants
I0828 14:23:50.542132 47583911913280 make_examples_core.py:239] Task 11/20: Created 0 examples
I0828 14:23:50.503935 47667940529984 genomics_reader.py:222] Reading /shared/home/sorozcoarias/coffea_genomes/Simon/Luis/variant-calling/vcf-1-2-2/intermediate_files/PHASED.PEPPER_MARGIN.haplotagged.bam with NativeSamReader
W0828 14:23:50.521269 47028655863616 make_examples_core.py:1348] Could not create PileupImage for candidate at chrM:64
I0828 14:23:50.514754 47811140855616 make_examples_core.py:239] Task 15/20: Filtering regions took 0.033 seconds and reduced the number of regions to process from 15442 to 0 regions containing variants from the supplied VCF of proposed variants.
I0828 14:23:50.524858 47811140855616 make_examples_core.py:239] Task 15/20: Starting from v0.9.0, --use_ref_for_cram is default to true. If you are using CRAM input, note that we will decode CRAM using the reference you passed in with --ref
2023-08-28 14:23:50.525241: I third_party/nucleus/io/sam_reader.cc:736] Setting HTS_OPT_BLOCK_SIZE to 134217728
I0828 14:23:50.556013 47811140855616 genomics_reader.py:222] Reading /shared/home/sorozcoarias/coffea_genomes/Simon/Luis/variant-calling/vcf-1-2-2/intermediate_files/PHASED.PEPPER_MARGIN.haplotagged.bam with NativeSamReader
I0828 14:23:50.507419 47166452762432 genomics_reader.py:222] Reading /shared/home/sorozcoarias/coffea_genomes/Simon/Luis/variant-calling/vcf-1-2-2/intermediate_files/PHASED.PEPPER_MARGIN.haplotagged.bam with NativeSamReader
I0828 14:23:50.509903 47166452762432 make_examples_core.py:239] Task 3/20: Writing examples to /shared/home/sorozcoarias/coffea_genomes/Simon/Luis/variant-calling/vcf-1-2-2/dv_intermediate_outputs/make_examples.tfrecord-00003-of-00020.gz
I0828 14:23:50.509986 47166452762432 make_examples_core.py:239] Task 3/20: Overhead for preparing inputs: 1 seconds
I0828 14:23:50.510542 47166452762432 make_examples_core.py:239] Task 3/20: Found 0 candidate variants
I0828 14:23:50.510600 47166452762432 make_examples_core.py:239] Task 3/20: Created 0 examples
I0828 14:23:50.521045 47559069607744 genomics_reader.py:222] Reading /shared/home/sorozcoarias/coffea_genomes/Simon/Luis/variant-calling/vcf-1-2-2/intermediate_files/PHASED.PEPPER_MARGIN.haplotagged.bam with NativeSamReader
I0828 14:23:50.604181 47042450437952 genomics_reader.py:222] Reading /shared/home/sorozcoarias/coffea_genomes/Simon/Luis/variant-calling/vcf-1-2-2/intermediate_files/PHASED.PEPPER_MARGIN.haplotagged.bam with NativeSamReader
I0828 14:23:50.607259 47042450437952 make_examples_core.py:239] Task 4/20: Writing examples to /shared/home/sorozcoarias/coffea_genomes/Simon/Luis/variant-calling/vcf-1-2-2/dv_intermediate_outputs/make_examples.tfrecord-00004-of-00020.gz
I0828 14:23:50.607337 47042450437952 make_examples_core.py:239] Task 4/20: Overhead for preparing inputs: 1 seconds
I0828 14:23:50.608078 47042450437952 make_examples_core.py:239] Task 4/20: Found 0 candidate variants
I0828 14:23:50.608134 47042450437952 make_examples_core.py:239] Task 4/20: Created 0 examples
I0828 14:23:50.571298 47128110360384 genomics_reader.py:222] Reading /shared/home/sorozcoarias/coffea_genomes/Simon/Luis/variant-calling/vcf-1-2-2/intermediate_files/PHASED.PEPPER_MARGIN.haplotagged.bam with NativeSamReader
I0828 14:23:50.573729 47128110360384 make_examples_core.py:239] Task 9/20: Writing examples to /shared/home/sorozcoarias/coffea_genomes/Simon/Luis/variant-calling/vcf-1-2-2/dv_intermediate_outputs/make_examples.tfrecord-00009-of-00020.gz
I0828 14:23:50.573791 47128110360384 make_examples_core.py:239] Task 9/20: Overhead for preparing inputs: 1 seconds
I0828 14:23:50.600920 47128110360384 make_examples_core.py:239] Task 9/20: 1 candidates (1 examples) [0.03s elapsed]
I0828 14:23:50.592029 47667940529984 genomics_reader.py:222] Reading /shared/home/sorozcoarias/coffea_genomes/Simon/Luis/variant-calling/vcf-1-2-2/intermediate_files/PHASED.PEPPER_MARGIN.haplotagged.bam with NativeSamReader
I0828 14:23:50.594274 47667940529984 make_examples_core.py:239] Task 19/20: Writing examples to /shared/home/sorozcoarias/coffea_genomes/Simon/Luis/variant-calling/vcf-1-2-2/dv_intermediate_outputs/make_examples.tfrecord-00019-of-00020.gz
I0828 14:23:50.594331 47667940529984 make_examples_core.py:239] Task 19/20: Overhead for preparing inputs: 1 seconds
I0828 14:23:50.639880 47678407702336 genomics_reader.py:222] Reading /shared/home/sorozcoarias/coffea_genomes/Simon/Luis/variant-calling/vcf-1-2-2/intermediate_files/PHASED.PEPPER_MARGIN.haplotagged.bam with NativeSamReader
I0828 14:23:50.642879 47678407702336 make_examples_core.py:239] Task 13/20: Writing examples to /shared/home/sorozcoarias/coffea_genomes/Simon/Luis/variant-calling/vcf-1-2-2/dv_intermediate_outputs/make_examples.tfrecord-00013-of-00020.gz
I0828 14:23:50.642994 47678407702336 make_examples_core.py:239] Task 13/20: Overhead for preparing inputs: 1 seconds
I0828 14:23:50.643696 47678407702336 make_examples_core.py:239] Task 13/20: Found 0 candidate variants
I0828 14:23:50.643756 47678407702336 make_examples_core.py:239] Task 13/20: Created 0 examples
I0828 14:23:50.635541 47128110360384 make_examples_core.py:239] Task 9/20: Found 3 candidate variants
I0828 14:23:50.635705 47128110360384 make_examples_core.py:239] Task 9/20: Created 3 examples
I0828 14:23:50.642321 47811140855616 genomics_reader.py:222] Reading /shared/home/sorozcoarias/coffea_genomes/Simon/Luis/variant-calling/vcf-1-2-2/intermediate_files/PHASED.PEPPER_MARGIN.haplotagged.bam with NativeSamReader
I0828 14:23:50.644794 47811140855616 make_examples_core.py:239] Task 15/20: Writing examples to /shared/home/sorozcoarias/coffea_genomes/Simon/Luis/variant-calling/vcf-1-2-2/dv_intermediate_outputs/make_examples.tfrecord-00015-of-00020.gz
I0828 14:23:50.644903 47811140855616 make_examples_core.py:239] Task 15/20: Overhead for preparing inputs: 1 seconds
I0828 14:23:50.645439 47811140855616 make_examples_core.py:239] Task 15/20: Found 0 candidate variants
I0828 14:23:50.645497 47811140855616 make_examples_core.py:239] Task 15/20: Created 0 examples
I0828 14:23:50.640525 47647549679424 make_examples_core.py:239] Task 16/20: 2 candidates (2 examples) [0.15s elapsed]
I0828 14:23:50.641749 47647549679424 make_examples_core.py:239] Task 16/20: Found 2 candidate variants
I0828 14:23:50.641821 47647549679424 make_examples_core.py:239] Task 16/20: Created 2 examples
I0828 14:23:50.657830 47559069607744 genomics_reader.py:222] Reading /shared/home/sorozcoarias/coffea_genomes/Simon/Luis/variant-calling/vcf-1-2-2/intermediate_files/PHASED.PEPPER_MARGIN.haplotagged.bam with NativeSamReader
I0828 14:23:50.660372 47559069607744 make_examples_core.py:239] Task 12/20: Writing examples to /shared/home/sorozcoarias/coffea_genomes/Simon/Luis/variant-calling/vcf-1-2-2/dv_intermediate_outputs/make_examples.tfrecord-00012-of-00020.gz
I0828 14:23:50.660500 47559069607744 make_examples_core.py:239] Task 12/20: Overhead for preparing inputs: 1 seconds
I0828 14:23:50.661441 47559069607744 make_examples_core.py:239] Task 12/20: Found 0 candidate variants
I0828 14:23:50.661499 47559069607744 make_examples_core.py:239] Task 12/20: Created 0 examples
I0828 14:23:50.706481 47667940529984 make_examples_core.py:239] Task 19/20: 1 candidates (1 examples) [0.11s elapsed]
I0828 14:23:50.707633 47667940529984 make_examples_core.py:239] Task 19/20: Found 1 candidate variants
I0828 14:23:50.707687 47667940529984 make_examples_core.py:239] Task 19/20: Created 1 examples
I0828 14:23:50.889212 47595361941312 make_examples_core.py:239] Task 18/20: Found 14 candidate variants
I0828 14:23:50.889364 47595361941312 make_examples_core.py:239] Task 18/20: Created 14 examples
I0828 14:23:50.941997 47028655863616 make_examples_core.py:239] Task 17/20: 20 candidates (18 examples) [0.56s elapsed]
I0828 14:23:50.942635 47028655863616 make_examples_core.py:239] Task 17/20: Found 20 candidate variants
I0828 14:23:50.942682 47028655863616 make_examples_core.py:239] Task 17/20: Created 18 examples

real	0m5.206s
user	1m9.221s
sys	0m24.234s

***** Running the command:*****
time /opt/deepvariant/bin/call_variants --outfile "/shared/home/sorozcoarias/coffea_genomes/Simon/Luis/variant-calling/vcf-1-2-2/dv_intermediate_outputs/call_variants_output.tfrecord.gz" --examples "/shared/home/sorozcoarias/coffea_genomes/Simon/Luis/variant-calling/vcf-1-2-2/dv_intermediate_outputs/make_examples.tfrecord@20.gz" --checkpoint "/opt/dv_models/ont_deepvariant_vc/dv_ont_r9_guppy5_sup_vc_model_indel" --openvino_model_dir "/shared/home/sorozcoarias/coffea_genomes/Simon/Luis/variant-calling/vcf-1-2-2/dv_intermediate_outputs/"

/shared/software/modules/4.6.1/init/bash: line 37: /usr/bin/tclsh: No such file or directory
/shared/software/modules/4.6.1/init/bash: line 37: /usr/bin/tclsh: No such file or directory
I0828 14:23:52.617174 46974878439232 call_variants.py:336] Shape of input examples: [300, 221, 7]
2023-08-28 14:23:52.620868: I tensorflow/core/platform/cpu_feature_guard.cc:142] This TensorFlow binary is optimized with oneAPI Deep Neural Network Library (oneDNN) to use the following CPU instructions in performance-critical operations:  AVX2 FMA
To enable them in other operations, rebuild TensorFlow with the appropriate compiler flags.
2023-08-28 14:23:52.621747: I tensorflow/core/common_runtime/process_util.cc:146] Creating new thread pool with default inter op setting: 2. Tune using inter_op_parallelism_threads for best performance.
2023-08-28 14:23:52.622476: I tensorflow/core/platform/profile_utils/cpu_utils.cc:114] CPU Frequency: 3194015000 Hz
WARNING:tensorflow:Using temporary folder as model directory: /tmp/tmp6lwo1s7t
W0828 14:23:52.632638 46974878439232 estimator.py:1846] Using temporary folder as model directory: /tmp/tmp6lwo1s7t
INFO:tensorflow:Using config: {'_model_dir': '/tmp/tmp6lwo1s7t', '_tf_random_seed': None, '_save_summary_steps': 100, '_save_checkpoints_steps': None, '_save_checkpoints_secs': 600, '_session_config': , '_keep_checkpoint_max': 100000, '_keep_checkpoint_every_n_hours': 10000, '_log_step_count_steps': 100, '_train_distribute': None, '_device_fn': None, '_protocol': None, '_eval_distribute': None, '_experimental_distribute': None, '_experimental_max_worker_delay_secs': None, '_session_creation_timeout_secs': 7200, '_checkpoint_save_graph_def': True, '_service': None, '_cluster_spec': ClusterSpec({}), '_task_type': 'worker', '_task_id': 0, '_global_id_in_cluster': 0, '_master': '', '_evaluation_master': '', '_is_chief': True, '_num_ps_replicas': 0, '_num_worker_replicas': 1}
I0828 14:23:52.632846 46974878439232 estimator.py:191] Using config: {'_model_dir': '/tmp/tmp6lwo1s7t', '_tf_random_seed': None, '_save_summary_steps': 100, '_save_checkpoints_steps': None, '_save_checkpoints_secs': 600, '_session_config': , '_keep_checkpoint_max': 100000, '_keep_checkpoint_every_n_hours': 10000, '_log_step_count_steps': 100, '_train_distribute': None, '_device_fn': None, '_protocol': None, '_eval_distribute': None, '_experimental_distribute': None, '_experimental_max_worker_delay_secs': None, '_session_creation_timeout_secs': 7200, '_checkpoint_save_graph_def': True, '_service': None, '_cluster_spec': ClusterSpec({}), '_task_type': 'worker', '_task_id': 0, '_global_id_in_cluster': 0, '_master': '', '_evaluation_master': '', '_is_chief': True, '_num_ps_replicas': 0, '_num_worker_replicas': 1}
I0828 14:23:52.632991 46974878439232 call_variants.py:426] Writing calls to /shared/home/sorozcoarias/coffea_genomes/Simon/Luis/variant-calling/vcf-1-2-2/dv_intermediate_outputs/call_variants_output.tfrecord.gz
INFO:tensorflow:Calling model_fn.
I0828 14:23:52.791954 46974878439232 estimator.py:1162] Calling model_fn.
/usr/local/lib/python3.8/dist-packages/tensorflow/python/keras/engine/base_layer_v1.py:1692: UserWarning: `layer.apply` is deprecated and will be removed in a future version. Please use `layer.__call__` method instead.
  warnings.warn('`layer.apply` is deprecated and '
INFO:tensorflow:Done calling model_fn.
I0828 14:23:55.041081 46974878439232 estimator.py:1164] Done calling model_fn.
INFO:tensorflow:Graph was finalized.
I0828 14:23:55.463488 46974878439232 monitored_session.py:247] Graph was finalized.
INFO:tensorflow:Restoring parameters from /opt/dv_models/ont_deepvariant_vc/dv_ont_r9_guppy5_sup_vc_model_indel
I0828 14:23:55.463853 46974878439232 saver.py:1298] Restoring parameters from /opt/dv_models/ont_deepvariant_vc/dv_ont_r9_guppy5_sup_vc_model_indel
INFO:tensorflow:Running local_init_op.
I0828 14:23:57.790323 46974878439232 session_manager.py:531] Running local_init_op.
INFO:tensorflow:Done running local_init_op.
I0828 14:23:57.803580 46974878439232 session_manager.py:534] Done running local_init_op.
2023-08-28 14:23:57.939398: I tensorflow/compiler/mlir/mlir_graph_optimization_pass.cc:176] None of the MLIR Optimization Passes are enabled (registered 2)
INFO:tensorflow:Reloading EMA...
I0828 14:23:57.947385 46974878439232 modeling.py:416] Reloading EMA...
INFO:tensorflow:Restoring parameters from /opt/dv_models/ont_deepvariant_vc/dv_ont_r9_guppy5_sup_vc_model_indel
I0828 14:23:57.947553 46974878439232 saver.py:1298] Restoring parameters from /opt/dv_models/ont_deepvariant_vc/dv_ont_r9_guppy5_sup_vc_model_indel
I0828 14:23:59.432055 46974878439232 call_variants.py:442] Processed 1 examples in 1 batches [679.816 sec per 100]
I0828 14:23:59.456322 46974878439232 call_variants.py:448] Processed 40 examples in 1 batches [17.001 sec per 100]
I0828 14:23:59.456420 46974878439232 call_variants.py:451] Done calling variants from a total of 40 examples.

real	0m8.544s
user	0m11.181s
sys	0m3.093s

***** Running the command:*****
time /opt/deepvariant/bin/postprocess_variants --ref "GRCh38.fa" --infile "/shared/home/sorozcoarias/coffea_genomes/Simon/Luis/variant-calling/vcf-1-2-2/dv_intermediate_outputs/call_variants_output.tfrecord.gz" --outfile "/shared/home/sorozcoarias/coffea_genomes/Simon/Luis/variant-calling/vcf-1-2-2/intermediate_files/DEEPVARIANT_OUTPUT_INDEL.vcf.gz" --sample_name "Sample" --use_multiallelic_model

/shared/software/modules/4.6.1/init/bash: line 37: /usr/bin/tclsh: No such file or directory
/shared/software/modules/4.6.1/init/bash: line 37: /usr/bin/tclsh: No such file or directory
I0828 14:24:01.139680 47285238912832 postprocess_variants.py:1115] Using sample name from call_variants output. Sample name: Sample
I0828 14:24:01.139864 47285238912832 postprocess_variants.py:1118] --sample_name is set but was not used.
2023-08-28 14:24:01.143704: I deepvariant/postprocess_variants.cc:88] Read from: /shared/home/sorozcoarias/coffea_genomes/Simon/Luis/variant-calling/vcf-1-2-2/dv_intermediate_outputs/call_variants_output.tfrecord.gz
2023-08-28 14:24:01.144163: I deepvariant/postprocess_variants.cc:103] Total #entries in single_site_calls = 40
I0828 14:24:01.144960 47285238912832 postprocess_variants.py:1180] CVO sorting took 7.356007893880209e-05 minutes
I0828 14:24:01.145060 47285238912832 postprocess_variants.py:1183] Transforming call_variants_output to variants.
I0828 14:24:01.146138 47285238912832 postprocess_variants.py:1204] Writing variants to VCF.
I0828 14:24:01.146178 47285238912832 postprocess_variants.py:774] Writing output to VCF file: /shared/home/sorozcoarias/coffea_genomes/Simon/Luis/variant-calling/vcf-1-2-2/intermediate_files/DEEPVARIANT_OUTPUT_INDEL.vcf.gz
I0828 14:24:01.152635 47285238912832 genomics_writer.py:175] Writing /shared/home/sorozcoarias/coffea_genomes/Simon/Luis/variant-calling/vcf-1-2-2/intermediate_files/DEEPVARIANT_OUTPUT_INDEL.vcf.gz with NativeVcfWriter
WARNING:tensorflow:SavedModel saved prior to TF 2.5 detected when loading Keras model. Please ensure that you are saving the model with model.save() or tf.keras.models.save_model(), *NOT* tf.saved_model.save(). To confirm, there should be a file named "keras_metadata.pb" in the SavedModel directory.
W0828 14:24:01.154166 47285238912832 load.py:133] SavedModel saved prior to TF 2.5 detected when loading Keras model. Please ensure that you are saving the model with model.save() or tf.keras.models.save_model(), *NOT* tf.saved_model.save(). To confirm, there should be a file named "keras_metadata.pb" in the SavedModel directory.
2023-08-28 14:24:01.157107: I tensorflow/core/platform/cpu_feature_guard.cc:142] This TensorFlow binary is optimized with oneAPI Deep Neural Network Library (oneDNN) to use the following CPU instructions in performance-critical operations:  AVX2 FMA
To enable them in other operations, rebuild TensorFlow with the appropriate compiler flags.
2023-08-28 14:24:01.158218: I tensorflow/core/common_runtime/process_util.cc:146] Creating new thread pool with default inter op setting: 2. Tune using inter_op_parallelism_threads for best performance.
I0828 14:24:01.372117 47285238912832 postprocess_variants.py:783] 1 variants written.
I0828 14:24:01.410249 47285238912832 postprocess_variants.py:1211] VCF creation took 0.004401783148447673 minutes
I0828 14:24:01.416095 47285238912832 genomics_reader.py:222] Reading /shared/home/sorozcoarias/coffea_genomes/Simon/Luis/variant-calling/vcf-1-2-2/intermediate_files/DEEPVARIANT_OUTPUT_INDEL.vcf.gz with NativeVcfReader

real	0m2.021s
user	0m1.970s
sys	0m1.507s
[08-28-2023 14:24:02] INFO: MERGE VARIANTS SUBCOMMAND SELECTED
[08-28-2023 14:24:02] INFO: TOTAL VARIANTS IN DeepVariant: 252
[08-28-2023 14:24:02] INFO: TOTAL VARIANTS FROM PEPPER: 14
[08-28-2023 14:24:02] INFO: TOTAL VARIANTS FROM DEEPVARIANT: 252
[08-28-2023 14:24:02] INFO: TOTAL PASS VARIANTS: 89
['Sample']
['Sample']
----------------
Compute metrics
Hap.py 
Benchmarking Summary:
  Type Filter  TRUTH.TOTAL  TRUTH.TP  TRUTH.FN  QUERY.TOTAL  QUERY.FP  QUERY.UNK  FP.gt  FP.al  METRIC.Recall  METRIC.Precision  METRIC.Frac_NA  METRIC.F1_Score  TRUTH.TOTAL.TiTv_ratio  QUERY.TOTAL.TiTv_ratio  TRUTH.TOTAL.het_hom_ratio  QUERY.TOTAL.het_hom_ratio
 INDEL    ALL       525369         0    525369            0         0          0      0      0       0.000000          0.000000             0.0              NaN                     NaN                     NaN                   1.528453                        NaN
 INDEL   PASS       525369         0    525369            0         0          0      0      0       0.000000          0.000000             0.0              NaN                     NaN                     NaN                   1.528453                        NaN
   SNP    ALL      3365115         5   3365110           17        12          0      6      0       0.000001          0.294118             0.0         0.000003                2.100129                4.666667                   1.581196                        0.0
   SNP   PASS      3365115         5   3365110           17        12          0      6      0       0.000001          0.294118             0.0         0.000003                2.100129                4.666667                   1.581196                        0.0
