I0828 14:23:26.584715 47531291797312 run_deepvariant.py:341] Creating a directory for intermediate results in /shared/home/sorozcoarias/coffea_genomes/Simon/Luis/variant-calling/vcf-1-2-2/dv_intermediate_outputs/
I0828 14:23:26.589851 47531291797312 run_deepvariant.py:362] You set --customized_model. Instead of using the default model for WGS, `call_variants` step will load /opt/dv_models/ont_deepvariant_vc/dv_ont_r9_guppy5_sup_vc_model_snp* instead.

***** Intermediate results will be written to /shared/home/sorozcoarias/coffea_genomes/Simon/Luis/variant-calling/vcf-1-2-2/dv_intermediate_outputs/ in docker. ****


***** Running the command:*****
time seq 0 19 | parallel -q --halt 2 --line-buffer /opt/deepvariant/bin/make_examples --mode calling --ref "GRCh38.fa" --reads "/shared/home/sorozcoarias/coffea_genomes/Simon/Luis/variant-calling/vcf-1-2-2/intermediate_files/PHASED.PEPPER_MARGIN.haplotagged.bam" --examples "/shared/home/sorozcoarias/coffea_genomes/Simon/Luis/variant-calling/vcf-1-2-2/dv_intermediate_outputs/make_examples.tfrecord@20.gz" --add_hp_channel --alt_aligned_pileup "none" --min_base_quality "1" --min_mapping_quality "5" --parse_sam_aux_fields --partition_size "10000" --proposed_variants "/shared/home/sorozcoarias/coffea_genomes/Simon/Luis/variant-calling/vcf-1-2-2/intermediate_files/PEPPER_VARIANT_OUTPUT_VARIANT_CALLING_SNPs.vcf.gz" --norealign_reads --sample_name "Sample" --sort_by_haplotypes --variant_caller "vcf_candidate_importer" --task {}

/shared/software/modules/4.6.1/init/bash: line 37: /usr/bin/tclsh: No such file or directory
perl: warning: Setting locale failed.
perl: warning: Please check that your locale settings:
	LANGUAGE = (unset),
	LC_ALL = (unset),
	LC_ADDRESS = "es_CO.UTF-8",
	LC_NAME = "es_CO.UTF-8",
	LC_MONETARY = "es_CO.UTF-8",
	LC_PAPER = "es_CO.UTF-8",
	LC_IDENTIFICATION = "es_CO.UTF-8",
	LC_TELEPHONE = "es_CO.UTF-8",
	LC_MEASUREMENT = "es_CO.UTF-8",
	LC_TIME = "es_CO.UTF-8",
	LC_NUMERIC = "es_CO.UTF-8",
	LANG = "en_US.UTF-8"
    are supported and installed on your system.
perl: warning: Falling back to the standard locale ("C").
perl: warning: Setting locale failed.
perl: warning: Please check that your locale settings:
	LANGUAGE = (unset),
	LC_ALL = (unset),
	LC_TIME = "es_CO.UTF-8",
	LC_MONETARY = "es_CO.UTF-8",
	LC_ADDRESS = "es_CO.UTF-8",
	LC_TELEPHONE = "es_CO.UTF-8",
	LC_NAME = "es_CO.UTF-8",
	LC_MEASUREMENT = "es_CO.UTF-8",
	LC_IDENTIFICATION = "es_CO.UTF-8",
	LC_NUMERIC = "es_CO.UTF-8",
	LC_PAPER = "es_CO.UTF-8",
	LANG = "en_US.UTF-8"
    are supported and installed on your system.
perl: warning: Falling back to the standard locale ("C").
/shared/software/modules/4.6.1/init/bash: line 37: /usr/bin/tclsh: No such file or directory
/shared/software/modules/4.6.1/init/bash: line 37: /usr/bin/tclsh: No such file or directory
/shared/software/modules/4.6.1/init/bash: line 37: /usr/bin/tclsh: No such file or directory
/shared/software/modules/4.6.1/init/bash: line 37: /usr/bin/tclsh: No such file or directory
/shared/software/modules/4.6.1/init/bash: line 37: /usr/bin/tclsh: No such file or directory
/shared/software/modules/4.6.1/init/bash: line 37: /usr/bin/tclsh: No such file or directory
/shared/software/modules/4.6.1/init/bash: line 37: /usr/bin/tclsh: No such file or directory
/shared/software/modules/4.6.1/init/bash: line 37: /usr/bin/tclsh: No such file or directory
/shared/software/modules/4.6.1/init/bash: line 37: /usr/bin/tclsh: No such file or directory
/shared/software/modules/4.6.1/init/bash: line 37: /usr/bin/tclsh: No such file or directory
/shared/software/modules/4.6.1/init/bash: line 37: /usr/bin/tclsh: No such file or directory
/shared/software/modules/4.6.1/init/bash: line 37: /usr/bin/tclsh: No such file or directory
/shared/software/modules/4.6.1/init/bash: line 37: /usr/bin/tclsh: No such file or directory
/shared/software/modules/4.6.1/init/bash: line 37: /usr/bin/tclsh: No such file or directory
/shared/software/modules/4.6.1/init/bash: line 37: /usr/bin/tclsh: No such file or directory
/shared/software/modules/4.6.1/init/bash: line 37: /usr/bin/tclsh: No such file or directory
/shared/software/modules/4.6.1/init/bash: line 37: /usr/bin/tclsh: No such file or directory
/shared/software/modules/4.6.1/init/bash: line 37: /usr/bin/tclsh: No such file or directory
/shared/software/modules/4.6.1/init/bash: line 37: /usr/bin/tclsh: No such file or directory
/shared/software/modules/4.6.1/init/bash: line 37: /usr/bin/tclsh: No such file or directory
/shared/software/modules/4.6.1/init/bash: line 37: /usr/bin/tclsh: No such file or directory
/shared/software/modules/4.6.1/init/bash: line 37: /usr/bin/tclsh: No such file or directory
/shared/software/modules/4.6.1/init/bash: line 37: /usr/bin/tclsh: No such file or directory
/shared/software/modules/4.6.1/init/bash: line 37: /usr/bin/tclsh: No such file or directory
/shared/software/modules/4.6.1/init/bash: line 37: /usr/bin/tclsh: No such file or directory
/shared/software/modules/4.6.1/init/bash: line 37: /usr/bin/tclsh: No such file or directory
/shared/software/modules/4.6.1/init/bash: line 37: /usr/bin/tclsh: No such file or directory
/shared/software/modules/4.6.1/init/bash: line 37: /usr/bin/tclsh: No such file or directory
/shared/software/modules/4.6.1/init/bash: line 37: /usr/bin/tclsh: No such file or directory
/shared/software/modules/4.6.1/init/bash: line 37: /usr/bin/tclsh: No such file or directory
/shared/software/modules/4.6.1/init/bash: line 37: /usr/bin/tclsh: No such file or directory
/shared/software/modules/4.6.1/init/bash: line 37: /usr/bin/tclsh: No such file or directory
/shared/software/modules/4.6.1/init/bash: line 37: /usr/bin/tclsh: No such file or directory
/shared/software/modules/4.6.1/init/bash: line 37: /usr/bin/tclsh: No such file or directory
/shared/software/modules/4.6.1/init/bash: line 37: /usr/bin/tclsh: No such file or directory
/shared/software/modules/4.6.1/init/bash: line 37: /usr/bin/tclsh: No such file or directory
/shared/software/modules/4.6.1/init/bash: line 37: /usr/bin/tclsh: No such file or directory
/shared/software/modules/4.6.1/init/bash: line 37: /usr/bin/tclsh: No such file or directory
/shared/software/modules/4.6.1/init/bash: line 37: /usr/bin/tclsh: No such file or directory
/shared/software/modules/4.6.1/init/bash: line 37: /usr/bin/tclsh: No such file or directory
I0828 14:23:29.577066 47088909825856 make_examples_core.py:239] Task 0/20: Preparing inputs
I0828 14:23:29.570166 47088451811136 make_examples_core.py:239] Task 1/20: Preparing inputs
I0828 14:23:29.635308 46925940737856 make_examples_core.py:239] Task 4/20: Preparing inputs
I0828 14:23:29.695124 46925940737856 genomics_reader.py:222] Reading /shared/home/sorozcoarias/coffea_genomes/Simon/Luis/variant-calling/vcf-1-2-2/intermediate_files/PHASED.PEPPER_MARGIN.haplotagged.bam with NativeSamReader
I0828 14:23:29.648072 47088909825856 genomics_reader.py:222] Reading /shared/home/sorozcoarias/coffea_genomes/Simon/Luis/variant-calling/vcf-1-2-2/intermediate_files/PHASED.PEPPER_MARGIN.haplotagged.bam with NativeSamReader
I0828 14:23:29.617310 47088451811136 genomics_reader.py:222] Reading /shared/home/sorozcoarias/coffea_genomes/Simon/Luis/variant-calling/vcf-1-2-2/intermediate_files/PHASED.PEPPER_MARGIN.haplotagged.bam with NativeSamReader
I0828 14:23:29.958101 47482355038016 make_examples_core.py:239] Task 19/20: Preparing inputs
I0828 14:23:29.976404 47482355038016 genomics_reader.py:222] Reading /shared/home/sorozcoarias/coffea_genomes/Simon/Luis/variant-calling/vcf-1-2-2/intermediate_files/PHASED.PEPPER_MARGIN.haplotagged.bam with NativeSamReader
I0828 14:23:29.922944 47152840210240 make_examples_core.py:239] Task 8/20: Preparing inputs
I0828 14:23:29.945695 47152840210240 genomics_reader.py:222] Reading /shared/home/sorozcoarias/coffea_genomes/Simon/Luis/variant-calling/vcf-1-2-2/intermediate_files/PHASED.PEPPER_MARGIN.haplotagged.bam with NativeSamReader
I0828 14:23:29.882967 47131678033728 make_examples_core.py:239] Task 10/20: Preparing inputs
I0828 14:23:29.907700 47131678033728 genomics_reader.py:222] Reading /shared/home/sorozcoarias/coffea_genomes/Simon/Luis/variant-calling/vcf-1-2-2/intermediate_files/PHASED.PEPPER_MARGIN.haplotagged.bam with NativeSamReader
I0828 14:23:29.847370 47035664348992 make_examples_core.py:239] Task 15/20: Preparing inputs
I0828 14:23:29.898610 47035664348992 genomics_reader.py:222] Reading /shared/home/sorozcoarias/coffea_genomes/Simon/Luis/variant-calling/vcf-1-2-2/intermediate_files/PHASED.PEPPER_MARGIN.haplotagged.bam with NativeSamReader
I0828 14:23:29.926759 47568820512576 make_examples_core.py:239] Task 17/20: Preparing inputs
I0828 14:23:29.943585 47568820512576 genomics_reader.py:222] Reading /shared/home/sorozcoarias/coffea_genomes/Simon/Luis/variant-calling/vcf-1-2-2/intermediate_files/PHASED.PEPPER_MARGIN.haplotagged.bam with NativeSamReader
I0828 14:23:29.936697 47076145989440 make_examples_core.py:239] Task 6/20: Preparing inputs
I0828 14:23:29.956937 47076145989440 genomics_reader.py:222] Reading /shared/home/sorozcoarias/coffea_genomes/Simon/Luis/variant-calling/vcf-1-2-2/intermediate_files/PHASED.PEPPER_MARGIN.haplotagged.bam with NativeSamReader
I0828 14:23:30.032671 47949124396864 make_examples_core.py:239] Task 9/20: Preparing inputs
I0828 14:23:30.048354 47949124396864 genomics_reader.py:222] Reading /shared/home/sorozcoarias/coffea_genomes/Simon/Luis/variant-calling/vcf-1-2-2/intermediate_files/PHASED.PEPPER_MARGIN.haplotagged.bam with NativeSamReader
I0828 14:23:30.060014 47245550638912 make_examples_core.py:239] Task 14/20: Preparing inputs
I0828 14:23:30.075785 47245550638912 genomics_reader.py:222] Reading /shared/home/sorozcoarias/coffea_genomes/Simon/Luis/variant-calling/vcf-1-2-2/intermediate_files/PHASED.PEPPER_MARGIN.haplotagged.bam with NativeSamReader
I0828 14:23:30.091333 47843824666432 make_examples_core.py:239] Task 3/20: Preparing inputs
I0828 14:23:30.107676 47843824666432 genomics_reader.py:222] Reading /shared/home/sorozcoarias/coffea_genomes/Simon/Luis/variant-calling/vcf-1-2-2/intermediate_files/PHASED.PEPPER_MARGIN.haplotagged.bam with NativeSamReader
I0828 14:23:30.098361 47813471962944 make_examples_core.py:239] Task 12/20: Preparing inputs
I0828 14:23:30.114227 47813471962944 genomics_reader.py:222] Reading /shared/home/sorozcoarias/coffea_genomes/Simon/Luis/variant-calling/vcf-1-2-2/intermediate_files/PHASED.PEPPER_MARGIN.haplotagged.bam with NativeSamReader
I0828 14:23:30.030205 47030587963200 make_examples_core.py:239] Task 7/20: Preparing inputs
I0828 14:23:30.047430 47030587963200 genomics_reader.py:222] Reading /shared/home/sorozcoarias/coffea_genomes/Simon/Luis/variant-calling/vcf-1-2-2/intermediate_files/PHASED.PEPPER_MARGIN.haplotagged.bam with NativeSamReader
I0828 14:23:30.029733 47208533342016 make_examples_core.py:239] Task 5/20: Preparing inputs
I0828 14:23:30.047169 47208533342016 genomics_reader.py:222] Reading /shared/home/sorozcoarias/coffea_genomes/Simon/Luis/variant-calling/vcf-1-2-2/intermediate_files/PHASED.PEPPER_MARGIN.haplotagged.bam with NativeSamReader
I0828 14:23:30.180732 46925940737856 make_examples_core.py:239] Task 4/20: Common contigs are ['chr1', 'chr2', 'chr3', 'chr4', 'chr5', 'chr6', 'chr7', 'chr8', 'chr9', 'chr10', 'chr11', 'chr12', 'chr13', 'chr14', 'chr15', 'chr16', 'chr17', 'chr18', 'chr19', 'chr20', 'chr21', 'chr22', 'chrX', 'chrY', 'chrM']
I0828 14:23:30.024230 47711830681408 make_examples_core.py:239] Task 18/20: Preparing inputs
I0828 14:23:30.037146 47711830681408 genomics_reader.py:222] Reading /shared/home/sorozcoarias/coffea_genomes/Simon/Luis/variant-calling/vcf-1-2-2/intermediate_files/PHASED.PEPPER_MARGIN.haplotagged.bam with NativeSamReader
I0828 14:23:29.997575 47197783287616 make_examples_core.py:239] Task 11/20: Preparing inputs
I0828 14:23:30.016840 47197783287616 genomics_reader.py:222] Reading /shared/home/sorozcoarias/coffea_genomes/Simon/Luis/variant-calling/vcf-1-2-2/intermediate_files/PHASED.PEPPER_MARGIN.haplotagged.bam with NativeSamReader
I0828 14:23:30.009347 47088547178304 make_examples_core.py:239] Task 2/20: Preparing inputs
I0828 14:23:30.025735 47088547178304 genomics_reader.py:222] Reading /shared/home/sorozcoarias/coffea_genomes/Simon/Luis/variant-calling/vcf-1-2-2/intermediate_files/PHASED.PEPPER_MARGIN.haplotagged.bam with NativeSamReader
I0828 14:23:29.999830 47180346881856 make_examples_core.py:239] Task 13/20: Preparing inputs
I0828 14:23:30.017200 47180346881856 genomics_reader.py:222] Reading /shared/home/sorozcoarias/coffea_genomes/Simon/Luis/variant-calling/vcf-1-2-2/intermediate_files/PHASED.PEPPER_MARGIN.haplotagged.bam with NativeSamReader
I0828 14:23:30.052249 47850887923520 make_examples_core.py:239] Task 16/20: Preparing inputs
I0828 14:23:30.068721 47850887923520 genomics_reader.py:222] Reading /shared/home/sorozcoarias/coffea_genomes/Simon/Luis/variant-calling/vcf-1-2-2/intermediate_files/PHASED.PEPPER_MARGIN.haplotagged.bam with NativeSamReader
I0828 14:23:30.395771 47482355038016 make_examples_core.py:239] Task 19/20: Common contigs are ['chr1', 'chr2', 'chr3', 'chr4', 'chr5', 'chr6', 'chr7', 'chr8', 'chr9', 'chr10', 'chr11', 'chr12', 'chr13', 'chr14', 'chr15', 'chr16', 'chr17', 'chr18', 'chr19', 'chr20', 'chr21', 'chr22', 'chrX', 'chrY', 'chrM']
I0828 14:23:30.424598 47152840210240 make_examples_core.py:239] Task 8/20: Common contigs are ['chr1', 'chr2', 'chr3', 'chr4', 'chr5', 'chr6', 'chr7', 'chr8', 'chr9', 'chr10', 'chr11', 'chr12', 'chr13', 'chr14', 'chr15', 'chr16', 'chr17', 'chr18', 'chr19', 'chr20', 'chr21', 'chr22', 'chrX', 'chrY', 'chrM']
I0828 14:23:30.290798 47131678033728 make_examples_core.py:239] Task 10/20: Common contigs are ['chr1', 'chr2', 'chr3', 'chr4', 'chr5', 'chr6', 'chr7', 'chr8', 'chr9', 'chr10', 'chr11', 'chr12', 'chr13', 'chr14', 'chr15', 'chr16', 'chr17', 'chr18', 'chr19', 'chr20', 'chr21', 'chr22', 'chrX', 'chrY', 'chrM']
I0828 14:23:30.361801 47035664348992 make_examples_core.py:239] Task 15/20: Common contigs are ['chr1', 'chr2', 'chr3', 'chr4', 'chr5', 'chr6', 'chr7', 'chr8', 'chr9', 'chr10', 'chr11', 'chr12', 'chr13', 'chr14', 'chr15', 'chr16', 'chr17', 'chr18', 'chr19', 'chr20', 'chr21', 'chr22', 'chrX', 'chrY', 'chrM']
I0828 14:23:30.301427 47088909825856 make_examples_core.py:239] Task 0/20: Common contigs are ['chr1', 'chr2', 'chr3', 'chr4', 'chr5', 'chr6', 'chr7', 'chr8', 'chr9', 'chr10', 'chr11', 'chr12', 'chr13', 'chr14', 'chr15', 'chr16', 'chr17', 'chr18', 'chr19', 'chr20', 'chr21', 'chr22', 'chrX', 'chrY', 'chrM']
I0828 14:23:30.430064 47711830681408 make_examples_core.py:239] Task 18/20: Common contigs are ['chr1', 'chr2', 'chr3', 'chr4', 'chr5', 'chr6', 'chr7', 'chr8', 'chr9', 'chr10', 'chr11', 'chr12', 'chr13', 'chr14', 'chr15', 'chr16', 'chr17', 'chr18', 'chr19', 'chr20', 'chr21', 'chr22', 'chrX', 'chrY', 'chrM']
I0828 14:23:30.272898 47088451811136 make_examples_core.py:239] Task 1/20: Common contigs are ['chr1', 'chr2', 'chr3', 'chr4', 'chr5', 'chr6', 'chr7', 'chr8', 'chr9', 'chr10', 'chr11', 'chr12', 'chr13', 'chr14', 'chr15', 'chr16', 'chr17', 'chr18', 'chr19', 'chr20', 'chr21', 'chr22', 'chrX', 'chrY', 'chrM']
I0828 14:23:30.403748 47197783287616 make_examples_core.py:239] Task 11/20: Common contigs are ['chr1', 'chr2', 'chr3', 'chr4', 'chr5', 'chr6', 'chr7', 'chr8', 'chr9', 'chr10', 'chr11', 'chr12', 'chr13', 'chr14', 'chr15', 'chr16', 'chr17', 'chr18', 'chr19', 'chr20', 'chr21', 'chr22', 'chrX', 'chrY', 'chrM']
I0828 14:23:30.429655 47568820512576 make_examples_core.py:239] Task 17/20: Common contigs are ['chr1', 'chr2', 'chr3', 'chr4', 'chr5', 'chr6', 'chr7', 'chr8', 'chr9', 'chr10', 'chr11', 'chr12', 'chr13', 'chr14', 'chr15', 'chr16', 'chr17', 'chr18', 'chr19', 'chr20', 'chr21', 'chr22', 'chrX', 'chrY', 'chrM']
I0828 14:23:30.346308 47076145989440 make_examples_core.py:239] Task 6/20: Common contigs are ['chr1', 'chr2', 'chr3', 'chr4', 'chr5', 'chr6', 'chr7', 'chr8', 'chr9', 'chr10', 'chr11', 'chr12', 'chr13', 'chr14', 'chr15', 'chr16', 'chr17', 'chr18', 'chr19', 'chr20', 'chr21', 'chr22', 'chrX', 'chrY', 'chrM']
I0828 14:23:30.547599 47949124396864 make_examples_core.py:239] Task 9/20: Common contigs are ['chr1', 'chr2', 'chr3', 'chr4', 'chr5', 'chr6', 'chr7', 'chr8', 'chr9', 'chr10', 'chr11', 'chr12', 'chr13', 'chr14', 'chr15', 'chr16', 'chr17', 'chr18', 'chr19', 'chr20', 'chr21', 'chr22', 'chrX', 'chrY', 'chrM']
I0828 14:23:30.501854 47245550638912 make_examples_core.py:239] Task 14/20: Common contigs are ['chr1', 'chr2', 'chr3', 'chr4', 'chr5', 'chr6', 'chr7', 'chr8', 'chr9', 'chr10', 'chr11', 'chr12', 'chr13', 'chr14', 'chr15', 'chr16', 'chr17', 'chr18', 'chr19', 'chr20', 'chr21', 'chr22', 'chrX', 'chrY', 'chrM']
I0828 14:23:30.593891 47843824666432 make_examples_core.py:239] Task 3/20: Common contigs are ['chr1', 'chr2', 'chr3', 'chr4', 'chr5', 'chr6', 'chr7', 'chr8', 'chr9', 'chr10', 'chr11', 'chr12', 'chr13', 'chr14', 'chr15', 'chr16', 'chr17', 'chr18', 'chr19', 'chr20', 'chr21', 'chr22', 'chrX', 'chrY', 'chrM']
I0828 14:23:30.589614 47813471962944 make_examples_core.py:239] Task 12/20: Common contigs are ['chr1', 'chr2', 'chr3', 'chr4', 'chr5', 'chr6', 'chr7', 'chr8', 'chr9', 'chr10', 'chr11', 'chr12', 'chr13', 'chr14', 'chr15', 'chr16', 'chr17', 'chr18', 'chr19', 'chr20', 'chr21', 'chr22', 'chrX', 'chrY', 'chrM']
I0828 14:23:30.507748 47030587963200 make_examples_core.py:239] Task 7/20: Common contigs are ['chr1', 'chr2', 'chr3', 'chr4', 'chr5', 'chr6', 'chr7', 'chr8', 'chr9', 'chr10', 'chr11', 'chr12', 'chr13', 'chr14', 'chr15', 'chr16', 'chr17', 'chr18', 'chr19', 'chr20', 'chr21', 'chr22', 'chrX', 'chrY', 'chrM']
I0828 14:23:30.550090 47208533342016 make_examples_core.py:239] Task 5/20: Common contigs are ['chr1', 'chr2', 'chr3', 'chr4', 'chr5', 'chr6', 'chr7', 'chr8', 'chr9', 'chr10', 'chr11', 'chr12', 'chr13', 'chr14', 'chr15', 'chr16', 'chr17', 'chr18', 'chr19', 'chr20', 'chr21', 'chr22', 'chrX', 'chrY', 'chrM']
I0828 14:23:30.523680 47088547178304 make_examples_core.py:239] Task 2/20: Common contigs are ['chr1', 'chr2', 'chr3', 'chr4', 'chr5', 'chr6', 'chr7', 'chr8', 'chr9', 'chr10', 'chr11', 'chr12', 'chr13', 'chr14', 'chr15', 'chr16', 'chr17', 'chr18', 'chr19', 'chr20', 'chr21', 'chr22', 'chrX', 'chrY', 'chrM']
I0828 14:23:30.515667 47180346881856 make_examples_core.py:239] Task 13/20: Common contigs are ['chr1', 'chr2', 'chr3', 'chr4', 'chr5', 'chr6', 'chr7', 'chr8', 'chr9', 'chr10', 'chr11', 'chr12', 'chr13', 'chr14', 'chr15', 'chr16', 'chr17', 'chr18', 'chr19', 'chr20', 'chr21', 'chr22', 'chrX', 'chrY', 'chrM']
I0828 14:23:30.541212 47850887923520 make_examples_core.py:239] Task 16/20: Common contigs are ['chr1', 'chr2', 'chr3', 'chr4', 'chr5', 'chr6', 'chr7', 'chr8', 'chr9', 'chr10', 'chr11', 'chr12', 'chr13', 'chr14', 'chr15', 'chr16', 'chr17', 'chr18', 'chr19', 'chr20', 'chr21', 'chr22', 'chrX', 'chrY', 'chrM']
I0828 14:23:31.263892 47482355038016 make_examples_core.py:239] Task 19/20: Reading VCF to skip processing some regions without variants in the --proposed_variants VCF.
I0828 14:23:31.275391 47482355038016 genomics_reader.py:222] Reading /shared/home/sorozcoarias/coffea_genomes/Simon/Luis/variant-calling/vcf-1-2-2/intermediate_files/PEPPER_VARIANT_OUTPUT_VARIANT_CALLING_SNPs.vcf.gz with NativeVcfReader
I0828 14:23:31.302158 47482355038016 make_examples_core.py:239] Task 19/20: Filtering regions took 0.038 seconds and reduced the number of regions to process from 15441 to 2 regions containing variants from the supplied VCF of proposed variants.
I0828 14:23:31.314553 47482355038016 make_examples_core.py:239] Task 19/20: Starting from v0.9.0, --use_ref_for_cram is default to true. If you are using CRAM input, note that we will decode CRAM using the reference you passed in with --ref
2023-08-28 14:23:31.314813: I third_party/nucleus/io/sam_reader.cc:736] Setting HTS_OPT_BLOCK_SIZE to 134217728
I0828 14:23:31.347370 47482355038016 genomics_reader.py:222] Reading /shared/home/sorozcoarias/coffea_genomes/Simon/Luis/variant-calling/vcf-1-2-2/intermediate_files/PHASED.PEPPER_MARGIN.haplotagged.bam with NativeSamReader
I0828 14:23:31.313202 47152840210240 make_examples_core.py:239] Task 8/20: Reading VCF to skip processing some regions without variants in the --proposed_variants VCF.
I0828 14:23:31.329115 47152840210240 genomics_reader.py:222] Reading /shared/home/sorozcoarias/coffea_genomes/Simon/Luis/variant-calling/vcf-1-2-2/intermediate_files/PEPPER_VARIANT_OUTPUT_VARIANT_CALLING_SNPs.vcf.gz with NativeVcfReader
I0828 14:23:31.357947 47152840210240 make_examples_core.py:239] Task 8/20: Filtering regions took 0.044 seconds and reduced the number of regions to process from 15442 to 0 regions containing variants from the supplied VCF of proposed variants.
I0828 14:23:31.364137 47152840210240 make_examples_core.py:239] Task 8/20: Starting from v0.9.0, --use_ref_for_cram is default to true. If you are using CRAM input, note that we will decode CRAM using the reference you passed in with --ref
2023-08-28 14:23:31.364383: I third_party/nucleus/io/sam_reader.cc:736] Setting HTS_OPT_BLOCK_SIZE to 134217728
I0828 14:23:31.390737 47152840210240 genomics_reader.py:222] Reading /shared/home/sorozcoarias/coffea_genomes/Simon/Luis/variant-calling/vcf-1-2-2/intermediate_files/PHASED.PEPPER_MARGIN.haplotagged.bam with NativeSamReader
I0828 14:23:31.065457 47131678033728 make_examples_core.py:239] Task 10/20: Reading VCF to skip processing some regions without variants in the --proposed_variants VCF.
I0828 14:23:31.079768 47131678033728 genomics_reader.py:222] Reading /shared/home/sorozcoarias/coffea_genomes/Simon/Luis/variant-calling/vcf-1-2-2/intermediate_files/PEPPER_VARIANT_OUTPUT_VARIANT_CALLING_SNPs.vcf.gz with NativeVcfReader
I0828 14:23:31.099058 47131678033728 make_examples_core.py:239] Task 10/20: Filtering regions took 0.033 seconds and reduced the number of regions to process from 15442 to 1 regions containing variants from the supplied VCF of proposed variants.
I0828 14:23:31.105801 47131678033728 make_examples_core.py:239] Task 10/20: Starting from v0.9.0, --use_ref_for_cram is default to true. If you are using CRAM input, note that we will decode CRAM using the reference you passed in with --ref
2023-08-28 14:23:31.106207: I third_party/nucleus/io/sam_reader.cc:736] Setting HTS_OPT_BLOCK_SIZE to 134217728
I0828 14:23:31.134961 47131678033728 genomics_reader.py:222] Reading /shared/home/sorozcoarias/coffea_genomes/Simon/Luis/variant-calling/vcf-1-2-2/intermediate_files/PHASED.PEPPER_MARGIN.haplotagged.bam with NativeSamReader
I0828 14:23:31.237272 47131678033728 make_examples_core.py:239] Task 10/20: Writing examples to /shared/home/sorozcoarias/coffea_genomes/Simon/Luis/variant-calling/vcf-1-2-2/dv_intermediate_outputs/make_examples.tfrecord-00010-of-00020.gz
I0828 14:23:31.237495 47131678033728 make_examples_core.py:239] Task 10/20: Overhead for preparing inputs: 1 seconds
I0828 14:23:31.314207 47131678033728 make_examples_core.py:239] Task 10/20: 27 candidates (27 examples) [0.08s elapsed]
I0828 14:23:31.318788 47131678033728 make_examples_core.py:239] Task 10/20: Found 27 candidate variants
I0828 14:23:31.318922 47131678033728 make_examples_core.py:239] Task 10/20: Created 27 examples
I0828 14:23:31.077168 46925940737856 make_examples_core.py:239] Task 4/20: Reading VCF to skip processing some regions without variants in the --proposed_variants VCF.
I0828 14:23:31.090279 46925940737856 genomics_reader.py:222] Reading /shared/home/sorozcoarias/coffea_genomes/Simon/Luis/variant-calling/vcf-1-2-2/intermediate_files/PEPPER_VARIANT_OUTPUT_VARIANT_CALLING_SNPs.vcf.gz with NativeVcfReader
I0828 14:23:31.118682 46925940737856 make_examples_core.py:239] Task 4/20: Filtering regions took 0.041 seconds and reduced the number of regions to process from 15442 to 1 regions containing variants from the supplied VCF of proposed variants.
I0828 14:23:31.132894 46925940737856 make_examples_core.py:239] Task 4/20: Starting from v0.9.0, --use_ref_for_cram is default to true. If you are using CRAM input, note that we will decode CRAM using the reference you passed in with --ref
2023-08-28 14:23:31.133262: I third_party/nucleus/io/sam_reader.cc:736] Setting HTS_OPT_BLOCK_SIZE to 134217728
I0828 14:23:31.163799 46925940737856 genomics_reader.py:222] Reading /shared/home/sorozcoarias/coffea_genomes/Simon/Luis/variant-calling/vcf-1-2-2/intermediate_files/PHASED.PEPPER_MARGIN.haplotagged.bam with NativeSamReader
I0828 14:23:31.286273 46925940737856 make_examples_core.py:239] Task 4/20: Writing examples to /shared/home/sorozcoarias/coffea_genomes/Simon/Luis/variant-calling/vcf-1-2-2/dv_intermediate_outputs/make_examples.tfrecord-00004-of-00020.gz
I0828 14:23:31.286415 46925940737856 make_examples_core.py:239] Task 4/20: Overhead for preparing inputs: 1 seconds
I0828 14:23:31.312889 46925940737856 make_examples_core.py:239] Task 4/20: 1 candidates (1 examples) [0.03s elapsed]
I0828 14:23:31.316158 46925940737856 make_examples_core.py:239] Task 4/20: Found 1 candidate variants
I0828 14:23:31.316315 46925940737856 make_examples_core.py:239] Task 4/20: Created 1 examples
I0828 14:23:31.206593 47035664348992 make_examples_core.py:239] Task 15/20: Reading VCF to skip processing some regions without variants in the --proposed_variants VCF.
I0828 14:23:31.215210 47035664348992 genomics_reader.py:222] Reading /shared/home/sorozcoarias/coffea_genomes/Simon/Luis/variant-calling/vcf-1-2-2/intermediate_files/PEPPER_VARIANT_OUTPUT_VARIANT_CALLING_SNPs.vcf.gz with NativeVcfReader
I0828 14:23:31.240271 47035664348992 make_examples_core.py:239] Task 15/20: Filtering regions took 0.034 seconds and reduced the number of regions to process from 15442 to 2 regions containing variants from the supplied VCF of proposed variants.
I0828 14:23:31.251782 47035664348992 make_examples_core.py:239] Task 15/20: Starting from v0.9.0, --use_ref_for_cram is default to true. If you are using CRAM input, note that we will decode CRAM using the reference you passed in with --ref
2023-08-28 14:23:31.252011: I third_party/nucleus/io/sam_reader.cc:736] Setting HTS_OPT_BLOCK_SIZE to 134217728
I0828 14:23:31.286427 47035664348992 genomics_reader.py:222] Reading /shared/home/sorozcoarias/coffea_genomes/Simon/Luis/variant-calling/vcf-1-2-2/intermediate_files/PHASED.PEPPER_MARGIN.haplotagged.bam with NativeSamReader
I0828 14:23:31.389243 47035664348992 make_examples_core.py:239] Task 15/20: Writing examples to /shared/home/sorozcoarias/coffea_genomes/Simon/Luis/variant-calling/vcf-1-2-2/dv_intermediate_outputs/make_examples.tfrecord-00015-of-00020.gz
I0828 14:23:31.389390 47035664348992 make_examples_core.py:239] Task 15/20: Overhead for preparing inputs: 1 seconds
I0828 14:23:31.194185 47088909825856 make_examples_core.py:239] Task 0/20: Reading VCF to skip processing some regions without variants in the --proposed_variants VCF.
I0828 14:23:31.208782 47088909825856 genomics_reader.py:222] Reading /shared/home/sorozcoarias/coffea_genomes/Simon/Luis/variant-calling/vcf-1-2-2/intermediate_files/PEPPER_VARIANT_OUTPUT_VARIANT_CALLING_SNPs.vcf.gz with NativeVcfReader
I0828 14:23:31.237726 47088909825856 make_examples_core.py:239] Task 0/20: Filtering regions took 0.043 seconds and reduced the number of regions to process from 15442 to 1 regions containing variants from the supplied VCF of proposed variants.
I0828 14:23:31.249444 47088909825856 make_examples_core.py:239] Task 0/20: Starting from v0.9.0, --use_ref_for_cram is default to true. If you are using CRAM input, note that we will decode CRAM using the reference you passed in with --ref
2023-08-28 14:23:31.249672: I third_party/nucleus/io/sam_reader.cc:736] Setting HTS_OPT_BLOCK_SIZE to 134217728
I0828 14:23:31.280707 47088909825856 genomics_reader.py:222] Reading /shared/home/sorozcoarias/coffea_genomes/Simon/Luis/variant-calling/vcf-1-2-2/intermediate_files/PHASED.PEPPER_MARGIN.haplotagged.bam with NativeSamReader
I0828 14:23:31.126873 47711830681408 make_examples_core.py:239] Task 18/20: Reading VCF to skip processing some regions without variants in the --proposed_variants VCF.
I0828 14:23:31.135247 47711830681408 genomics_reader.py:222] Reading /shared/home/sorozcoarias/coffea_genomes/Simon/Luis/variant-calling/vcf-1-2-2/intermediate_files/PEPPER_VARIANT_OUTPUT_VARIANT_CALLING_SNPs.vcf.gz with NativeVcfReader
I0828 14:23:31.162386 47711830681408 make_examples_core.py:239] Task 18/20: Filtering regions took 0.035 seconds and reduced the number of regions to process from 15442 to 3 regions containing variants from the supplied VCF of proposed variants.
I0828 14:23:31.174084 47711830681408 make_examples_core.py:239] Task 18/20: Starting from v0.9.0, --use_ref_for_cram is default to true. If you are using CRAM input, note that we will decode CRAM using the reference you passed in with --ref
2023-08-28 14:23:31.174311: I third_party/nucleus/io/sam_reader.cc:736] Setting HTS_OPT_BLOCK_SIZE to 134217728
I0828 14:23:31.202839 47711830681408 genomics_reader.py:222] Reading /shared/home/sorozcoarias/coffea_genomes/Simon/Luis/variant-calling/vcf-1-2-2/intermediate_files/PHASED.PEPPER_MARGIN.haplotagged.bam with NativeSamReader
I0828 14:23:31.297645 47711830681408 make_examples_core.py:239] Task 18/20: Writing examples to /shared/home/sorozcoarias/coffea_genomes/Simon/Luis/variant-calling/vcf-1-2-2/dv_intermediate_outputs/make_examples.tfrecord-00018-of-00020.gz
I0828 14:23:31.297764 47711830681408 make_examples_core.py:239] Task 18/20: Overhead for preparing inputs: 1 seconds
I0828 14:23:31.261739 47088451811136 make_examples_core.py:239] Task 1/20: Reading VCF to skip processing some regions without variants in the --proposed_variants VCF.
I0828 14:23:31.275318 47088451811136 genomics_reader.py:222] Reading /shared/home/sorozcoarias/coffea_genomes/Simon/Luis/variant-calling/vcf-1-2-2/intermediate_files/PEPPER_VARIANT_OUTPUT_VARIANT_CALLING_SNPs.vcf.gz with NativeVcfReader
I0828 14:23:31.299859 47088451811136 make_examples_core.py:239] Task 1/20: Filtering regions took 0.038 seconds and reduced the number of regions to process from 15442 to 1 regions containing variants from the supplied VCF of proposed variants.
I0828 14:23:31.309912 47088451811136 make_examples_core.py:239] Task 1/20: Starting from v0.9.0, --use_ref_for_cram is default to true. If you are using CRAM input, note that we will decode CRAM using the reference you passed in with --ref
2023-08-28 14:23:31.310191: I third_party/nucleus/io/sam_reader.cc:736] Setting HTS_OPT_BLOCK_SIZE to 134217728
I0828 14:23:31.338293 47088451811136 genomics_reader.py:222] Reading /shared/home/sorozcoarias/coffea_genomes/Simon/Luis/variant-calling/vcf-1-2-2/intermediate_files/PHASED.PEPPER_MARGIN.haplotagged.bam with NativeSamReader
I0828 14:23:31.276787 47197783287616 make_examples_core.py:239] Task 11/20: Reading VCF to skip processing some regions without variants in the --proposed_variants VCF.
I0828 14:23:31.290818 47197783287616 genomics_reader.py:222] Reading /shared/home/sorozcoarias/coffea_genomes/Simon/Luis/variant-calling/vcf-1-2-2/intermediate_files/PEPPER_VARIANT_OUTPUT_VARIANT_CALLING_SNPs.vcf.gz with NativeVcfReader
I0828 14:23:31.317070 47197783287616 make_examples_core.py:239] Task 11/20: Filtering regions took 0.04 seconds and reduced the number of regions to process from 15442 to 1 regions containing variants from the supplied VCF of proposed variants.
I0828 14:23:31.328053 47197783287616 make_examples_core.py:239] Task 11/20: Starting from v0.9.0, --use_ref_for_cram is default to true. If you are using CRAM input, note that we will decode CRAM using the reference you passed in with --ref
2023-08-28 14:23:31.328509: I third_party/nucleus/io/sam_reader.cc:736] Setting HTS_OPT_BLOCK_SIZE to 134217728
I0828 14:23:31.361911 47197783287616 genomics_reader.py:222] Reading /shared/home/sorozcoarias/coffea_genomes/Simon/Luis/variant-calling/vcf-1-2-2/intermediate_files/PHASED.PEPPER_MARGIN.haplotagged.bam with NativeSamReader
I0828 14:23:31.393917 47568820512576 make_examples_core.py:239] Task 17/20: Reading VCF to skip processing some regions without variants in the --proposed_variants VCF.
I0828 14:23:31.127573 47076145989440 make_examples_core.py:239] Task 6/20: Reading VCF to skip processing some regions without variants in the --proposed_variants VCF.
I0828 14:23:31.135499 47076145989440 genomics_reader.py:222] Reading /shared/home/sorozcoarias/coffea_genomes/Simon/Luis/variant-calling/vcf-1-2-2/intermediate_files/PEPPER_VARIANT_OUTPUT_VARIANT_CALLING_SNPs.vcf.gz with NativeVcfReader
I0828 14:23:31.163846 47076145989440 make_examples_core.py:239] Task 6/20: Filtering regions took 0.036 seconds and reduced the number of regions to process from 15442 to 1 regions containing variants from the supplied VCF of proposed variants.
I0828 14:23:31.170219 47076145989440 make_examples_core.py:239] Task 6/20: Starting from v0.9.0, --use_ref_for_cram is default to true. If you are using CRAM input, note that we will decode CRAM using the reference you passed in with --ref
2023-08-28 14:23:31.170409: I third_party/nucleus/io/sam_reader.cc:736] Setting HTS_OPT_BLOCK_SIZE to 134217728
I0828 14:23:31.200745 47076145989440 genomics_reader.py:222] Reading /shared/home/sorozcoarias/coffea_genomes/Simon/Luis/variant-calling/vcf-1-2-2/intermediate_files/PHASED.PEPPER_MARGIN.haplotagged.bam with NativeSamReader
I0828 14:23:31.295180 47076145989440 make_examples_core.py:239] Task 6/20: Writing examples to /shared/home/sorozcoarias/coffea_genomes/Simon/Luis/variant-calling/vcf-1-2-2/dv_intermediate_outputs/make_examples.tfrecord-00006-of-00020.gz
I0828 14:23:31.295303 47076145989440 make_examples_core.py:239] Task 6/20: Overhead for preparing inputs: 1 seconds
I0828 14:23:31.327768 47076145989440 make_examples_core.py:239] Task 6/20: 11 candidates (11 examples) [0.03s elapsed]
I0828 14:23:31.331102 47076145989440 make_examples_core.py:239] Task 6/20: Found 11 candidate variants
I0828 14:23:31.331326 47076145989440 make_examples_core.py:239] Task 6/20: Created 11 examples
I0828 14:23:31.518362 47949124396864 make_examples_core.py:239] Task 9/20: Reading VCF to skip processing some regions without variants in the --proposed_variants VCF.
I0828 14:23:31.535758 47949124396864 genomics_reader.py:222] Reading /shared/home/sorozcoarias/coffea_genomes/Simon/Luis/variant-calling/vcf-1-2-2/intermediate_files/PEPPER_VARIANT_OUTPUT_VARIANT_CALLING_SNPs.vcf.gz with NativeVcfReader
I0828 14:23:31.559606 47949124396864 make_examples_core.py:239] Task 9/20: Filtering regions took 0.041 seconds and reduced the number of regions to process from 15442 to 1 regions containing variants from the supplied VCF of proposed variants.
I0828 14:23:31.567457 47949124396864 make_examples_core.py:239] Task 9/20: Starting from v0.9.0, --use_ref_for_cram is default to true. If you are using CRAM input, note that we will decode CRAM using the reference you passed in with --ref
2023-08-28 14:23:31.567895: I third_party/nucleus/io/sam_reader.cc:736] Setting HTS_OPT_BLOCK_SIZE to 134217728
I0828 14:23:31.600553 47949124396864 genomics_reader.py:222] Reading /shared/home/sorozcoarias/coffea_genomes/Simon/Luis/variant-calling/vcf-1-2-2/intermediate_files/PHASED.PEPPER_MARGIN.haplotagged.bam with NativeSamReader
I0828 14:23:31.702623 47949124396864 make_examples_core.py:239] Task 9/20: Writing examples to /shared/home/sorozcoarias/coffea_genomes/Simon/Luis/variant-calling/vcf-1-2-2/dv_intermediate_outputs/make_examples.tfrecord-00009-of-00020.gz
I0828 14:23:31.702781 47949124396864 make_examples_core.py:239] Task 9/20: Overhead for preparing inputs: 1 seconds
I0828 14:23:31.464493 47482355038016 make_examples_core.py:239] Task 19/20: Writing examples to /shared/home/sorozcoarias/coffea_genomes/Simon/Luis/variant-calling/vcf-1-2-2/dv_intermediate_outputs/make_examples.tfrecord-00019-of-00020.gz
I0828 14:23:31.464762 47482355038016 make_examples_core.py:239] Task 19/20: Overhead for preparing inputs: 1 seconds
I0828 14:23:31.692456 47482355038016 make_examples_core.py:239] Task 19/20: 24 candidates (24 examples) [0.23s elapsed]
I0828 14:23:31.732919 47482355038016 make_examples_core.py:239] Task 19/20: Found 27 candidate variants
I0828 14:23:31.733090 47482355038016 make_examples_core.py:239] Task 19/20: Created 27 examples
I0828 14:23:31.418378 47245550638912 make_examples_core.py:239] Task 14/20: Reading VCF to skip processing some regions without variants in the --proposed_variants VCF.
I0828 14:23:31.431655 47245550638912 genomics_reader.py:222] Reading /shared/home/sorozcoarias/coffea_genomes/Simon/Luis/variant-calling/vcf-1-2-2/intermediate_files/PEPPER_VARIANT_OUTPUT_VARIANT_CALLING_SNPs.vcf.gz with NativeVcfReader
I0828 14:23:31.458562 47245550638912 make_examples_core.py:239] Task 14/20: Filtering regions took 0.04 seconds and reduced the number of regions to process from 15442 to 0 regions containing variants from the supplied VCF of proposed variants.
I0828 14:23:31.469315 47245550638912 make_examples_core.py:239] Task 14/20: Starting from v0.9.0, --use_ref_for_cram is default to true. If you are using CRAM input, note that we will decode CRAM using the reference you passed in with --ref
2023-08-28 14:23:31.469654: I third_party/nucleus/io/sam_reader.cc:736] Setting HTS_OPT_BLOCK_SIZE to 134217728
I0828 14:23:31.507427 47245550638912 genomics_reader.py:222] Reading /shared/home/sorozcoarias/coffea_genomes/Simon/Luis/variant-calling/vcf-1-2-2/intermediate_files/PHASED.PEPPER_MARGIN.haplotagged.bam with NativeSamReader
I0828 14:23:31.609583 47245550638912 make_examples_core.py:239] Task 14/20: Writing examples to /shared/home/sorozcoarias/coffea_genomes/Simon/Luis/variant-calling/vcf-1-2-2/dv_intermediate_outputs/make_examples.tfrecord-00014-of-00020.gz
I0828 14:23:31.609754 47245550638912 make_examples_core.py:239] Task 14/20: Overhead for preparing inputs: 1 seconds
I0828 14:23:31.610826 47245550638912 make_examples_core.py:239] Task 14/20: Found 0 candidate variants
I0828 14:23:31.610887 47245550638912 make_examples_core.py:239] Task 14/20: Created 0 examples
I0828 14:23:31.493149 47152840210240 make_examples_core.py:239] Task 8/20: Writing examples to /shared/home/sorozcoarias/coffea_genomes/Simon/Luis/variant-calling/vcf-1-2-2/dv_intermediate_outputs/make_examples.tfrecord-00008-of-00020.gz
I0828 14:23:31.493354 47152840210240 make_examples_core.py:239] Task 8/20: Overhead for preparing inputs: 1 seconds
I0828 14:23:31.494769 47152840210240 make_examples_core.py:239] Task 8/20: Found 0 candidate variants
I0828 14:23:31.494872 47152840210240 make_examples_core.py:239] Task 8/20: Created 0 examples
I0828 14:23:31.518635 47843824666432 make_examples_core.py:239] Task 3/20: Reading VCF to skip processing some regions without variants in the --proposed_variants VCF.
I0828 14:23:31.532845 47843824666432 genomics_reader.py:222] Reading /shared/home/sorozcoarias/coffea_genomes/Simon/Luis/variant-calling/vcf-1-2-2/intermediate_files/PEPPER_VARIANT_OUTPUT_VARIANT_CALLING_SNPs.vcf.gz with NativeVcfReader
I0828 14:23:31.561143 47843824666432 make_examples_core.py:239] Task 3/20: Filtering regions took 0.042 seconds and reduced the number of regions to process from 15442 to 0 regions containing variants from the supplied VCF of proposed variants.
I0828 14:23:31.572450 47843824666432 make_examples_core.py:239] Task 3/20: Starting from v0.9.0, --use_ref_for_cram is default to true. If you are using CRAM input, note that we will decode CRAM using the reference you passed in with --ref
2023-08-28 14:23:31.572881: I third_party/nucleus/io/sam_reader.cc:736] Setting HTS_OPT_BLOCK_SIZE to 134217728
I0828 14:23:31.605434 47843824666432 genomics_reader.py:222] Reading /shared/home/sorozcoarias/coffea_genomes/Simon/Luis/variant-calling/vcf-1-2-2/intermediate_files/PHASED.PEPPER_MARGIN.haplotagged.bam with NativeSamReader
I0828 14:23:31.709672 47843824666432 make_examples_core.py:239] Task 3/20: Writing examples to /shared/home/sorozcoarias/coffea_genomes/Simon/Luis/variant-calling/vcf-1-2-2/dv_intermediate_outputs/make_examples.tfrecord-00003-of-00020.gz
I0828 14:23:31.709844 47843824666432 make_examples_core.py:239] Task 3/20: Overhead for preparing inputs: 1 seconds
I0828 14:23:31.711390 47843824666432 make_examples_core.py:239] Task 3/20: Found 0 candidate variants
I0828 14:23:31.711462 47843824666432 make_examples_core.py:239] Task 3/20: Created 0 examples
I0828 14:23:31.431055 47813471962944 make_examples_core.py:239] Task 12/20: Reading VCF to skip processing some regions without variants in the --proposed_variants VCF.
I0828 14:23:31.441674 47813471962944 genomics_reader.py:222] Reading /shared/home/sorozcoarias/coffea_genomes/Simon/Luis/variant-calling/vcf-1-2-2/intermediate_files/PEPPER_VARIANT_OUTPUT_VARIANT_CALLING_SNPs.vcf.gz with NativeVcfReader
I0828 14:23:31.468237 47813471962944 make_examples_core.py:239] Task 12/20: Filtering regions took 0.037 seconds and reduced the number of regions to process from 15442 to 1 regions containing variants from the supplied VCF of proposed variants.
I0828 14:23:31.478244 47813471962944 make_examples_core.py:239] Task 12/20: Starting from v0.9.0, --use_ref_for_cram is default to true. If you are using CRAM input, note that we will decode CRAM using the reference you passed in with --ref
2023-08-28 14:23:31.478594: I third_party/nucleus/io/sam_reader.cc:736] Setting HTS_OPT_BLOCK_SIZE to 134217728
I0828 14:23:31.516560 47813471962944 genomics_reader.py:222] Reading /shared/home/sorozcoarias/coffea_genomes/Simon/Luis/variant-calling/vcf-1-2-2/intermediate_files/PHASED.PEPPER_MARGIN.haplotagged.bam with NativeSamReader
I0828 14:23:31.618331 47813471962944 make_examples_core.py:239] Task 12/20: Writing examples to /shared/home/sorozcoarias/coffea_genomes/Simon/Luis/variant-calling/vcf-1-2-2/dv_intermediate_outputs/make_examples.tfrecord-00012-of-00020.gz
I0828 14:23:31.618504 47813471962944 make_examples_core.py:239] Task 12/20: Overhead for preparing inputs: 1 seconds
I0828 14:23:31.637334 47813471962944 make_examples_core.py:239] Task 12/20: 1 candidates (1 examples) [0.02s elapsed]
I0828 14:23:31.646848 47813471962944 make_examples_core.py:239] Task 12/20: Found 1 candidate variants
I0828 14:23:31.647005 47813471962944 make_examples_core.py:239] Task 12/20: Created 1 examples
I0828 14:23:31.420751 47030587963200 make_examples_core.py:239] Task 7/20: Reading VCF to skip processing some regions without variants in the --proposed_variants VCF.
I0828 14:23:31.437632 47030587963200 genomics_reader.py:222] Reading /shared/home/sorozcoarias/coffea_genomes/Simon/Luis/variant-calling/vcf-1-2-2/intermediate_files/PEPPER_VARIANT_OUTPUT_VARIANT_CALLING_SNPs.vcf.gz with NativeVcfReader
I0828 14:23:31.466992 47030587963200 make_examples_core.py:239] Task 7/20: Filtering regions took 0.046 seconds and reduced the number of regions to process from 15442 to 0 regions containing variants from the supplied VCF of proposed variants.
I0828 14:23:31.477706 47030587963200 make_examples_core.py:239] Task 7/20: Starting from v0.9.0, --use_ref_for_cram is default to true. If you are using CRAM input, note that we will decode CRAM using the reference you passed in with --ref
2023-08-28 14:23:31.478107: I third_party/nucleus/io/sam_reader.cc:736] Setting HTS_OPT_BLOCK_SIZE to 134217728
I0828 14:23:31.513362 47030587963200 genomics_reader.py:222] Reading /shared/home/sorozcoarias/coffea_genomes/Simon/Luis/variant-calling/vcf-1-2-2/intermediate_files/PHASED.PEPPER_MARGIN.haplotagged.bam with NativeSamReader
I0828 14:23:31.616249 47030587963200 make_examples_core.py:239] Task 7/20: Writing examples to /shared/home/sorozcoarias/coffea_genomes/Simon/Luis/variant-calling/vcf-1-2-2/dv_intermediate_outputs/make_examples.tfrecord-00007-of-00020.gz
I0828 14:23:31.616423 47030587963200 make_examples_core.py:239] Task 7/20: Overhead for preparing inputs: 1 seconds
I0828 14:23:31.617968 47030587963200 make_examples_core.py:239] Task 7/20: Found 0 candidate variants
I0828 14:23:31.618044 47030587963200 make_examples_core.py:239] Task 7/20: Created 0 examples
I0828 14:23:31.493585 47208533342016 make_examples_core.py:239] Task 5/20: Reading VCF to skip processing some regions without variants in the --proposed_variants VCF.
I0828 14:23:31.507771 47208533342016 genomics_reader.py:222] Reading /shared/home/sorozcoarias/coffea_genomes/Simon/Luis/variant-calling/vcf-1-2-2/intermediate_files/PEPPER_VARIANT_OUTPUT_VARIANT_CALLING_SNPs.vcf.gz with NativeVcfReader
I0828 14:23:31.537128 47208533342016 make_examples_core.py:239] Task 5/20: Filtering regions took 0.043 seconds and reduced the number of regions to process from 15442 to 1 regions containing variants from the supplied VCF of proposed variants.
I0828 14:23:31.547681 47208533342016 make_examples_core.py:239] Task 5/20: Starting from v0.9.0, --use_ref_for_cram is default to true. If you are using CRAM input, note that we will decode CRAM using the reference you passed in with --ref
2023-08-28 14:23:31.548007: I third_party/nucleus/io/sam_reader.cc:736] Setting HTS_OPT_BLOCK_SIZE to 134217728
I0828 14:23:31.578090 47208533342016 genomics_reader.py:222] Reading /shared/home/sorozcoarias/coffea_genomes/Simon/Luis/variant-calling/vcf-1-2-2/intermediate_files/PHASED.PEPPER_MARGIN.haplotagged.bam with NativeSamReader
I0828 14:23:31.661536 47208533342016 make_examples_core.py:239] Task 5/20: Writing examples to /shared/home/sorozcoarias/coffea_genomes/Simon/Luis/variant-calling/vcf-1-2-2/dv_intermediate_outputs/make_examples.tfrecord-00005-of-00020.gz
I0828 14:23:31.661679 47208533342016 make_examples_core.py:239] Task 5/20: Overhead for preparing inputs: 1 seconds
I0828 14:23:31.704560 47208533342016 make_examples_core.py:239] Task 5/20: 13 candidates (13 examples) [0.04s elapsed]
I0828 14:23:31.707909 47208533342016 make_examples_core.py:239] Task 5/20: Found 13 candidate variants
I0828 14:23:31.708243 47208533342016 make_examples_core.py:239] Task 5/20: Created 13 examples
I0828 14:23:31.436958 47035664348992 make_examples_core.py:239] Task 15/20: 11 candidates (11 examples) [0.05s elapsed]
I0828 14:23:31.504415 47035664348992 make_examples_core.py:239] Task 15/20: Found 16 candidate variants
I0828 14:23:31.504617 47035664348992 make_examples_core.py:239] Task 15/20: Created 16 examples
I0828 14:23:31.424539 47088909825856 make_examples_core.py:239] Task 0/20: Writing examples to /shared/home/sorozcoarias/coffea_genomes/Simon/Luis/variant-calling/vcf-1-2-2/dv_intermediate_outputs/make_examples.tfrecord-00000-of-00020.gz
I0828 14:23:31.424681 47088909825856 make_examples_core.py:239] Task 0/20: Overhead for preparing inputs: 1 seconds
I0828 14:23:31.591508 47088909825856 make_examples_core.py:239] Task 0/20: 16 candidates (16 examples) [0.17s elapsed]
I0828 14:23:31.595555 47088909825856 make_examples_core.py:239] Task 0/20: Found 16 candidate variants
I0828 14:23:31.595744 47088909825856 make_examples_core.py:239] Task 0/20: Created 16 examples
I0828 14:23:31.428281 47711830681408 make_examples_core.py:239] Task 18/20: 3 candidates (3 examples) [0.13s elapsed]
I0828 14:23:31.644415 47711830681408 make_examples_core.py:239] Task 18/20: Found 20 candidate variants
I0828 14:23:31.644661 47711830681408 make_examples_core.py:239] Task 18/20: Created 20 examples
I0828 14:23:31.442557 47088451811136 make_examples_core.py:239] Task 1/20: Writing examples to /shared/home/sorozcoarias/coffea_genomes/Simon/Luis/variant-calling/vcf-1-2-2/dv_intermediate_outputs/make_examples.tfrecord-00001-of-00020.gz
I0828 14:23:31.442691 47088451811136 make_examples_core.py:239] Task 1/20: Overhead for preparing inputs: 1 seconds
I0828 14:23:31.476562 47088451811136 make_examples_core.py:239] Task 1/20: 1 candidates (1 examples) [0.03s elapsed]
I0828 14:23:31.480285 47088451811136 make_examples_core.py:239] Task 1/20: Found 1 candidate variants
I0828 14:23:31.480537 47088451811136 make_examples_core.py:239] Task 1/20: Created 1 examples
I0828 14:23:31.488655 47197783287616 make_examples_core.py:239] Task 11/20: Writing examples to /shared/home/sorozcoarias/coffea_genomes/Simon/Luis/variant-calling/vcf-1-2-2/dv_intermediate_outputs/make_examples.tfrecord-00011-of-00020.gz
I0828 14:23:31.489025 47197783287616 make_examples_core.py:239] Task 11/20: Overhead for preparing inputs: 1 seconds
I0828 14:23:31.510203 47197783287616 make_examples_core.py:239] Task 11/20: 1 candidates (1 examples) [0.02s elapsed]
I0828 14:23:31.513331 47197783287616 make_examples_core.py:239] Task 11/20: Found 1 candidate variants
I0828 14:23:31.513502 47197783287616 make_examples_core.py:239] Task 11/20: Created 1 examples
I0828 14:23:31.408434 47568820512576 genomics_reader.py:222] Reading /shared/home/sorozcoarias/coffea_genomes/Simon/Luis/variant-calling/vcf-1-2-2/intermediate_files/PEPPER_VARIANT_OUTPUT_VARIANT_CALLING_SNPs.vcf.gz with NativeVcfReader
I0828 14:23:31.425648 47568820512576 make_examples_core.py:239] Task 17/20: Filtering regions took 0.031 seconds and reduced the number of regions to process from 15442 to 2 regions containing variants from the supplied VCF of proposed variants.
I0828 14:23:31.432129 47568820512576 make_examples_core.py:239] Task 17/20: Starting from v0.9.0, --use_ref_for_cram is default to true. If you are using CRAM input, note that we will decode CRAM using the reference you passed in with --ref
2023-08-28 14:23:31.432311: I third_party/nucleus/io/sam_reader.cc:736] Setting HTS_OPT_BLOCK_SIZE to 134217728
I0828 14:23:31.459891 47568820512576 genomics_reader.py:222] Reading /shared/home/sorozcoarias/coffea_genomes/Simon/Luis/variant-calling/vcf-1-2-2/intermediate_files/PHASED.PEPPER_MARGIN.haplotagged.bam with NativeSamReader
I0828 14:23:31.583533 47568820512576 make_examples_core.py:239] Task 17/20: Writing examples to /shared/home/sorozcoarias/coffea_genomes/Simon/Luis/variant-calling/vcf-1-2-2/dv_intermediate_outputs/make_examples.tfrecord-00017-of-00020.gz
