I0828 04:33:58.284136 47460471809856 genomics_reader.py:222] Reading /shared/home/sorozcoarias/coffea_genomes/Simon/Luis/variant-calling/vcf-1-1-2/intermediate_files/PHASED.PEPPER_MARGIN.haplotagged.bam with NativeSamReader
I0828 04:33:58.177353 47464897066816 make_examples_core.py:239] Task 7/20: Preparing inputs
I0828 04:33:58.201076 47464897066816 genomics_reader.py:222] Reading /shared/home/sorozcoarias/coffea_genomes/Simon/Luis/variant-calling/vcf-1-1-2/intermediate_files/PHASED.PEPPER_MARGIN.haplotagged.bam with NativeSamReader
I0828 04:33:58.277619 47620754798400 make_examples_core.py:239] Task 0/20: Preparing inputs
I0828 04:33:58.312008 47961482004288 genomics_reader.py:222] Reading /shared/home/sorozcoarias/coffea_genomes/Simon/Luis/variant-calling/vcf-1-1-2/intermediate_files/PHASED.PEPPER_MARGIN.haplotagged.bam with NativeSamReader
I0828 04:33:58.318556 47854131132224 make_examples_core.py:239] Task 16/20: Preparing inputs
I0828 04:33:58.339453 47854131132224 genomics_reader.py:222] Reading /shared/home/sorozcoarias/coffea_genomes/Simon/Luis/variant-calling/vcf-1-1-2/intermediate_files/PHASED.PEPPER_MARGIN.haplotagged.bam with NativeSamReader
I0828 04:33:58.378474 47201032828736 make_examples_core.py:239] Task 6/20: Common contigs are ['chr1', 'chr2', 'chr3', 'chr4', 'chr5', 'chr6', 'chr7', 'chr8', 'chr9', 'chr10', 'chr11', 'chr12', 'chr13', 'chr14', 'chr15', 'chr16', 'chr17', 'chr18', 'chr19', 'chr20', 'chr21', 'chr22', 'chrX', 'chrY', 'chrM']
I0828 04:33:58.495615 47517871773504 make_examples_core.py:239] Task 10/20: Common contigs are ['chr1', 'chr2', 'chr3', 'chr4', 'chr5', 'chr6', 'chr7', 'chr8', 'chr9', 'chr10', 'chr11', 'chr12', 'chr13', 'chr14', 'chr15', 'chr16', 'chr17', 'chr18', 'chr19', 'chr20', 'chr21', 'chr22', 'chrX', 'chrY', 'chrM']
I0828 04:33:58.319708 47950830466880 make_examples_core.py:239] Task 5/20: Preparing inputs
I0828 04:33:58.342168 47950830466880 genomics_reader.py:222] Reading /shared/home/sorozcoarias/coffea_genomes/Simon/Luis/variant-calling/vcf-1-1-2/intermediate_files/PHASED.PEPPER_MARGIN.haplotagged.bam with NativeSamReader
I0828 04:33:58.300712 47620754798400 genomics_reader.py:222] Reading /shared/home/sorozcoarias/coffea_genomes/Simon/Luis/variant-calling/vcf-1-1-2/intermediate_files/PHASED.PEPPER_MARGIN.haplotagged.bam with NativeSamReader
I0828 04:33:58.745828 47854131132224 make_examples_core.py:239] Task 16/20: Common contigs are ['chr1', 'chr2', 'chr3', 'chr4', 'chr5', 'chr6', 'chr7', 'chr8', 'chr9', 'chr10', 'chr11', 'chr12', 'chr13', 'chr14', 'chr15', 'chr16', 'chr17', 'chr18', 'chr19', 'chr20', 'chr21', 'chr22', 'chrX', 'chrY', 'chrM']
I0828 04:33:58.654206 47574455433024 make_examples_core.py:239] Task 13/20: Common contigs are ['chr1', 'chr2', 'chr3', 'chr4', 'chr5', 'chr6', 'chr7', 'chr8', 'chr9', 'chr10', 'chr11', 'chr12', 'chr13', 'chr14', 'chr15', 'chr16', 'chr17', 'chr18', 'chr19', 'chr20', 'chr21', 'chr22', 'chrX', 'chrY', 'chrM']
I0828 04:33:58.696685 47054068152128 make_examples_core.py:239] Task 18/20: Common contigs are ['chr1', 'chr2', 'chr3', 'chr4', 'chr5', 'chr6', 'chr7', 'chr8', 'chr9', 'chr10', 'chr11', 'chr12', 'chr13', 'chr14', 'chr15', 'chr16', 'chr17', 'chr18', 'chr19', 'chr20', 'chr21', 'chr22', 'chrX', 'chrY', 'chrM']
I0828 04:33:58.638082 47314991085376 make_examples_core.py:239] Task 2/20: Common contigs are ['chr1', 'chr2', 'chr3', 'chr4', 'chr5', 'chr6', 'chr7', 'chr8', 'chr9', 'chr10', 'chr11', 'chr12', 'chr13', 'chr14', 'chr15', 'chr16', 'chr17', 'chr18', 'chr19', 'chr20', 'chr21', 'chr22', 'chrX', 'chrY', 'chrM']
I0828 04:33:58.650371 47147832776512 make_examples_core.py:239] Task 14/20: Common contigs are ['chr1', 'chr2', 'chr3', 'chr4', 'chr5', 'chr6', 'chr7', 'chr8', 'chr9', 'chr10', 'chr11', 'chr12', 'chr13', 'chr14', 'chr15', 'chr16', 'chr17', 'chr18', 'chr19', 'chr20', 'chr21', 'chr22', 'chrX', 'chrY', 'chrM']
I0828 04:33:58.684900 47982046766912 make_examples_core.py:239] Task 17/20: Common contigs are ['chr1', 'chr2', 'chr3', 'chr4', 'chr5', 'chr6', 'chr7', 'chr8', 'chr9', 'chr10', 'chr11', 'chr12', 'chr13', 'chr14', 'chr15', 'chr16', 'chr17', 'chr18', 'chr19', 'chr20', 'chr21', 'chr22', 'chrX', 'chrY', 'chrM']
I0828 04:33:58.561475 47909893683008 make_examples_core.py:239] Task 3/20: Common contigs are ['chr1', 'chr2', 'chr3', 'chr4', 'chr5', 'chr6', 'chr7', 'chr8', 'chr9', 'chr10', 'chr11', 'chr12', 'chr13', 'chr14', 'chr15', 'chr16', 'chr17', 'chr18', 'chr19', 'chr20', 'chr21', 'chr22', 'chrX', 'chrY', 'chrM']
I0828 04:33:58.706208 47856417584960 make_examples_core.py:239] Task 12/20: Common contigs are ['chr1', 'chr2', 'chr3', 'chr4', 'chr5', 'chr6', 'chr7', 'chr8', 'chr9', 'chr10', 'chr11', 'chr12', 'chr13', 'chr14', 'chr15', 'chr16', 'chr17', 'chr18', 'chr19', 'chr20', 'chr21', 'chr22', 'chrX', 'chrY', 'chrM']
I0828 04:33:58.580713 47678368499520 make_examples_core.py:239] Task 19/20: Common contigs are ['chr1', 'chr2', 'chr3', 'chr4', 'chr5', 'chr6', 'chr7', 'chr8', 'chr9', 'chr10', 'chr11', 'chr12', 'chr13', 'chr14', 'chr15', 'chr16', 'chr17', 'chr18', 'chr19', 'chr20', 'chr21', 'chr22', 'chrX', 'chrY', 'chrM']
I0828 04:33:58.685137 47703881578304 make_examples_core.py:239] Task 1/20: Common contigs are ['chr1', 'chr2', 'chr3', 'chr4', 'chr5', 'chr6', 'chr7', 'chr8', 'chr9', 'chr10', 'chr11', 'chr12', 'chr13', 'chr14', 'chr15', 'chr16', 'chr17', 'chr18', 'chr19', 'chr20', 'chr21', 'chr22', 'chrX', 'chrY', 'chrM']
I0828 04:33:58.685149 47934483240768 make_examples_core.py:239] Task 15/20: Common contigs are ['chr1', 'chr2', 'chr3', 'chr4', 'chr5', 'chr6', 'chr7', 'chr8', 'chr9', 'chr10', 'chr11', 'chr12', 'chr13', 'chr14', 'chr15', 'chr16', 'chr17', 'chr18', 'chr19', 'chr20', 'chr21', 'chr22', 'chrX', 'chrY', 'chrM']
I0828 04:33:58.654540 47341372131136 make_examples_core.py:239] Task 4/20: Common contigs are ['chr1', 'chr2', 'chr3', 'chr4', 'chr5', 'chr6', 'chr7', 'chr8', 'chr9', 'chr10', 'chr11', 'chr12', 'chr13', 'chr14', 'chr15', 'chr16', 'chr17', 'chr18', 'chr19', 'chr20', 'chr21', 'chr22', 'chrX', 'chrY', 'chrM']
I0828 04:33:58.698476 47464897066816 make_examples_core.py:239] Task 7/20: Common contigs are ['chr1', 'chr2', 'chr3', 'chr4', 'chr5', 'chr6', 'chr7', 'chr8', 'chr9', 'chr10', 'chr11', 'chr12', 'chr13', 'chr14', 'chr15', 'chr16', 'chr17', 'chr18', 'chr19', 'chr20', 'chr21', 'chr22', 'chrX', 'chrY', 'chrM']
I0828 04:33:58.742520 47620754798400 make_examples_core.py:239] Task 0/20: Common contigs are ['chr1', 'chr2', 'chr3', 'chr4', 'chr5', 'chr6', 'chr7', 'chr8', 'chr9', 'chr10', 'chr11', 'chr12', 'chr13', 'chr14', 'chr15', 'chr16', 'chr17', 'chr18', 'chr19', 'chr20', 'chr21', 'chr22', 'chrX', 'chrY', 'chrM']
I0828 04:33:58.779483 47961482004288 make_examples_core.py:239] Task 8/20: Common contigs are ['chr1', 'chr2', 'chr3', 'chr4', 'chr5', 'chr6', 'chr7', 'chr8', 'chr9', 'chr10', 'chr11', 'chr12', 'chr13', 'chr14', 'chr15', 'chr16', 'chr17', 'chr18', 'chr19', 'chr20', 'chr21', 'chr22', 'chrX', 'chrY', 'chrM']
I0828 04:33:58.779544 47686654068544 make_examples_core.py:239] Task 9/20: Common contigs are ['chr1', 'chr2', 'chr3', 'chr4', 'chr5', 'chr6', 'chr7', 'chr8', 'chr9', 'chr10', 'chr11', 'chr12', 'chr13', 'chr14', 'chr15', 'chr16', 'chr17', 'chr18', 'chr19', 'chr20', 'chr21', 'chr22', 'chrX', 'chrY', 'chrM']
I0828 04:33:58.819376 47950830466880 make_examples_core.py:239] Task 5/20: Common contigs are ['chr1', 'chr2', 'chr3', 'chr4', 'chr5', 'chr6', 'chr7', 'chr8', 'chr9', 'chr10', 'chr11', 'chr12', 'chr13', 'chr14', 'chr15', 'chr16', 'chr17', 'chr18', 'chr19', 'chr20', 'chr21', 'chr22', 'chrX', 'chrY', 'chrM']
I0828 04:33:58.775968 47460471809856 make_examples_core.py:239] Task 11/20: Common contigs are ['chr1', 'chr2', 'chr3', 'chr4', 'chr5', 'chr6', 'chr7', 'chr8', 'chr9', 'chr10', 'chr11', 'chr12', 'chr13', 'chr14', 'chr15', 'chr16', 'chr17', 'chr18', 'chr19', 'chr20', 'chr21', 'chr22', 'chrX', 'chrY', 'chrM']
I0828 04:33:59.185312 47201032828736 make_examples_core.py:239] Task 6/20: Reading VCF to skip processing some regions without variants in the --proposed_variants VCF.
I0828 04:33:59.206475 47201032828736 genomics_reader.py:222] Reading /shared/home/sorozcoarias/coffea_genomes/Simon/Luis/variant-calling/vcf-1-1-2/intermediate_files/PEPPER_VARIANT_OUTPUT_VARIANT_CALLING_SNPs.vcf.gz with NativeVcfReader
I0828 04:33:59.625466 47854131132224 make_examples_core.py:239] Task 16/20: Reading VCF to skip processing some regions without variants in the --proposed_variants VCF.
I0828 04:33:59.641679 47854131132224 genomics_reader.py:222] Reading /shared/home/sorozcoarias/coffea_genomes/Simon/Luis/variant-calling/vcf-1-1-2/intermediate_files/PEPPER_VARIANT_OUTPUT_VARIANT_CALLING_SNPs.vcf.gz with NativeVcfReader
I0828 04:33:59.489095 47574455433024 make_examples_core.py:239] Task 13/20: Reading VCF to skip processing some regions without variants in the --proposed_variants VCF.
I0828 04:33:59.506071 47574455433024 genomics_reader.py:222] Reading /shared/home/sorozcoarias/coffea_genomes/Simon/Luis/variant-calling/vcf-1-1-2/intermediate_files/PEPPER_VARIANT_OUTPUT_VARIANT_CALLING_SNPs.vcf.gz with NativeVcfReader
I0828 04:33:59.699014 47201032828736 make_examples_core.py:239] Task 6/20: Filtering regions took 0.513 seconds and reduced the number of regions to process from 15442 to 116 regions containing variants from the supplied VCF of proposed variants.
I0828 04:33:59.441756 47054068152128 make_examples_core.py:239] Task 18/20: Reading VCF to skip processing some regions without variants in the --proposed_variants VCF.
I0828 04:33:59.460733 47054068152128 genomics_reader.py:222] Reading /shared/home/sorozcoarias/coffea_genomes/Simon/Luis/variant-calling/vcf-1-1-2/intermediate_files/PEPPER_VARIANT_OUTPUT_VARIANT_CALLING_SNPs.vcf.gz with NativeVcfReader
I0828 04:33:59.390393 47314991085376 make_examples_core.py:239] Task 2/20: Reading VCF to skip processing some regions without variants in the --proposed_variants VCF.
I0828 04:33:59.407328 47314991085376 genomics_reader.py:222] Reading /shared/home/sorozcoarias/coffea_genomes/Simon/Luis/variant-calling/vcf-1-1-2/intermediate_files/PEPPER_VARIANT_OUTPUT_VARIANT_CALLING_SNPs.vcf.gz with NativeVcfReader
I0828 04:33:59.502503 47147832776512 make_examples_core.py:239] Task 14/20: Reading VCF to skip processing some regions without variants in the --proposed_variants VCF.
I0828 04:33:59.524592 47147832776512 genomics_reader.py:222] Reading /shared/home/sorozcoarias/coffea_genomes/Simon/Luis/variant-calling/vcf-1-1-2/intermediate_files/PEPPER_VARIANT_OUTPUT_VARIANT_CALLING_SNPs.vcf.gz with NativeVcfReader
I0828 04:33:59.534451 47982046766912 make_examples_core.py:239] Task 17/20: Reading VCF to skip processing some regions without variants in the --proposed_variants VCF.
I0828 04:33:59.553663 47982046766912 genomics_reader.py:222] Reading /shared/home/sorozcoarias/coffea_genomes/Simon/Luis/variant-calling/vcf-1-1-2/intermediate_files/PEPPER_VARIANT_OUTPUT_VARIANT_CALLING_SNPs.vcf.gz with NativeVcfReader
I0828 04:33:59.446423 47517871773504 make_examples_core.py:239] Task 10/20: Reading VCF to skip processing some regions without variants in the --proposed_variants VCF.
I0828 04:33:59.463093 47517871773504 genomics_reader.py:222] Reading /shared/home/sorozcoarias/coffea_genomes/Simon/Luis/variant-calling/vcf-1-1-2/intermediate_files/PEPPER_VARIANT_OUTPUT_VARIANT_CALLING_SNPs.vcf.gz with NativeVcfReader
I0828 04:33:59.485114 47909893683008 make_examples_core.py:239] Task 3/20: Reading VCF to skip processing some regions without variants in the --proposed_variants VCF.
I0828 04:33:59.503933 47909893683008 genomics_reader.py:222] Reading /shared/home/sorozcoarias/coffea_genomes/Simon/Luis/variant-calling/vcf-1-1-2/intermediate_files/PEPPER_VARIANT_OUTPUT_VARIANT_CALLING_SNPs.vcf.gz with NativeVcfReader
I0828 04:33:59.654264 47856417584960 make_examples_core.py:239] Task 12/20: Reading VCF to skip processing some regions without variants in the --proposed_variants VCF.
I0828 04:33:59.672732 47856417584960 genomics_reader.py:222] Reading /shared/home/sorozcoarias/coffea_genomes/Simon/Luis/variant-calling/vcf-1-1-2/intermediate_files/PEPPER_VARIANT_OUTPUT_VARIANT_CALLING_SNPs.vcf.gz with NativeVcfReader
I0828 04:33:59.391045 47678368499520 make_examples_core.py:239] Task 19/20: Reading VCF to skip processing some regions without variants in the --proposed_variants VCF.
I0828 04:33:59.408296 47678368499520 genomics_reader.py:222] Reading /shared/home/sorozcoarias/coffea_genomes/Simon/Luis/variant-calling/vcf-1-1-2/intermediate_files/PEPPER_VARIANT_OUTPUT_VARIANT_CALLING_SNPs.vcf.gz with NativeVcfReader
I0828 04:33:59.521111 47703881578304 make_examples_core.py:239] Task 1/20: Reading VCF to skip processing some regions without variants in the --proposed_variants VCF.
I0828 04:33:59.538513 47703881578304 genomics_reader.py:222] Reading /shared/home/sorozcoarias/coffea_genomes/Simon/Luis/variant-calling/vcf-1-1-2/intermediate_files/PEPPER_VARIANT_OUTPUT_VARIANT_CALLING_SNPs.vcf.gz with NativeVcfReader
I0828 04:33:59.545226 47934483240768 make_examples_core.py:239] Task 15/20: Reading VCF to skip processing some regions without variants in the --proposed_variants VCF.
I0828 04:33:59.559330 47934483240768 genomics_reader.py:222] Reading /shared/home/sorozcoarias/coffea_genomes/Simon/Luis/variant-calling/vcf-1-1-2/intermediate_files/PEPPER_VARIANT_OUTPUT_VARIANT_CALLING_SNPs.vcf.gz with NativeVcfReader
I0828 04:33:59.617056 47341372131136 make_examples_core.py:239] Task 4/20: Reading VCF to skip processing some regions without variants in the --proposed_variants VCF.
I0828 04:33:59.635656 47341372131136 genomics_reader.py:222] Reading /shared/home/sorozcoarias/coffea_genomes/Simon/Luis/variant-calling/vcf-1-1-2/intermediate_files/PEPPER_VARIANT_OUTPUT_VARIANT_CALLING_SNPs.vcf.gz with NativeVcfReader
I0828 04:33:59.651569 47464897066816 make_examples_core.py:239] Task 7/20: Reading VCF to skip processing some regions without variants in the --proposed_variants VCF.
I0828 04:33:59.669853 47464897066816 genomics_reader.py:222] Reading /shared/home/sorozcoarias/coffea_genomes/Simon/Luis/variant-calling/vcf-1-1-2/intermediate_files/PEPPER_VARIANT_OUTPUT_VARIANT_CALLING_SNPs.vcf.gz with NativeVcfReader
I0828 04:33:59.581785 47620754798400 make_examples_core.py:239] Task 0/20: Reading VCF to skip processing some regions without variants in the --proposed_variants VCF.
I0828 04:33:59.595309 47620754798400 genomics_reader.py:222] Reading /shared/home/sorozcoarias/coffea_genomes/Simon/Luis/variant-calling/vcf-1-1-2/intermediate_files/PEPPER_VARIANT_OUTPUT_VARIANT_CALLING_SNPs.vcf.gz with NativeVcfReader
I0828 04:33:59.742531 47961482004288 make_examples_core.py:239] Task 8/20: Reading VCF to skip processing some regions without variants in the --proposed_variants VCF.
I0828 04:33:59.763013 47961482004288 genomics_reader.py:222] Reading /shared/home/sorozcoarias/coffea_genomes/Simon/Luis/variant-calling/vcf-1-1-2/intermediate_files/PEPPER_VARIANT_OUTPUT_VARIANT_CALLING_SNPs.vcf.gz with NativeVcfReader
I0828 04:34:00.051314 47574455433024 make_examples_core.py:239] Task 13/20: Filtering regions took 0.562 seconds and reduced the number of regions to process from 15442 to 95 regions containing variants from the supplied VCF of proposed variants.
I0828 04:34:00.065734 47574455433024 make_examples_core.py:239] Task 13/20: Starting from v0.9.0, --use_ref_for_cram is default to true. If you are using CRAM input, note that we will decode CRAM using the reference you passed in with --ref
2023-08-28 04:34:00.066249: I third_party/nucleus/io/sam_reader.cc:736] Setting HTS_OPT_BLOCK_SIZE to 134217728
I0828 04:33:59.714487 47201032828736 make_examples_core.py:239] Task 6/20: Starting from v0.9.0, --use_ref_for_cram is default to true. If you are using CRAM input, note that we will decode CRAM using the reference you passed in with --ref
2023-08-28 04:33:59.716261: I third_party/nucleus/io/sam_reader.cc:736] Setting HTS_OPT_BLOCK_SIZE to 134217728
I0828 04:33:59.744812 47201032828736 genomics_reader.py:222] Reading /shared/home/sorozcoarias/coffea_genomes/Simon/Luis/variant-calling/vcf-1-1-2/intermediate_files/PHASED.PEPPER_MARGIN.haplotagged.bam with NativeSamReader
I0828 04:33:59.866317 47201032828736 make_examples_core.py:239] Task 6/20: Writing examples to /shared/home/sorozcoarias/coffea_genomes/Simon/Luis/variant-calling/vcf-1-1-2/dv_intermediate_outputs/make_examples.tfrecord-00006-of-00020.gz
I0828 04:33:59.866491 47201032828736 make_examples_core.py:239] Task 6/20: Overhead for preparing inputs: 2 seconds
I0828 04:33:59.929166 47201032828736 make_examples_core.py:239] Task 6/20: 7 candidates (7 examples) [0.06s elapsed]
I0828 04:33:59.980513 47054068152128 make_examples_core.py:239] Task 18/20: Filtering regions took 0.539 seconds and reduced the number of regions to process from 15442 to 108 regions containing variants from the supplied VCF of proposed variants.
I0828 04:33:59.997069 47054068152128 make_examples_core.py:239] Task 18/20: Starting from v0.9.0, --use_ref_for_cram is default to true. If you are using CRAM input, note that we will decode CRAM using the reference you passed in with --ref
2023-08-28 04:33:59.997377: I third_party/nucleus/io/sam_reader.cc:736] Setting HTS_OPT_BLOCK_SIZE to 134217728
I0828 04:34:00.024886 47054068152128 genomics_reader.py:222] Reading /shared/home/sorozcoarias/coffea_genomes/Simon/Luis/variant-calling/vcf-1-1-2/intermediate_files/PHASED.PEPPER_MARGIN.haplotagged.bam with NativeSamReader
I0828 04:33:59.825927 47314991085376 make_examples_core.py:239] Task 2/20: Filtering regions took 0.435 seconds and reduced the number of regions to process from 15442 to 94 regions containing variants from the supplied VCF of proposed variants.
I0828 04:33:59.840725 47314991085376 make_examples_core.py:239] Task 2/20: Starting from v0.9.0, --use_ref_for_cram is default to true. If you are using CRAM input, note that we will decode CRAM using the reference you passed in with --ref
2023-08-28 04:33:59.841164: I third_party/nucleus/io/sam_reader.cc:736] Setting HTS_OPT_BLOCK_SIZE to 134217728
I0828 04:33:59.872677 47314991085376 genomics_reader.py:222] Reading /shared/home/sorozcoarias/coffea_genomes/Simon/Luis/variant-calling/vcf-1-1-2/intermediate_files/PHASED.PEPPER_MARGIN.haplotagged.bam with NativeSamReader
I0828 04:34:00.020532 47314991085376 make_examples_core.py:239] Task 2/20: Writing examples to /shared/home/sorozcoarias/coffea_genomes/Simon/Luis/variant-calling/vcf-1-1-2/dv_intermediate_outputs/make_examples.tfrecord-00002-of-00020.gz
I0828 04:34:00.020715 47314991085376 make_examples_core.py:239] Task 2/20: Overhead for preparing inputs: 1 seconds
I0828 04:34:00.054094 47314991085376 make_examples_core.py:239] Task 2/20: 1 candidates (1 examples) [0.03s elapsed]
I0828 04:33:59.752340 47686654068544 make_examples_core.py:239] Task 9/20: Reading VCF to skip processing some regions without variants in the --proposed_variants VCF.
I0828 04:33:59.770287 47686654068544 genomics_reader.py:222] Reading /shared/home/sorozcoarias/coffea_genomes/Simon/Luis/variant-calling/vcf-1-1-2/intermediate_files/PEPPER_VARIANT_OUTPUT_VARIANT_CALLING_SNPs.vcf.gz with NativeVcfReader
I0828 04:33:59.921953 47517871773504 make_examples_core.py:239] Task 10/20: Filtering regions took 0.475 seconds and reduced the number of regions to process from 15442 to 94 regions containing variants from the supplied VCF of proposed variants.
I0828 04:33:59.937383 47517871773504 make_examples_core.py:239] Task 10/20: Starting from v0.9.0, --use_ref_for_cram is default to true. If you are using CRAM input, note that we will decode CRAM using the reference you passed in with --ref
2023-08-28 04:33:59.937713: I third_party/nucleus/io/sam_reader.cc:736] Setting HTS_OPT_BLOCK_SIZE to 134217728
I0828 04:33:59.967814 47517871773504 genomics_reader.py:222] Reading /shared/home/sorozcoarias/coffea_genomes/Simon/Luis/variant-calling/vcf-1-1-2/intermediate_files/PHASED.PEPPER_MARGIN.haplotagged.bam with NativeSamReader
I0828 04:34:00.063640 47909893683008 make_examples_core.py:239] Task 3/20: Filtering regions took 0.578 seconds and reduced the number of regions to process from 15442 to 98 regions containing variants from the supplied VCF of proposed variants.
I0828 04:34:00.079245 47909893683008 make_examples_core.py:239] Task 3/20: Starting from v0.9.0, --use_ref_for_cram is default to true. If you are using CRAM input, note that we will decode CRAM using the reference you passed in with --ref
2023-08-28 04:34:00.079541: I third_party/nucleus/io/sam_reader.cc:736] Setting HTS_OPT_BLOCK_SIZE to 134217728
I0828 04:33:59.788896 47950830466880 make_examples_core.py:239] Task 5/20: Reading VCF to skip processing some regions without variants in the --proposed_variants VCF.
I0828 04:33:59.807182 47950830466880 genomics_reader.py:222] Reading /shared/home/sorozcoarias/coffea_genomes/Simon/Luis/variant-calling/vcf-1-1-2/intermediate_files/PEPPER_VARIANT_OUTPUT_VARIANT_CALLING_SNPs.vcf.gz with NativeVcfReader
I0828 04:33:59.945883 47678368499520 make_examples_core.py:239] Task 19/20: Filtering regions took 0.555 seconds and reduced the number of regions to process from 15441 to 101 regions containing variants from the supplied VCF of proposed variants.
I0828 04:33:59.963779 47678368499520 make_examples_core.py:239] Task 19/20: Starting from v0.9.0, --use_ref_for_cram is default to true. If you are using CRAM input, note that we will decode CRAM using the reference you passed in with --ref
2023-08-28 04:33:59.964245: I third_party/nucleus/io/sam_reader.cc:736] Setting HTS_OPT_BLOCK_SIZE to 134217728
I0828 04:33:59.992821 47678368499520 genomics_reader.py:222] Reading /shared/home/sorozcoarias/coffea_genomes/Simon/Luis/variant-calling/vcf-1-1-2/intermediate_files/PHASED.PEPPER_MARGIN.haplotagged.bam with NativeSamReader
I0828 04:34:00.042480 47703881578304 make_examples_core.py:239] Task 1/20: Filtering regions took 0.521 seconds and reduced the number of regions to process from 15442 to 98 regions containing variants from the supplied VCF of proposed variants.
I0828 04:34:00.052664 47703881578304 make_examples_core.py:239] Task 1/20: Starting from v0.9.0, --use_ref_for_cram is default to true. If you are using CRAM input, note that we will decode CRAM using the reference you passed in with --ref
2023-08-28 04:34:00.052932: I third_party/nucleus/io/sam_reader.cc:736] Setting HTS_OPT_BLOCK_SIZE to 134217728
I0828 04:34:00.082898 47703881578304 genomics_reader.py:222] Reading /shared/home/sorozcoarias/coffea_genomes/Simon/Luis/variant-calling/vcf-1-1-2/intermediate_files/PHASED.PEPPER_MARGIN.haplotagged.bam with NativeSamReader
I0828 04:33:59.750342 47460471809856 make_examples_core.py:239] Task 11/20: Reading VCF to skip processing some regions without variants in the --proposed_variants VCF.
I0828 04:33:59.768620 47460471809856 genomics_reader.py:222] Reading /shared/home/sorozcoarias/coffea_genomes/Simon/Luis/variant-calling/vcf-1-1-2/intermediate_files/PEPPER_VARIANT_OUTPUT_VARIANT_CALLING_SNPs.vcf.gz with NativeVcfReader
I0828 04:34:00.384270 47961482004288 make_examples_core.py:239] Task 8/20: Filtering regions took 0.641 seconds and reduced the number of regions to process from 15442 to 98 regions containing variants from the supplied VCF of proposed variants.
I0828 04:34:00.399633 47961482004288 make_examples_core.py:239] Task 8/20: Starting from v0.9.0, --use_ref_for_cram is default to true. If you are using CRAM input, note that we will decode CRAM using the reference you passed in with --ref
2023-08-28 04:34:00.400257: I third_party/nucleus/io/sam_reader.cc:736] Setting HTS_OPT_BLOCK_SIZE to 134217728
I0828 04:34:00.432165 47961482004288 genomics_reader.py:222] Reading /shared/home/sorozcoarias/coffea_genomes/Simon/Luis/variant-calling/vcf-1-1-2/intermediate_files/PHASED.PEPPER_MARGIN.haplotagged.bam with NativeSamReader
I0828 04:34:00.164858 47854131132224 make_examples_core.py:239] Task 16/20: Filtering regions took 0.539 seconds and reduced the number of regions to process from 15442 to 101 regions containing variants from the supplied VCF of proposed variants.
I0828 04:34:00.181221 47854131132224 make_examples_core.py:239] Task 16/20: Starting from v0.9.0, --use_ref_for_cram is default to true. If you are using CRAM input, note that we will decode CRAM using the reference you passed in with --ref
2023-08-28 04:34:00.181560: I third_party/nucleus/io/sam_reader.cc:736] Setting HTS_OPT_BLOCK_SIZE to 134217728
I0828 04:34:00.211363 47854131132224 genomics_reader.py:222] Reading /shared/home/sorozcoarias/coffea_genomes/Simon/Luis/variant-calling/vcf-1-1-2/intermediate_files/PHASED.PEPPER_MARGIN.haplotagged.bam with NativeSamReader
I0828 04:34:00.322166 47854131132224 make_examples_core.py:239] Task 16/20: Writing examples to /shared/home/sorozcoarias/coffea_genomes/Simon/Luis/variant-calling/vcf-1-1-2/dv_intermediate_outputs/make_examples.tfrecord-00016-of-00020.gz
I0828 04:34:00.322329 47854131132224 make_examples_core.py:239] Task 16/20: Overhead for preparing inputs: 2 seconds
I0828 04:34:00.338417 47854131132224 make_examples_core.py:239] Task 16/20: 1 candidates (1 examples) [0.02s elapsed]
I0828 04:34:00.096196 47574455433024 genomics_reader.py:222] Reading /shared/home/sorozcoarias/coffea_genomes/Simon/Luis/variant-calling/vcf-1-1-2/intermediate_files/PHASED.PEPPER_MARGIN.haplotagged.bam with NativeSamReader
I0828 04:34:00.222712 47574455433024 make_examples_core.py:239] Task 13/20: Writing examples to /shared/home/sorozcoarias/coffea_genomes/Simon/Luis/variant-calling/vcf-1-1-2/dv_intermediate_outputs/make_examples.tfrecord-00013-of-00020.gz
I0828 04:34:00.222867 47574455433024 make_examples_core.py:239] Task 13/20: Overhead for preparing inputs: 2 seconds
I0828 04:34:00.293840 47574455433024 make_examples_core.py:239] Task 13/20: 15 candidates (15 examples) [0.07s elapsed]
I0828 04:34:00.136376 47054068152128 make_examples_core.py:239] Task 18/20: Writing examples to /shared/home/sorozcoarias/coffea_genomes/Simon/Luis/variant-calling/vcf-1-1-2/dv_intermediate_outputs/make_examples.tfrecord-00018-of-00020.gz
I0828 04:34:00.136561 47054068152128 make_examples_core.py:239] Task 18/20: Overhead for preparing inputs: 1 seconds
I0828 04:34:00.172633 47054068152128 make_examples_core.py:239] Task 18/20: 7 candidates (7 examples) [0.04s elapsed]
I0828 04:34:00.100189 47147832776512 make_examples_core.py:239] Task 14/20: Filtering regions took 0.597 seconds and reduced the number of regions to process from 15442 to 108 regions containing variants from the supplied VCF of proposed variants.
I0828 04:34:00.108803 47147832776512 make_examples_core.py:239] Task 14/20: Starting from v0.9.0, --use_ref_for_cram is default to true. If you are using CRAM input, note that we will decode CRAM using the reference you passed in with --ref
2023-08-28 04:34:00.109061: I third_party/nucleus/io/sam_reader.cc:736] Setting HTS_OPT_BLOCK_SIZE to 134217728
I0828 04:34:00.134696 47147832776512 genomics_reader.py:222] Reading /shared/home/sorozcoarias/coffea_genomes/Simon/Luis/variant-calling/vcf-1-1-2/intermediate_files/PHASED.PEPPER_MARGIN.haplotagged.bam with NativeSamReader
I0828 04:34:00.256782 47147832776512 make_examples_core.py:239] Task 14/20: Writing examples to /shared/home/sorozcoarias/coffea_genomes/Simon/Luis/variant-calling/vcf-1-1-2/dv_intermediate_outputs/make_examples.tfrecord-00014-of-00020.gz
I0828 04:34:00.256937 47147832776512 make_examples_core.py:239] Task 14/20: Overhead for preparing inputs: 2 seconds
I0828 04:34:00.315048 47147832776512 make_examples_core.py:239] Task 14/20: 11 candidates (11 examples) [0.06s elapsed]
I0828 04:34:00.157308 47982046766912 make_examples_core.py:239] Task 17/20: Filtering regions took 0.623 seconds and reduced the number of regions to process from 15442 to 99 regions containing variants from the supplied VCF of proposed variants.
I0828 04:34:00.172272 47982046766912 make_examples_core.py:239] Task 17/20: Starting from v0.9.0, --use_ref_for_cram is default to true. If you are using CRAM input, note that we will decode CRAM using the reference you passed in with --ref
2023-08-28 04:34:00.172580: I third_party/nucleus/io/sam_reader.cc:736] Setting HTS_OPT_BLOCK_SIZE to 134217728
I0828 04:34:00.202255 47982046766912 genomics_reader.py:222] Reading /shared/home/sorozcoarias/coffea_genomes/Simon/Luis/variant-calling/vcf-1-1-2/intermediate_files/PHASED.PEPPER_MARGIN.haplotagged.bam with NativeSamReader
I0828 04:34:00.314813 47982046766912 make_examples_core.py:239] Task 17/20: Writing examples to /shared/home/sorozcoarias/coffea_genomes/Simon/Luis/variant-calling/vcf-1-1-2/dv_intermediate_outputs/make_examples.tfrecord-00017-of-00020.gz
I0828 04:34:00.314989 47982046766912 make_examples_core.py:239] Task 17/20: Overhead for preparing inputs: 2 seconds
I0828 04:34:00.332575 47982046766912 make_examples_core.py:239] Task 17/20: 1 candidates (1 examples) [0.02s elapsed]
I0828 04:34:00.366298 47686654068544 make_examples_core.py:239] Task 9/20: Filtering regions took 0.614 seconds and reduced the number of regions to process from 15442 to 96 regions containing variants from the supplied VCF of proposed variants.
I0828 04:34:00.382755 47686654068544 make_examples_core.py:239] Task 9/20: Starting from v0.9.0, --use_ref_for_cram is default to true. If you are using CRAM input, note that we will decode CRAM using the reference you passed in with --ref
2023-08-28 04:34:00.383236: I third_party/nucleus/io/sam_reader.cc:736] Setting HTS_OPT_BLOCK_SIZE to 134217728
I0828 04:34:00.416567 47686654068544 genomics_reader.py:222] Reading /shared/home/sorozcoarias/coffea_genomes/Simon/Luis/variant-calling/vcf-1-1-2/intermediate_files/PHASED.PEPPER_MARGIN.haplotagged.bam with NativeSamReader
I0828 04:34:00.085671 47517871773504 make_examples_core.py:239] Task 10/20: Writing examples to /shared/home/sorozcoarias/coffea_genomes/Simon/Luis/variant-calling/vcf-1-1-2/dv_intermediate_outputs/make_examples.tfrecord-00010-of-00020.gz
I0828 04:34:00.085824 47517871773504 make_examples_core.py:239] Task 10/20: Overhead for preparing inputs: 1 seconds
I0828 04:34:00.102610 47517871773504 make_examples_core.py:239] Task 10/20: 1 candidates (1 examples) [0.02s elapsed]
I0828 04:34:00.110090 47909893683008 genomics_reader.py:222] Reading /shared/home/sorozcoarias/coffea_genomes/Simon/Luis/variant-calling/vcf-1-1-2/intermediate_files/PHASED.PEPPER_MARGIN.haplotagged.bam with NativeSamReader
I0828 04:34:00.263329 47909893683008 make_examples_core.py:239] Task 3/20: Writing examples to /shared/home/sorozcoarias/coffea_genomes/Simon/Luis/variant-calling/vcf-1-1-2/dv_intermediate_outputs/make_examples.tfrecord-00003-of-00020.gz
I0828 04:34:00.263469 47909893683008 make_examples_core.py:239] Task 3/20: Overhead for preparing inputs: 2 seconds
I0828 04:34:00.323005 47909893683008 make_examples_core.py:239] Task 3/20: 5 candidates (5 examples) [0.06s elapsed]
I0828 04:34:00.276999 47856417584960 make_examples_core.py:239] Task 12/20: Filtering regions took 0.622 seconds and reduced the number of regions to process from 15442 to 103 regions containing variants from the supplied VCF of proposed variants.
I0828 04:34:00.291409 47856417584960 make_examples_core.py:239] Task 12/20: Starting from v0.9.0, --use_ref_for_cram is default to true. If you are using CRAM input, note that we will decode CRAM using the reference you passed in with --ref
2023-08-28 04:34:00.291919: I third_party/nucleus/io/sam_reader.cc:736] Setting HTS_OPT_BLOCK_SIZE to 134217728
I0828 04:34:00.322741 47856417584960 genomics_reader.py:222] Reading /shared/home/sorozcoarias/coffea_genomes/Simon/Luis/variant-calling/vcf-1-1-2/intermediate_files/PHASED.PEPPER_MARGIN.haplotagged.bam with NativeSamReader
I0828 04:34:00.445794 47856417584960 make_examples_core.py:239] Task 12/20: Writing examples to /shared/home/sorozcoarias/coffea_genomes/Simon/Luis/variant-calling/vcf-1-1-2/dv_intermediate_outputs/make_examples.tfrecord-00012-of-00020.gz
I0828 04:34:00.445935 47856417584960 make_examples_core.py:239] Task 12/20: Overhead for preparing inputs: 2 seconds
I0828 04:34:00.395584 47950830466880 make_examples_core.py:239] Task 5/20: Filtering regions took 0.606 seconds and reduced the number of regions to process from 15442 to 108 regions containing variants from the supplied VCF of proposed variants.
I0828 04:34:00.411737 47950830466880 make_examples_core.py:239] Task 5/20: Starting from v0.9.0, --use_ref_for_cram is default to true. If you are using CRAM input, note that we will decode CRAM using the reference you passed in with --ref
2023-08-28 04:34:00.412190: I third_party/nucleus/io/sam_reader.cc:736] Setting HTS_OPT_BLOCK_SIZE to 134217728
I0828 04:34:00.443114 47950830466880 genomics_reader.py:222] Reading /shared/home/sorozcoarias/coffea_genomes/Simon/Luis/variant-calling/vcf-1-1-2/intermediate_files/PHASED.PEPPER_MARGIN.haplotagged.bam with NativeSamReader
I0828 04:34:00.116977 47678368499520 make_examples_core.py:239] Task 19/20: Writing examples to /shared/home/sorozcoarias/coffea_genomes/Simon/Luis/variant-calling/vcf-1-1-2/dv_intermediate_outputs/make_examples.tfrecord-00019-of-00020.gz
I0828 04:34:00.117165 47678368499520 make_examples_core.py:239] Task 19/20: Overhead for preparing inputs: 1 seconds
I0828 04:34:00.140921 47678368499520 make_examples_core.py:239] Task 19/20: 3 candidates (3 examples) [0.02s elapsed]
I0828 04:34:00.185570 47703881578304 make_examples_core.py:239] Task 1/20: Writing examples to /shared/home/sorozcoarias/coffea_genomes/Simon/Luis/variant-calling/vcf-1-1-2/dv_intermediate_outputs/make_examples.tfrecord-00001-of-00020.gz
I0828 04:34:00.185777 47703881578304 make_examples_core.py:239] Task 1/20: Overhead for preparing inputs: 1 seconds
I0828 04:34:00.227774 47703881578304 make_examples_core.py:239] Task 1/20: 1 candidates (1 examples) [0.04s elapsed]
I0828 04:34:00.113492 47934483240768 make_examples_core.py:239] Task 15/20: Filtering regions took 0.568 seconds and reduced the number of regions to process from 15442 to 105 regions containing variants from the supplied VCF of proposed variants.
I0828 04:34:00.122172 47934483240768 make_examples_core.py:239] Task 15/20: Starting from v0.9.0, --use_ref_for_cram is default to true. If you are using CRAM input, note that we will decode CRAM using the reference you passed in with --ref
2023-08-28 04:34:00.122567: I third_party/nucleus/io/sam_reader.cc:736] Setting HTS_OPT_BLOCK_SIZE to 134217728
I0828 04:34:00.147560 47934483240768 genomics_reader.py:222] Reading /shared/home/sorozcoarias/coffea_genomes/Simon/Luis/variant-calling/vcf-1-1-2/intermediate_files/PHASED.PEPPER_MARGIN.haplotagged.bam with NativeSamReader
I0828 04:34:00.264674 47934483240768 make_examples_core.py:239] Task 15/20: Writing examples to /shared/home/sorozcoarias/coffea_genomes/Simon/Luis/variant-calling/vcf-1-1-2/dv_intermediate_outputs/make_examples.tfrecord-00015-of-00020.gz
I0828 04:34:00.264826 47934483240768 make_examples_core.py:239] Task 15/20: Overhead for preparing inputs: 2 seconds
I0828 04:34:00.294029 47934483240768 make_examples_core.py:239] Task 15/20: 2 candidates (2 examples) [0.03s elapsed]
I0828 04:34:00.209716 47341372131136 make_examples_core.py:239] Task 4/20: Filtering regions took 0.592 seconds and reduced the number of regions to process from 15442 to 112 regions containing variants from the supplied VCF of proposed variants.
I0828 04:34:00.225242 47341372131136 make_examples_core.py:239] Task 4/20: Starting from v0.9.0, --use_ref_for_cram is default to true. If you are using CRAM input, note that we will decode CRAM using the reference you passed in with --ref
2023-08-28 04:34:00.225588: I third_party/nucleus/io/sam_reader.cc:736] Setting HTS_OPT_BLOCK_SIZE to 134217728
I0828 04:34:00.254988 47341372131136 genomics_reader.py:222] Reading /shared/home/sorozcoarias/coffea_genomes/Simon/Luis/variant-calling/vcf-1-1-2/intermediate_files/PHASED.PEPPER_MARGIN.haplotagged.bam with NativeSamReader
I0828 04:34:00.371956 47341372131136 make_examples_core.py:239] Task 4/20: Writing examples to /shared/home/sorozcoarias/coffea_genomes/Simon/Luis/variant-calling/vcf-1-1-2/dv_intermediate_outputs/make_examples.tfrecord-00004-of-00020.gz
I0828 04:34:00.372096 47341372131136 make_examples_core.py:239] Task 4/20: Overhead for preparing inputs: 2 seconds
I0828 04:34:00.416093 47341372131136 make_examples_core.py:239] Task 4/20: 2 candidates (2 examples) [0.04s elapsed]
I0828 04:34:00.361632 47460471809856 make_examples_core.py:239] Task 11/20: Filtering regions took 0.611 seconds and reduced the number of regions to process from 15442 to 94 regions containing variants from the supplied VCF of proposed variants.
I0828 04:34:00.379150 47460471809856 make_examples_core.py:239] Task 11/20: Starting from v0.9.0, --use_ref_for_cram is default to true. If you are using CRAM input, note that we will decode CRAM using the reference you passed in with --ref
2023-08-28 04:34:00.379517: I third_party/nucleus/io/sam_reader.cc:736] Setting HTS_OPT_BLOCK_SIZE to 134217728
I0828 04:34:00.412178 47460471809856 genomics_reader.py:222] Reading /shared/home/sorozcoarias/coffea_genomes/Simon/Luis/variant-calling/vcf-1-1-2/intermediate_files/PHASED.PEPPER_MARGIN.haplotagged.bam with NativeSamReader
I0828 04:34:00.261406 47464897066816 make_examples_core.py:239] Task 7/20: Filtering regions took 0.609 seconds and reduced the number of regions to process from 15442 to 100 regions containing variants from the supplied VCF of proposed variants.
I0828 04:34:00.275441 47464897066816 make_examples_core.py:239] Task 7/20: Starting from v0.9.0, --use_ref_for_cram is default to true. If you are using CRAM input, note that we will decode CRAM using the reference you passed in with --ref
2023-08-28 04:34:00.275749: I third_party/nucleus/io/sam_reader.cc:736] Setting HTS_OPT_BLOCK_SIZE to 134217728
I0828 04:34:00.306714 47464897066816 genomics_reader.py:222] Reading /shared/home/sorozcoarias/coffea_genomes/Simon/Luis/variant-calling/vcf-1-1-2/intermediate_files/PHASED.PEPPER_MARGIN.haplotagged.bam with NativeSamReader
I0828 04:34:00.425912 47464897066816 make_examples_core.py:239] Task 7/20: Writing examples to /shared/home/sorozcoarias/coffea_genomes/Simon/Luis/variant-calling/vcf-1-1-2/dv_intermediate_outputs/make_examples.tfrecord-00007-of-00020.gz
I0828 04:34:00.426075 47464897066816 make_examples_core.py:239] Task 7/20: Overhead for preparing inputs: 2 seconds
I0828 04:34:00.492002 47464897066816 make_examples_core.py:239] Task 7/20: 6 candidates (6 examples) [0.07s elapsed]
I0828 04:34:00.101991 47620754798400 make_examples_core.py:239] Task 0/20: Filtering regions took 0.52 seconds and reduced the number of regions to process from 15442 to 96 regions containing variants from the supplied VCF of proposed variants.
I0828 04:34:00.115296 47620754798400 make_examples_core.py:239] Task 0/20: Starting from v0.9.0, --use_ref_for_cram is default to true. If you are using CRAM input, note that we will decode CRAM using the reference you passed in with --ref
2023-08-28 04:34:00.115657: I third_party/nucleus/io/sam_reader.cc:736] Setting HTS_OPT_BLOCK_SIZE to 134217728
I0828 04:34:00.146371 47620754798400 genomics_reader.py:222] Reading /shared/home/sorozcoarias/coffea_genomes/Simon/Luis/variant-calling/vcf-1-1-2/intermediate_files/PHASED.PEPPER_MARGIN.haplotagged.bam with NativeSamReader
I0828 04:34:00.229344 47620754798400 make_examples_core.py:239] Task 0/20: Writing examples to /shared/home/sorozcoarias/coffea_genomes/Simon/Luis/variant-calling/vcf-1-1-2/dv_intermediate_outputs/make_examples.tfrecord-00000-of-00020.gz
I0828 04:34:00.229464 47620754798400 make_examples_core.py:239] Task 0/20: Overhead for preparing inputs: 1 seconds
I0828 04:34:00.275339 47620754798400 make_examples_core.py:239] Task 0/20: 5 candidates (5 examples) [0.05s elapsed]
I0828 04:34:00.545380 47961482004288 make_examples_core.py:239] Task 8/20: Writing examples to /shared/home/sorozcoarias/coffea_genomes/Simon/Luis/variant-calling/vcf-1-1-2/dv_intermediate_outputs/make_examples.tfrecord-00008-of-00020.gz
I0828 04:34:00.545547 47961482004288 make_examples_core.py:239] Task 8/20: Overhead for preparing inputs: 2 seconds
I0828 04:34:00.605978 47961482004288 make_examples_core.py:239] Task 8/20: 5 candidates (5 examples) [0.06s elapsed]
I0828 04:34:00.529804 47686654068544 make_examples_core.py:239] Task 9/20: Writing examples to /shared/home/sorozcoarias/coffea_genomes/Simon/Luis/variant-calling/vcf-1-1-2/dv_intermediate_outputs/make_examples.tfrecord-00009-of-00020.gz
I0828 04:34:00.529946 47686654068544 make_examples_core.py:239] Task 9/20: Overhead for preparing inputs: 2 seconds
I0828 04:34:00.598294 47686654068544 make_examples_core.py:239] Task 9/20: 8 candidates (8 examples) [0.07s elapsed]
I0828 04:34:00.532584 47856417584960 make_examples_core.py:239] Task 12/20: 19 candidates (19 examples) [0.09s elapsed]
I0828 04:34:00.563570 47950830466880 make_examples_core.py:239] Task 5/20: Writing examples to /shared/home/sorozcoarias/coffea_genomes/Simon/Luis/variant-calling/vcf-1-1-2/dv_intermediate_outputs/make_examples.tfrecord-00005-of-00020.gz
I0828 04:34:00.563734 47950830466880 make_examples_core.py:239] Task 5/20: Overhead for preparing inputs: 2 seconds
I0828 04:34:00.604530 47950830466880 make_examples_core.py:239] Task 5/20: 5 candidates (5 examples) [0.04s elapsed]
I0828 04:34:00.521870 47460471809856 make_examples_core.py:239] Task 11/20: Writing examples to /shared/home/sorozcoarias/coffea_genomes/Simon/Luis/variant-calling/vcf-1-1-2/dv_intermediate_outputs/make_examples.tfrecord-00011-of-00020.gz
I0828 04:34:00.522050 47460471809856 make_examples_core.py:239] Task 11/20: Overhead for preparing inputs: 2 seconds
I0828 04:34:00.593244 47460471809856 make_examples_core.py:239] Task 11/20: 15 candidates (15 examples) [0.07s elapsed]
I0828 04:34:07.696455 47574455433024 make_examples_core.py:239] Task 13/20: Found 1210 candidate variants
I0828 04:34:07.696696 47574455433024 make_examples_core.py:239] Task 13/20: Created 1210 examples
I0828 04:34:09.054690 47854131132224 make_examples_core.py:239] Task 16/20: Found 1407 candidate variants
I0828 04:34:09.054957 47854131132224 make_examples_core.py:239] Task 16/20: Created 1409 examples
I0828 04:34:08.922151 47147832776512 make_examples_core.py:239] Task 14/20: Found 1423 candidate variants
I0828 04:34:08.922378 47147832776512 make_examples_core.py:239] Task 14/20: Created 1425 examples
I0828 04:34:09.402242 47982046766912 make_examples_core.py:239] Task 17/20: Found 1303 candidate variants
I0828 04:34:09.402469 47982046766912 make_examples_core.py:239] Task 17/20: Created 1305 examples
I0828 04:34:09.475325 47950830466880 make_examples_core.py:239] Task 5/20: Found 1226 candidate variants
I0828 04:34:09.475596 47950830466880 make_examples_core.py:239] Task 5/20: Created 1228 examples
I0828 04:34:09.447844 47934483240768 make_examples_core.py:239] Task 15/20: Found 1576 candidate variants
I0828 04:34:09.448079 47934483240768 make_examples_core.py:239] Task 15/20: Created 1580 examples
I0828 04:34:10.445261 47961482004288 make_examples_core.py:239] Task 8/20: Found 1571 candidate variants
I0828 04:34:10.445541 47961482004288 make_examples_core.py:239] Task 8/20: Created 1573 examples
I0828 04:34:10.456393 47054068152128 make_examples_core.py:239] Task 18/20: Found 1807 candidate variants
I0828 04:34:10.456609 47054068152128 make_examples_core.py:239] Task 18/20: Created 1813 examples
I0828 04:34:10.485786 47341372131136 make_examples_core.py:239] Task 4/20: Found 1276 candidate variants
I0828 04:34:10.486033 47341372131136 make_examples_core.py:239] Task 4/20: Created 1278 examples
I0828 04:34:10.620687 47678368499520 make_examples_core.py:239] Task 19/20: Found 1439 candidate variants
I0828 04:34:10.620908 47678368499520 make_examples_core.py:239] Task 19/20: Created 1449 examples
I0828 04:34:10.852763 47201032828736 make_examples_core.py:239] Task 6/20: Found 1388 candidate variants
I0828 04:34:10.852993 47201032828736 make_examples_core.py:239] Task 6/20: Created 1410 examples
I0828 04:34:10.973889 47620754798400 make_examples_core.py:239] Task 0/20: Found 1583 candidate variants
I0828 04:34:10.974113 47620754798400 make_examples_core.py:239] Task 0/20: Created 1597 examples
I0828 04:34:10.998943 47517871773504 make_examples_core.py:239] Task 10/20: 2046 candidates (2062 examples) [10.90s elapsed]
I0828 04:34:11.001468 47517871773504 make_examples_core.py:239] Task 10/20: Found 2046 candidate variants
I0828 04:34:11.001529 47517871773504 make_examples_core.py:239] Task 10/20: Created 2062 examples
I0828 04:34:11.074454 47856417584960 make_examples_core.py:239] Task 12/20: Found 1807 candidate variants
I0828 04:34:11.074681 47856417584960 make_examples_core.py:239] Task 12/20: Created 1813 examples
I0828 04:34:11.472929 47464897066816 make_examples_core.py:239] Task 7/20: Found 1475 candidate variants
I0828 04:34:11.473188 47464897066816 make_examples_core.py:239] Task 7/20: Created 1489 examples
I0828 04:34:12.269412 47686654068544 make_examples_core.py:239] Task 9/20: 2071 candidates (2105 examples) [11.67s elapsed]
I0828 04:34:12.257380 47460471809856 make_examples_core.py:239] Task 11/20: Found 1844 candidate variants
I0828 04:34:12.257616 47460471809856 make_examples_core.py:239] Task 11/20: Created 1880 examples
I0828 04:34:12.536666 47314991085376 make_examples_core.py:239] Task 2/20: Found 1844 candidate variants
I0828 04:34:12.537006 47314991085376 make_examples_core.py:239] Task 2/20: Created 1854 examples
I0828 04:34:12.589556 47703881578304 make_examples_core.py:239] Task 1/20: Found 1908 candidate variants
I0828 04:34:12.589742 47703881578304 make_examples_core.py:239] Task 1/20: Created 1910 examples
I0828 04:34:12.898365 47686654068544 make_examples_core.py:239] Task 9/20: Found 2208 candidate variants
I0828 04:34:12.898511 47686654068544 make_examples_core.py:239] Task 9/20: Created 2244 examples
I0828 04:34:12.908529 47909893683008 make_examples_core.py:239] Task 3/20: Found 1556 candidate variants
I0828 04:34:12.908740 47909893683008 make_examples_core.py:239] Task 3/20: Created 1564 examples

real	0m18.063s
user	4m42.126s
sys	0m25.517s

***** Running the command:*****
time /opt/deepvariant/bin/call_variants --outfile "/shared/home/sorozcoarias/coffea_genomes/Simon/Luis/variant-calling/vcf-1-1-2/dv_intermediate_outputs/call_variants_output.tfrecord.gz" --examples "/shared/home/sorozcoarias/coffea_genomes/Simon/Luis/variant-calling/vcf-1-1-2/dv_intermediate_outputs/make_examples.tfrecord@20.gz" --checkpoint "/opt/dv_models/ont_deepvariant_vc/dv_ont_r9_guppy5_sup_vc_model_snp" --openvino_model_dir "/shared/home/sorozcoarias/coffea_genomes/Simon/Luis/variant-calling/vcf-1-1-2/dv_intermediate_outputs/"

/shared/software/modules/4.6.1/init/bash: line 37: /usr/bin/tclsh: No such file or directory
/shared/software/modules/4.6.1/init/bash: line 37: /usr/bin/tclsh: No such file or directory
I0828 04:34:14.897779 47767911069504 call_variants.py:336] Shape of input examples: [100, 221, 7]
2023-08-28 04:34:15.274817: I tensorflow/core/platform/cpu_feature_guard.cc:142] This TensorFlow binary is optimized with oneAPI Deep Neural Network Library (oneDNN) to use the following CPU instructions in performance-critical operations:  AVX2 FMA
To enable them in other operations, rebuild TensorFlow with the appropriate compiler flags.
2023-08-28 04:34:15.293357: I tensorflow/core/common_runtime/process_util.cc:146] Creating new thread pool with default inter op setting: 2. Tune using inter_op_parallelism_threads for best performance.
2023-08-28 04:34:15.323234: I tensorflow/core/platform/profile_utils/cpu_utils.cc:114] CPU Frequency: 3194015000 Hz
WARNING:tensorflow:Using temporary folder as model directory: /tmp/tmpygf2b0nd
W0828 04:34:15.378826 47767911069504 estimator.py:1846] Using temporary folder as model directory: /tmp/tmpygf2b0nd
INFO:tensorflow:Using config: {'_model_dir': '/tmp/tmpygf2b0nd', '_tf_random_seed': None, '_save_summary_steps': 100, '_save_checkpoints_steps': None, '_save_checkpoints_secs': 600, '_session_config': , '_keep_checkpoint_max': 100000, '_keep_checkpoint_every_n_hours': 10000, '_log_step_count_steps': 100, '_train_distribute': None, '_device_fn': None, '_protocol': None, '_eval_distribute': None, '_experimental_distribute': None, '_experimental_max_worker_delay_secs': None, '_session_creation_timeout_secs': 7200, '_checkpoint_save_graph_def': True, '_service': None, '_cluster_spec': ClusterSpec({}), '_task_type': 'worker', '_task_id': 0, '_global_id_in_cluster': 0, '_master': '', '_evaluation_master': '', '_is_chief': True, '_num_ps_replicas': 0, '_num_worker_replicas': 1}
I0828 04:34:15.379029 47767911069504 estimator.py:191] Using config: {'_model_dir': '/tmp/tmpygf2b0nd', '_tf_random_seed': None, '_save_summary_steps': 100, '_save_checkpoints_steps': None, '_save_checkpoints_secs': 600, '_session_config': , '_keep_checkpoint_max': 100000, '_keep_checkpoint_every_n_hours': 10000, '_log_step_count_steps': 100, '_train_distribute': None, '_device_fn': None, '_protocol': None, '_eval_distribute': None, '_experimental_distribute': None, '_experimental_max_worker_delay_secs': None, '_session_creation_timeout_secs': 7200, '_checkpoint_save_graph_def': True, '_service': None, '_cluster_spec': ClusterSpec({}), '_task_type': 'worker', '_task_id': 0, '_global_id_in_cluster': 0, '_master': '', '_evaluation_master': '', '_is_chief': True, '_num_ps_replicas': 0, '_num_worker_replicas': 1}
I0828 04:34:15.379167 47767911069504 call_variants.py:426] Writing calls to /shared/home/sorozcoarias/coffea_genomes/Simon/Luis/variant-calling/vcf-1-1-2/dv_intermediate_outputs/call_variants_output.tfrecord.gz
INFO:tensorflow:Calling model_fn.
I0828 04:34:15.577919 47767911069504 estimator.py:1162] Calling model_fn.
